
> eg---tsx@0.0.1 test
> npm run test:js


> eg---tsx@0.0.1 test:js
> node --import tsx --test "test/**/*.test.mjs" "src/**/*.test.mjs"

▶ core/content-filter
  ▶ filterArticles
    ✔ excludes unpublished, draft, and disabled-category entries (1.2423ms)
  ✔ filterArticles (1.8492ms)
  ▶ filterNavbarEntries
    ✔ applies the shared visibility rules before navbar inclusion (0.2444ms)
    ✔ accepts array-based navbar assignments for category-grouped menus (0.1726ms)
  ✔ filterNavbarEntries (0.5693ms)
✔ core/content-filter (2.9064ms)
▶ core/images
  ✔ falls back to process.env in node tests and normalizes legacy data-products paths (79.8516ms)
  ✔ ignores CDN_BASE_URL in development runtime (14.4216ms)
✔ core/images (95.0988ms)
▶ core/seo/indexation-policy
  ✔ returns the indexable robots directives for public HTML pages (45.4996ms)
  ✔ returns noindex directives for blocked HTML pages (20.0762ms)
  ✔ adds X-Robots-Tag while preserving existing headers (32.5153ms)
  ✔ builds robots.txt body with the default utility disallows (10.7701ms)
✔ core/seo/indexation-policy (109.8439ms)
▶ core/media image resolver
  ✔ picks right before top for mouse fallback chains when right exists (24.2396ms)
  ✔ falls back to top when right is missing (7.976ms)
  ✔ prefers editionless image when defaultEdition is not set (4.3974ms)
  ✔ uses alphabetical edition fallback when only editioned images exist (6.2812ms)
  ✔ honors media.defaultEdition when present (6.4591ms)
✔ core/media image resolver (50.6523ms)
▶ formatRouteGraphLog
  ✔ produces correct header for a report with issues (0.8432ms)
  ✔ includes summary counts (0.4208ms)
  ✔ includes detail sections grouped by type (23.6063ms)
  ✔ includes context footer (0.4285ms)
  ✔ produces minimal output for zero-issue report (3.8029ms)
✔ formatRouteGraphLog (31.4407ms)
▶ extractInternalLinks
  ✔ extracts site-local absolute hrefs (1.5042ms)
  ✔ extracts relative hrefs (0.154ms)
  ✔ excludes fragment-only links (0.1197ms)
  ✔ excludes mailto links (0.0929ms)
  ✔ excludes tel links (0.1152ms)
  ✔ excludes external links (0.1077ms)
  ✔ excludes asset URLs (/images/) (0.0913ms)
  ✔ excludes API routes (0.0876ms)
  ✔ strips fragment from URLs before returning (0.1454ms)
  ✔ deduplicates links (0.1849ms)
  ✔ returns empty for page with no anchors (0.0983ms)
✔ extractInternalLinks (3.91ms)
▶ findUnresolvedLinks
  ✔ reports links to non-existent routes (0.3447ms)
  ✔ returns empty when all links resolve (0.1313ms)
  ✔ handles pages with no links (0.0935ms)
  ✔ handles absolute internal links (0.1238ms)
✔ findUnresolvedLinks (0.8759ms)
▶ findOrphanPages
  ✔ reports indexable pages unreachable from root (1.5458ms)
  ✔ returns empty when all indexable pages are reachable (0.1153ms)
  ✔ excludes noindex pages from orphan detection (0.1063ms)
  ✔ follows multi-hop link chains (0.0946ms)
  ✔ handles site with only root page (0.0611ms)
✔ findOrphanPages (2.1821ms)
▶ findCanonicalMismatches
  ✔ reports canonical pointing to non-existent route (0.3745ms)
  ✔ reports canonical pointing to different route family (0.1346ms)
  ✔ returns empty when all canonicals are self-referencing (0.0849ms)
  ✔ skips pages without canonical tags (0.1171ms)
✔ findCanonicalMismatches (0.817ms)
▶ findDuplicateCanonicals
  ✔ reports multiple pages sharing the same canonical (0.2634ms)
  ✔ returns empty when all canonicals are unique (0.0935ms)
  ✔ skips pages without canonical tags (0.0598ms)
✔ findDuplicateCanonicals (0.638ms)
▶ findSitemapMismatches
  ✔ reports pages missing from sitemap (0.373ms)
  ✔ reports sitemap URLs not backed by built pages (0.1097ms)
  ✔ returns empty when sitemap matches built pages (0.093ms)
✔ findSitemapMismatches (0.6573ms)
▶ findNoindexLeaks
  ✔ reports utility routes missing noindex (0.2095ms)
  ✔ returns empty when utility routes have noindex (0.088ms)
  ✔ accepts custom disallow paths (0.0695ms)
  ✔ does not flag normal content pages (0.0709ms)
✔ findNoindexLeaks (0.5359ms)
▶ analyzeRouteGraph
  ✔ aggregates all check results (0.357ms)
  ✔ returns zero issues for clean site (1.21ms)
  ✔ summary counts match issue array (0.1913ms)
  ✔ uses custom robotsDisallowPaths when provided (0.1707ms)
✔ analyzeRouteGraph (2.0586ms)
▶ core/seo/sitemap-manifest
  ✔ builds expected sitemap URLs from indexable built pages and falls back to route paths when canonical is absent (14.328ms)
  ✔ ignores asset-tree HTML pages so stash artifacts do not pollute sitemap validation (4.9786ms)
  ✔ reports missing, unexpected, and duplicate sitemap URLs separately (7.8305ms)
✔ core/seo/sitemap-manifest (28.1042ms)
▶ core/seo/url-contract
  ✔ builds a canonical product URL from a normalized image path (26.21ms)
  ✔ normalizes legacy data-products image paths before building the canonical URL (6.6538ms)
  ✔ falls back to an explicit model slug when the image path has no model segment (12.1259ms)
  ✔ accepts relative brand and model image paths used by existing search fixtures (3.7441ms)
  ✔ throws when the category does not match the image path category (3.4673ms)
  ✔ throws when the image path does not contain a brand segment (2.4357ms)
✔ core/seo/url-contract (56.0553ms)
▶ core/product-helpers
  ✔ preserves the product object wrapper and delegates to the canonical contract (4.6575ms)
  ✔ uses the product slug as a fallback model slug when the image path is truncated (2.473ms)
✔ core/product-helpers (7.3615ms)
▶ calculateInjectionPoints()
  ✔ normal: 2 ads (21.8741ms)
  ✔ manual at 3 consumes slot (5.4226ms)
  ✔ too few words (2.719ms)
  ✔ word-scaling caps to 1 (2.5461ms)
  ✔ no content (8.4005ms)
  ✔ limited by anchor count (5.3687ms)
  ✔ word-scaling disabled (wordsPerAd=0) (5.4878ms)
  ✔ two manuals shift cadence (4.6141ms)
  ✔ exactly at min threshold: 1 ad (4.9832ms)
  ✔ just below threshold (3.9563ms)
✔ calculateInjectionPoints() (66.8335ms)
▶ calculateInjectionPoints() edge cases
  ✔ never returns index 0 (3.8299ms)
  ✔ result is sorted ascending (2.9833ms)
✔ calculateInjectionPoints() edge cases (7.0522ms)
▶ cadence-engine module exports
  ✔ exports calculateInjectionPoints function (4.0643ms)
✔ cadence-engine module exports (4.3885ms)
▶ inlineCadenceSchema
  ✔ parses valid full config (95.7031ms)
  ✔ rejects missing firstAfter field on enabled collection (3.4168ms)
  ✔ rejects negative every value (2.4494ms)
  ✔ rejects max of 0 when enabled (2.2851ms)
  ✔ allows disabled collection with no cadence fields (2.192ms)
  ✔ allows multiple collections mixed enabled/disabled (2.1217ms)
✔ inlineCadenceSchema (109.3007ms)
▶ INLINE_ADS_CONFIG
  ✔ is loaded and validated from JSON (2.5606ms)
  ✔ reviews collection is enabled with cadence fields (1.7915ms)
  ✔ games collection is disabled (2.3261ms)
✔ INLINE_ADS_CONFIG (6.891ms)
▶ rehypeInlineAds()
  ✔ injects ads into a review article with enough content (97.9696ms)
  ✔ does not inject when collection is disabled (3.1595ms)
  ✔ does not inject when frontmatter inlineAds: false (2.8727ms)
  ✔ does not inject into empty article (2.8983ms)
  ✔ does not inject into short article (below minFirstAdWords) (2.7963ms)
  ✔ respects manual InlineAd placement (2.7949ms)
  ✔ does not inject inside skip zones (2.4848ms)
  ✔ headings count as anchors (3.0479ms)
✔ rehypeInlineAds() (119.4301ms)
▶ rehype-inline-ads module exports
  ✔ exports rehypeInlineAds function (2.5623ms)
✔ rehype-inline-ads module exports (2.7397ms)
▶ countWords()
  ✔ empty tree (15.4087ms)
  ✔ simple paragraph (3.0159ms)
  ✔ heading + paragraph (2.3114ms)
  ✔ code block excluded (2.5971ms)
  ✔ nested inline elements counted (2.3338ms)
  ✔ mixed: paragraphs counted, pre skipped (2.2592ms)
  ✔ list items counted (2.557ms)
  ✔ multiple spaces collapsed (2.6412ms)
  ✔ table cells counted (2.2672ms)
  ✔ blockquote counted (3.4926ms)
  ✔ figcaption counted (2.8739ms)
  ✔ script and style excluded (2.1713ms)
  ✔ svg excluded (2.0095ms)
  ✔ deeply nested link inside paragraph (1.7492ms)
✔ countWords() (49.1752ms)
▶ word-counter module exports
  ✔ exports countWords function (2.7267ms)
✔ word-counter module exports (2.8177ms)
▶ AdSlot markup contract
  ✔ keeps the production placeholder as the only framed ad shell (0.762ms)
  ✖ keeps the ad badge dead center and hides it again after live fill (3.11ms)
✖ AdSlot markup contract (4.7741ms)
▶ checkStickyPolicy()
  ✔ returns warning for adsense + sticky (70.3013ms)
  ✔ returns null for adsense + non-sticky (2.9647ms)
  ✔ returns null for direct + sticky (2.5708ms)
✔ checkStickyPolicy() (76.7095ms)
▶ resolveProviderRoute()
  ✔ returns "adsense" for adsense provider (2.7756ms)
  ✔ returns "direct" for direct provider (2.3541ms)
  ✔ returns null for unknown provider (2.183ms)
✔ resolveProviderRoute() (7.5574ms)
▶ isSlotHidden()
  ✔ returns true when offsetParent is null (4.6229ms)
  ✔ returns false when offsetParent exists (2.9915ms)
  ✔ returns false for a non-null offsetParent object (2.6256ms)
✔ isSlotHidden() (10.7401ms)
▶ bootstrap module exports
  ✔ exports init function (2.5979ms)
  ✔ exports mountAll function (2.1745ms)
  ✔ exports pure utility functions (2.0909ms)
  ✔ exports isSlotHidden function (2.0076ms)
✔ bootstrap module exports (9.0564ms)
▶ mountAll()
  ✔ queries only live slots and excludes placeholders and sample slots (2.4043ms)
✔ mountAll() (2.4952ms)
▶ ads config — schema validation
  ✔ AD_POSITIONS is a non-empty object (60.3875ms)
  ✔ validates all entries against Zod schema (7.1293ms)
  ✔ ADSENSE_CLIENT is a non-empty ca-pub string (2.6796ms)
  ✔ has exactly 5 positions including hero units (3.481ms)
✔ ads config — schema validation (75.4289ms)
▶ ads config — size format
  ✔ all positions have sizes matching WxH pattern (3.2032ms)
✔ ads config — size format (3.4819ms)
▶ resolveAd()
  ✔ returns correct shape for sidebar (4.9899ms)
  ✔ returns correct shape for sidebar_sticky (3.2396ms)
  ✔ returns correct shape for in_content (3.3345ms)
  ✔ returns undefined for nonexistent position (2.0957ms)
  ✔ returns undefined for empty string (8.812ms)
✔ resolveAd() (22.9349ms)
▶ getAdsenseClient()
  ✔ returns the AdSense publisher client ID (7.2477ms)
✔ getAdsenseClient() (7.441ms)
▶ isAdsEnabled()
  ✔ returns a boolean (2.7403ms)
✔ isAdsEnabled() (2.8696ms)
▶ parseSize()
  ✔ parses "300x250" correctly (5.6598ms)
  ✔ parses "300x600" correctly (4.1377ms)
  ✔ returns undefined for invalid format (4.3396ms)
✔ parseSize() (14.3843ms)
▶ parseFirstSize()
  ✔ returns first size from comma-separated list (3.6754ms)
  ✔ works with single size (2.56ms)
  ✔ returns undefined for empty string (3.677ms)
✔ parseFirstSize() (10.1607ms)
▶ position slot contract
  ✔ sidebar uses adSlot 6560707323 (2.3291ms)
  ✔ sidebar sizes match registry (2.7654ms)
  ✔ sidebar_sticky uses adSlot 3735233435 (2.5907ms)
  ✔ sidebar_sticky sizes match registry (2.4251ms)
  ✔ in_content uses adSlot 1051669276 (2.6194ms)
  ✔ in_content sizes match registry (2.3103ms)
✔ position slot contract (15.3629ms)
▶ parseAllSizes()
  ✔ parses all sizes from comma-separated list (2.3575ms)
  ✔ returns single-element array for single size (4.1051ms)
  ✔ returns empty array for empty string (3.9463ms)
  ✔ skips invalid entries (10.6893ms)
✔ parseAllSizes() (21.3647ms)
▶ parseLargestSize()
  ✔ returns largest by area from multi-size list (4.9462ms)
  ✔ returns 300x300 for sidebar-right-top (larger area wins) (2.3862ms)
  ✔ returns single size when only one (3.7305ms)
  ✔ returns undefined for empty string (3.7838ms)
  ✔ skips invalid entries and returns largest valid (3.1331ms)
✔ parseLargestSize() (18.318ms)
▶ parseSmallestSize()
  ✔ returns smallest by area from multi-size list (3.0205ms)
  ✔ returns single size when only one (2.0174ms)
  ✔ returns undefined for empty string (2.1523ms)
  ✔ skips invalid entries and returns smallest valid (2.3355ms)
✔ parseSmallestSize() (9.8307ms)
▶ placementType
  ✔ in_content has placementType "inline" (2.3594ms)
  ✔ sidebar defaults to placementType "rail" (2.5002ms)
  ✔ sidebar_sticky defaults to placementType "rail" (2.7391ms)
✔ placementType (7.8108ms)
▶ AD_LABEL
  ✔ exports a non-empty string (2.2198ms)
✔ AD_LABEL (2.3274ms)
▶ SHOW_PRODUCTION_PLACEHOLDERS
  ✔ exports a boolean (2.2602ms)
✔ SHOW_PRODUCTION_PLACEHOLDERS (2.3669ms)
▶ LOAD_SAMPLE_ADS
  ✔ exports a boolean (2.6785ms)
✔ LOAD_SAMPLE_ADS (2.8077ms)
▶ sample ad runtime gating
  ✔ disables sample ads in production mode even when the registry enables them (19.5985ms)
  ✔ keeps sample ads available in development mode for layout verification (11.4416ms)
  ✔ preserves production placeholder behavior independently from sample-ad gating (9.3394ms)
✔ sample ad runtime gating (40.6226ms)
▶ sample ad runtime knobs
  ✔ exports a SAMPLE_AD_MODE value accepted by the schema (15.6501ms)
  ✔ exports a SAMPLE_AD_NETWORK value accepted by the schema (3.7133ms)
✔ sample ad runtime knobs (19.5515ms)
✔ buildSampleOverlayPresentation returns null for svg creatives (0.7026ms)
✔ buildSampleOverlayPresentation creates a beauty video presentation (0.2483ms)
✔ buildSampleOverlayPresentation creates an auto video presentation (0.1167ms)
✔ buildSampleOverlayPresentation creates a software video presentation (0.2045ms)
✔ readSampleSvg returns raw SVG markup in dev runtime (13.4269ms)
✔ readSampleSvg stays disabled outside dev runtime (3.0621ms)
✔ resolveSampleVideoSource returns a Vite @fs URL in dev runtime (4.841ms)
✔ resolveSampleVideoSource stays disabled outside dev runtime (3.7194ms)
✔ sample creative API is importable under the tsx-backed node test runner (84.6289ms)
✔ sample creative API can resolve both SVG and video creatives for a known size (5.6071ms)
✔ createSampleSlotPlan is deterministic for the same slot key (1.4904ms)
✔ createSampleSlotPlan spreads first creative across common page slots (0.2802ms)
✔ getSampleRefreshPlan matches more realistic ad refresh timing (0.2056ms)
▶ GET /auth/callback
  ✔ returns X-Robots-Tag noindex,nofollow on the mobile redirect response (1519.2361ms)
  ✔ returns X-Robots-Tag noindex,nofollow on the popup completion HTML response (20.502ms)
✔ GET /auth/callback (1540.7641ms)
▶ $authDialog store
  ✔ initial state is closed with login view (112.3892ms)
  ✔ openLogin() sets open: true, view: login (6.9922ms)
  ✔ openSignup() sets open: true, view: signup (9.6497ms)
  ✔ closeAuth() sets open: false and resets view to login (9.9746ms)
  ✔ switchView(signup) while open keeps open and changes view (10.2885ms)
  ✔ switchView(login) while open keeps open and changes view (13.8716ms)
  ✔ closeAuth() after switchView resets view to login (10.6015ms)
  ✔ openLogin() after openSignup() switches view without closing (29.5022ms)
  ✔ openSignup() after openLogin() switches view without closing (6.2489ms)
  ✔ existing $auth store still works (no regression) (6.0647ms)
✔ $authDialog store (217.0778ms)
▶ POST /api/auth/sign-in
  ✔ returns 200 with authenticated status on success (1590.2668ms)
  ✔ sets auth cookies on successful sign-in (20.331ms)
  ✔ sets eg_first cookie for first-time signup (rev === 0) (14.4637ms)
  ✔ does not set eg_first for returning user (8.117ms)
  ✔ returns 400 with error for Cognito error (8.3916ms)
  ✔ returns 400 for missing email (11.2476ms)
  ✔ returns 400 for missing password (8.7538ms)
  ✔ returns 400 for non-JSON body (7.3947ms)
✔ POST /api/auth/sign-in (1675.3088ms)
▶ POST /api/auth/sign-up
  ✔ returns 200 with confirm-required on success (5.4828ms)
  ✔ returns 400 for Cognito error (4.7966ms)
  ✔ returns 400 for missing fields (5.4968ms)
✔ POST /api/auth/sign-up (16.0824ms)
▶ POST /api/auth/confirm-sign-up
  ✔ returns 200 with confirmed status on success (4.9417ms)
  ✔ returns 400 for invalid code (5.0003ms)
✔ POST /api/auth/confirm-sign-up (10.0951ms)
▶ POST /api/auth/forgot-password
  ✔ returns 200 with code-sent on success (5.3287ms)
  ✔ returns 400 for Cognito error (4.7965ms)
✔ POST /api/auth/forgot-password (10.2714ms)
▶ POST /api/auth/confirm-forgot-password
  ✔ returns 200 with password-reset on success (5.6797ms)
  ✔ returns 400 for missing newPassword (5.7795ms)
  ✔ returns 400 for Cognito error (4.5782ms)
✔ POST /api/auth/confirm-forgot-password (16.2543ms)
▶ POST /api/auth/resend-code
  ✔ returns 200 with code-sent on success (7.8292ms)
  ✔ returns 400 for missing email (3.8777ms)
  ✔ returns 400 for Cognito error (3.5869ms)
✔ POST /api/auth/resend-code (15.4877ms)
▶ hydrateAuth()
  ✔ sets loading then authenticated on success (130.4715ms)
  ✔ sets loading then guest on HTTP error (13.0635ms)
  ✔ sets loading then guest on network failure (14.9686ms)
  ✔ sets loading then guest on invalid response shape (21.8442ms)
  ✔ sets guest on guest response (16.1737ms)
  ✔ skips the startup fetch when the auth hint cookie is missing (4.9352ms)
  ✔ hydrates when the auth hint cookie is present (15.1837ms)
  ✔ deduplicates concurrent calls (fetch called once) (84.4281ms)
  ✔ allows a new fetch after previous call resolves (27.5871ms)
✔ hydrateAuth() (330.0497ms)
▶ AuthMeResponseSchema
  ✔ validates authenticated response (100.9156ms)
  ✔ validates authenticated response with null email and username (2.8458ms)
  ✔ validates guest response (2.5074ms)
  ✔ rejects empty uid (2.9628ms)
  ✔ rejects missing uid on authenticated (2.9129ms)
  ✔ rejects unknown status (4.7095ms)
  ✔ rejects invalid email format (2.6601ms)
✔ AuthMeResponseSchema (120.8481ms)
▶ OIDC state with secret (HMAC mode)
  ✔ generates a non-empty HMAC-signed state string (10.347ms)
  ✔ validates a correctly signed state (5.9055ms)
  ✔ rejects a tampered state (4.778ms)
  ✔ rejects an empty string (4.2795ms)
✔ OIDC state with secret (HMAC mode) (26.2847ms)
▶ OIDC state without secret (nonce fallback)
  ✔ generates a plain nonce (no dot) (3.7988ms)
  ✔ validates a plain nonce (5.7686ms)
  ✔ rejects an empty string (6.3267ms)
✔ OIDC state without secret (nonce fallback) (16.1228ms)
▶ verifyIdToken
  ✔ verifies a valid id_token (67.9126ms)
  ✔ returns null for an expired token (62.6333ms)
[token-exchange] Cognito error: 400 Bad Request
[token-exchange] tokenUrl: https://test.auth.us-east-1.amazoncognito.com/oauth2/token
[token-exchange] redirect_uri: http://localhost:4321/auth/callback
[token-exchange] client_id: test-client-id
[token-exchange] code_verifier present: false
  ✔ returns null for a malformed token (28.61ms)
✔ verifyIdToken (159.6428ms)
▶ exchangeCodeForTokens
  ✔ exchanges code for tokens on success (4.6697ms)
  ✔ returns null on HTTP error (4.5826ms)
  ✔ works without client secret (public client) (7.8012ms)
✔ exchangeCodeForTokens (17.2806ms)
▶ validateReturnUrl
  ✔ returns a valid path unchanged (6.9963ms)
  ✔ allows paths with query strings (3.9099ms)
  ✔ defaults to / for empty input (3.8707ms)
  ✔ rejects protocol-relative URLs (//evil.com) (3.8785ms)
  ✔ rejects javascript: scheme (5.1548ms)
  ✔ rejects http: and data: schemes (3.7484ms)
✔ validateReturnUrl (27.8842ms)
▶ generatePkceChallenge
  ✔ returns an object with verifier and challenge (4.4384ms)
  ✔ verifier is 43 characters base64url (6.1923ms)
  ✔ challenge is base64url SHA-256 of verifier (4.2019ms)
  ✔ generates unique verifiers each call (3.3662ms)
  ✔ challenge is deterministic for a given verifier (2.9849ms)
✔ generatePkceChallenge (21.4005ms)
▶ PKCE cookie helpers
  ✔ buildPkceCookie creates HttpOnly SameSite=Lax cookie with Max-Age=300 (6.2557ms)
  ✔ buildPkceCookie adds Secure flag in prod (3.1681ms)
  ✔ buildClearPkceCookie expires the cookie (3.2376ms)
✔ PKCE cookie helpers (12.8012ms)
▶ exchangeCodeForTokens with PKCE
  ✔ includes code_verifier in POST body when provided (3.9277ms)
  ✔ omits code_verifier when not provided (3.168ms)
✔ exchangeCodeForTokens with PKCE (7.191ms)
▶ refreshTokens
  ✔ returns new tokens on success (4.0081ms)
  ✔ returns null on HTTP error (5.6008ms)
  ✔ returns null on network error (3.0142ms)
  ✔ sends grant_type=refresh_token in POST body (3.2554ms)
  ✔ includes client_secret when available (3.9457ms)
  ✔ omits client_secret for public clients (6.1916ms)
  ✔ returns null for empty refresh token (2.4653ms)
✔ refreshTokens (28.7379ms)
▶ getTokenExpiry
  ✔ returns exp from a valid JWT payload (4.2837ms)
  ✔ returns null for a malformed token (4.2861ms)
  ✔ returns null when exp claim is missing (7.8765ms)
✔ getTokenExpiry (16.6032ms)
▶ escapeHtml
  ✔ escapes <script> tags (6.8615ms)
  ✔ escapes ampersands (3.3273ms)
  ✔ escapes double and single quotes (6.8612ms)
  ✔ passes through plain text unchanged (4.2961ms)
  ✔ handles empty string (6.4594ms)
✔ escapeHtml (27.9872ms)
▶ errorPage (callback.ts)
  ✔ errorPage returns status 400 (11.5415ms)
  ✔ errorPage HTML-escapes the message (10.3743ms)
  ✔ errorPage sets Content-Type to text/html (3.3671ms)
  ✔ errorPage sets X-Robots-Tag to noindex,nofollow (3.5688ms)
✔ errorPage (callback.ts) (29.0334ms)
▶ buildLoginRedirect
  ✔ returns 302 with Location pointing to Cognito authorize URL (53.5662ms)
  ✔ Location URL contains identity_provider matching the provider arg (14.1312ms)
  ✔ sets eg_nonce cookie (HttpOnly, SameSite=Lax) (7.7709ms)
  ✔ sets eg_pkce cookie (5.0798ms)
  ✔ passes extraParams (screen_hint) into Location URL (10.9423ms)
  ✔ passes extraParams (prompt=select_account) into Location URL (5.8831ms)
  ✔ sets X-Robots-Tag to noindex,nofollow (4.4592ms)
✔ buildLoginRedirect (102.1651ms)
▶ $auth store (tri-state)
  ✔ initial state is guest (204.7574ms)
  ✔ setLoading() transitions to loading (11.0503ms)
  ✔ setAuthenticated() transitions to authenticated (7.7372ms)
  ✔ setAuthenticated() defaults email and username to null (11.4182ms)
  ✔ setGuest() resets from authenticated to guest (7.4176ms)
  ✔ guest → loading → authenticated → guest full cycle (20.7736ms)
  ✔ setLoading() from authenticated transitions to loading (7.5101ms)
  ✔ $authDialog store still works (no regression) (9.3766ms)
✔ $auth store (tri-state) (317.9917ms)
▶ GET /api/auth/me
  ✔ returns X-Robots-Tag noindex,nofollow for guest responses (655.5183ms)
✔ GET /api/auth/me (656.2741ms)
▶ GET /logout
  ✔ returns X-Robots-Tag noindex,nofollow on the redirect response (9.3055ms)
✔ GET /logout (9.4245ms)
▶ cognitoSignIn
  ✔ returns AuthResult on successful sign-in (44.2865ms)
  ✔ sends correct Cognito action and body (30.7159ms)
  ✔ returns generic error for NotAuthorizedException (wrong password) (6.4633ms)
  ✔ returns same generic error for UserNotFoundException (no user enumeration) (16.1819ms)
  ✔ returns UserNotConfirmedException when user is not confirmed (9.5741ms)
  ✔ returns error for LimitExceededException (rate limited) (5.8319ms)
  ✔ handles network failure gracefully (7.1469ms)
  ✔ handles non-JSON response gracefully (7.0833ms)
✔ cognitoSignIn (128.6337ms)
▶ cognitoSignUp
  ✔ returns userSub and codeDelivery on success (9.3422ms)
  ✔ sends correct Cognito action with email attribute (7.5043ms)
  ✔ returns error for UsernameExistsException (duplicate email) (6.3396ms)
  ✔ returns error for InvalidPasswordException (weak password) (15.2825ms)
✔ cognitoSignUp (38.85ms)
▶ cognitoConfirmSignUp
  ✔ returns success on valid code (7.3835ms)
  ✔ sends correct Cognito action (6.2005ms)
  ✔ returns error for CodeMismatchException (6.9265ms)
  ✔ returns error for ExpiredCodeException (5.9012ms)
✔ cognitoConfirmSignUp (26.7302ms)
▶ cognitoForgotPassword
  ✔ returns codeDelivery on success (8.7869ms)
  ✔ returns error for UserNotFoundException (8.0892ms)
  ✔ returns error for LimitExceededException (5.8543ms)
✔ cognitoForgotPassword (23.1058ms)
▶ cognitoConfirmForgotPassword
  ✔ returns success on valid code and password (8.7413ms)
  ✔ returns error for CodeMismatchException (14.4421ms)
  ✔ returns error for InvalidPasswordException (8.8123ms)
✔ cognitoConfirmForgotPassword (32.2142ms)
▶ cognitoResendCode
  ✔ returns codeDelivery on success (7.3567ms)
  ✔ returns error for LimitExceededException (5.9388ms)
✔ cognitoResendCode (13.4719ms)
▶ cross-cutting error handling
  ✔ all functions handle network failure (5.9388ms)
  ✔ all functions handle non-JSON response (7.1411ms)
  ✔ unknown Cognito error types pass through with original message (6.4458ms)
✔ cross-cutting error handling (19.7061ms)
▶ FeaturedScroller markup contract
  ✔ uses filter buttons instead of anchor tabs (2.2114ms)
  ✔ keeps the See More link but gives it a descriptive accessible name (0.2285ms)
✔ FeaturedScroller markup contract (3.2808ms)
▶ Scroller arrow control contract
  ✔ uses real buttons for featured panel arrows (0.2457ms)
  ✔ uses real buttons for games scroller arrows (0.3716ms)
✔ Scroller arrow control contract (0.7613ms)
▶ HomeSlideshow control markup contract
  ✔ uses real buttons for overlay arrows and pause control (0.9632ms)
✔ HomeSlideshow control markup contract (1.0705ms)
▶ createAutoplayController
  ✔ keeps only one pending resume timeout when pause is called repeatedly (1.0658ms)
  ✔ stop clears both the active interval and pending resume timeout (0.2149ms)
  ✔ resume callback does not create duplicate intervals after repeated pauses (0.2398ms)
  ✔ does not start or resume when canRun becomes false (0.1861ms)
✔ createAutoplayController (2.7059ms)
▶ resolveSlideshowDeal
  ✔ uses the explicit primary affiliate link when present (1.352ms)
  ✔ falls back to the first valid explicit affiliate when no primary exists (0.1868ms)
  ✔ builds an honest Amazon search fallback when no valid affiliate link exists (0.3137ms)
  ✔ returns null when product identity is too incomplete to build any link (0.1115ms)
✔ resolveSlideshowDeal (2.8797ms)
▶ VaultToast image contract
  ✔ uses the configured CDN base and normalizes legacy vault image paths (201.9842ms)
✔ VaultToast image contract (202.8521ms)
▶ search-api (SKIPPED — no DATABASE_URL)
  ✔ skipped: set DATABASE_URL to run integration tests (0.6717ms)
✔ search-api (SKIPPED — no DATABASE_URL) (3.5965ms)
▶ search product thumbnails
  ✔ uses the stored product imagePath directly instead of prefixing /images twice (216.5663ms)
✔ search product thumbnails (217.4301ms)
▶ search route indexation
  ✔ marks the search endpoint as noindex even when returning early (257.0121ms)
✔ search route indexation (257.8394ms)
▶ $settingsDialog atom
  ✔ initial state is { open: false } (214.2322ms)
  ✔ openSettings() sets open: true (21.3543ms)
  ✔ closeSettings() sets open: false (18.773ms)
  ✔ double openSettings() is idempotent (19.2269ms)
  ✔ closeSettings() when already closed is idempotent (14.5685ms)
✔ $settingsDialog atom (289.2373ms)
▶ $userPrefs atom
  ✔ initial state is DEFAULT_PREFS (10.7266ms)
✔ $userPrefs atom (10.8622ms)
▶ loadPrefs()
  ✔ reads prefs from localStorage for guest uid (13.8717ms)
  ✔ returns defaults for empty localStorage (13.2166ms)
  ✔ fills in defaults for partial localStorage (14.9417ms)
  ✔ treats corrupted boolean ("garbage") as default false (34.1578ms)
  ✔ treats corrupted display mode as default brandRows (15.8764ms)
  ✔ boolean string "false" reads as false (16.9294ms)
  ✔ boolean string "true" reads as true (18.2204ms)
✔ loadPrefs() (127.8521ms)
▶ setPref()
  ✔ updates atom for boolean pref (21.2082ms)
  ✔ updates atom for display mode pref (14.4083ms)
  ✔ writes to localStorage with uid-scoped key (13.2786ms)
  ✔ writes boolean as string "true"/"false" for HBS compat (20.4197ms)
  ✔ dispatches hubSettingsChanged event (18.7978ms)
  ✔ dispatches hubSettingsChanged with string value for display mode (16.1351ms)
  ✔ multiple setPref calls accumulate correctly (13.6324ms)
✔ setPref() (120.864ms)
▶ auth namespace isolation
  ✔ guest prefs use "guest|" prefix (16.4972ms)
  ✔ authenticated user prefs use "{uid}|" prefix (14.4896ms)
  ✔ switching from guest to authenticated loads user-scoped prefs (21.1607ms)
✔ auth namespace isolation (52.3673ms)
▶ pushPrefs() stub
  ✔ is a no-op that returns a resolved promise (10.2203ms)
✔ pushPrefs() stub (10.3331ms)
▶ window.closeSettingsPopup
  ✔ is exposed as a global function (13.8019ms)
  ✔ closes the dialog when called (13.7016ms)
✔ window.closeSettingsPopup (27.6934ms)
▶ $theme atom
  ✔ initial state is "dark" (10.1915ms)
✔ $theme atom (10.3384ms)
▶ setTheme()
  ✔ setTheme("light") updates atom to "light" (14.2531ms)
  ✔ setTheme("dark") updates atom to "dark" (24.4224ms)
  ✔ setTheme("light") writes eg-theme="default" to localStorage (13.0769ms)
  ✔ setTheme("dark") writes eg-theme="gaming" to localStorage (15.5313ms)
  ✔ setTheme() sets data-theme attribute on documentElement (27.3961ms)
  ✔ setTheme() updates meta[name="theme-color"] content (13.8706ms)
✔ setTheme() (108.9988ms)
▶ loadTheme()
  ✔ reads "default" from localStorage and sets atom to "light" (19.0381ms)
  ✔ reads "gaming" from localStorage and sets atom to "dark" (12.7945ms)
  ✔ defaults to "dark" when no saved value (10.9238ms)
  ✔ defaults to "dark" for unknown saved value (15.6564ms)
✔ loadTheme() (58.764ms)
▶ buildBrandBodyVm()
  ✔ sorts brands A-Z by name (case-insensitive) (17.7603ms)
  ✔ pagination: 29 brands / perPage=24 → page 1 has 24, page 2 has 5 (0.8187ms)
  ✔ pagination data has correct total and current (0.6796ms)
  ✔ pagination baseUrl includes category when filtered (0.2001ms)
  ✔ heading: "All Brands" for all-view (0.1514ms)
  ✔ heading: "Mouse Brands" for category view (0.1161ms)
  ✔ no dedup — all brands present including dashboard ones (0.2072ms)
  ✔ activeCategory is undefined for all-view (0.106ms)
  ✔ activeCategory is set for category view (0.1179ms)
  ✔ categoryClass is "mouse-color" for mouse (0.1435ms)
  ✔ categoryClass is undefined for all-view (0.1258ms)
  ✔ filterCategories passed through (0.0854ms)
  ✔ type is always "brands" (0.0714ms)
  ✔ typeLabel is always "Brands" (0.0802ms)
  ✔ single page → pagination.total = 1 (0.155ms)
  ✔ empty brands → 0 pageItems, allCount = 0 (0.1361ms)
✔ buildBrandBodyVm() (22.1272ms)
▶ BrandDashboard markup
  ✔ 6 items → 6 tile <a> elements with correct hrefs (1.0354ms)
  ✔ each tile has <img> with 7-size PNG srcset (0.2154ms)
  ✔ each tile has alt="{name} logo" (0.1793ms)
  ✔ 0 items → empty string (0.1434ms)
  ✔ grid wrapper has correct CSS classes (1.5629ms)
✔ BrandDashboard markup (4.1166ms)
▶ brand-helpers
  ▶ packBrand()
    ✔ uses displayName when available (0.7276ms)
    ✔ falls back to brand when displayName is missing (0.1348ms)
    ✔ produces correct url: /brands/{slug}/ (0.1359ms)
    ✔ produces correct logoBase (0.1255ms)
    ✔ produces correct logoBaseLight using primary variant (0.111ms)
    ✔ passes through categories array (0.6184ms)
    ✔ passes through navbar array (0.1592ms)
    ✔ passes through iDashboard (0.1005ms)
    ✔ passes through iFilteredDashboard (0.139ms)
    ✔ includes slug from entry.id (0.2295ms)
  ✔ packBrand() (3.3775ms)
  ▶ brandLogoSrcSet()
    ✔ produces 7-size PNG srcset with correct widths (0.2609ms)
    ✔ uses the logoBase as path prefix (0.0961ms)
  ✔ brandLogoSrcSet() (0.4888ms)
  ▶ buildBrandCategoryCounts()
    ✔ counts a brand in every category it spans via categories (0.1875ms)
    ✔ returns zeroes for categories with no brands (0.1109ms)
  ✔ buildBrandCategoryCounts() (0.3969ms)
  ▶ buildBrandFilterCategories()
    ✔ produces correct FilterCategory[] with active flag (0.2228ms)
    ✔ excludes categories with zero brands (0.1457ms)
    ✔ no active category — all flags false (0.1137ms)
  ✔ buildBrandFilterCategories() (0.5922ms)
✔ brand-helpers (6.0264ms)
▶ brand-page-builder
  ▶ buildBrandStaticPaths()
    ✔ generates all-brands view + per-category views (1.0198ms)
    ✔ brand with navbar: [mouse,keyboard] appears in both category paths (1.0243ms)
    ✔ generates pagination for large brand counts (0.3158ms)
  ✔ buildBrandStaticPaths() (3.0365ms)
  ▶ buildBrandBleedVm()
    ✔ all-view breadcrumbs: Home > Brands (1.4ms)
    ✔ category-view breadcrumbs: Home > Brands > Mouse (0.2103ms)
    ✔ all-view heading: "Brands" (0.167ms)
    ✔ category-view heading: "Mouse Brands" (0.2063ms)
    ✔ dashboard items populated for page 1 (23.3062ms)
    ✔ dashboard items empty for page 2+ (0.2875ms)
    ✔ passes through headerDek (0.2367ms)
    ✔ includes categoryClass for category view (0.143ms)
  ✔ buildBrandBleedVm() (26.4249ms)
✔ brand-page-builder (29.9534ms)
▶ FeedItem.astro source contract
  ✔ adds a no-image modifier when hero media is missing (6.5432ms)
  ✔ expands the content column to full width in the no-image state (1.4386ms)
✔ FeedItem.astro source contract (8.8678ms)
▶ FilterDropdown markup contract
  ✔ uses a real button to control the filter menu (0.7928ms)
  ✔ uses navigation links instead of listbox semantics (0.2153ms)
✔ FilterDropdown markup contract (1.7853ms)
▶ IndexHeroCard heading contract
  ✔ uses an h2 for the page-leading dashboard hero title (0.6485ms)
✔ IndexHeroCard heading contract (1.4394ms)
▶ site-index page builder
  ▶ buildSiteIndexStaticPaths()
    ✔ builds shared all/category pagination paths and activates only populated filters (36.979ms)
  ✔ buildSiteIndexStaticPaths() (37.636ms)
  ▶ buildSiteIndexPageVm()
    ✔ builds the all-view reviews VM and removes dashboard items from the first feed page (5.7952ms)
    ✔ builds category/page SEO and breadcrumbs exactly like the current route files (3.1782ms)
    ✔ uses index hero overrides before the shared dashboard algorithm (10.0873ms)
    ✔ keeps hero-less articles in the feed while preferring hero-backed dashboard picks (8.3376ms)
  ✔ buildSiteIndexPageVm() (27.8039ms)
  ▶ enrichReviewItemsWithScores()
    ✔ copies matching product overall scores onto review items (4.7668ms)
  ✔ enrichReviewItemsWithScores() (4.9785ms)
✔ site-index page builder (71.0294ms)
▶ site-index route structured data contract
  ✔ passes page-level structured data into MainLayout for every route family (8.3049ms)
✔ site-index route structured data contract (9.2083ms)
▶ selectBrandDashboard
  ✔ returns ≤6 items (13.0526ms)
  ✔ iDashboard: "all_1" places brand in result (all-view) (0.3967ms)
  ✔ iFilteredDashboard: "mouse_2" only activates when categorySlug === "mouse" (0.3802ms)
  ✔ sorts by date descending (newest first) (0.1685ms)
  ✔ all-view diversity: result spans multiple categories (0.2813ms)
  ✔ category view: only brands with matching navbar entry appear (0.1406ms)
  ✔ partial manual + auto-fill: 2 pinned slots + remaining by date (0.299ms)
  ✔ empty pool → empty result (0.6831ms)
  ✔ single brand → returns just that brand (0.1396ms)
  ✔ overrides fill slots before iDashboard pins (0.7551ms)
  ✔ overrides + iDashboard coexist (override fills slot 0, iDashboard fills slot 5) (0.3998ms)
  ✔ invalid override slug is skipped (0.3399ms)
  ✔ empty overrides array = existing behavior unchanged (0.5072ms)
  ✔ 29 brands / 3 categories → good category spread (0.2613ms)
  ✔ date sort: brands without sortDate appear last (0.1482ms)
✔ selectBrandDashboard (19.4489ms)
▶ GET /api/user/vault
  ✔ returns X-Robots-Tag noindex,nofollow for unauthorized requests (1018.048ms)
  ✔ returns the existing vault payload with noindex headers for authenticated requests (13.9547ms)
  ✔ returns 304 with noindex headers when the client rev matches (11.1081ms)
✔ GET /api/user/vault (1044.1062ms)
▶ PUT /api/user/vault
  ✔ returns X-Robots-Tag noindex,nofollow when the request body is invalid JSON (9.2741ms)
  ✔ returns the existing PUT payload with noindex headers on success (12.1376ms)
✔ PUT /api/user/vault (21.6157ms)
▶ POST /api/vault/thumbs
  ✔ returns X-Robots-Tag noindex,nofollow for invalid JSON requests (29.0102ms)
  ✔ preserves cache headers while adding noindex headers on success (14.5198ms)
✔ POST /api/vault/thumbs (43.7676ms)
▶ VaultProductSchema
  ✔ accepts a valid product (97.8673ms)
  ✔ rejects product with empty id (9.3284ms)
  ✔ rejects product with missing fields (15.3152ms)
✔ VaultProductSchema (123.4984ms)
▶ VaultEntrySchema
  ✔ accepts a valid canonical entry (10.437ms)
  ✔ accepts legacy entry and normalizes canonical fields (12.3713ms)
  ✔ rejects entry with negative timestamp (9.5039ms)
  ✔ rejects entry with float timestamp (10.481ms)
✔ VaultEntrySchema (43.2286ms)
▶ VaultDbPayloadSchema
  ✔ accepts valid versioned payload (9.9801ms)
  ✔ defaults builds to empty array when missing (9.2833ms)
  ✔ rejects wrong version number (12.7578ms)
✔ VaultDbPayloadSchema (32.3144ms)
▶ VaultPutRequestSchema
  ✔ accepts valid put request (12.2739ms)
  ✔ rejects when compare exceeds 160 entries (13.6308ms)
  ✔ accepts exactly 160 entries (7.7244ms)
✔ VaultPutRequestSchema (33.8492ms)
▶ VaultGetResponseSchema
  ✔ accepts valid get response (8.6957ms)
  ✔ rejects response with missing rev (7.9648ms)
✔ VaultGetResponseSchema (16.8438ms)
▶ VaultPutResponseSchema
  ✔ accepts valid put response (13.1203ms)
  ✔ rejects response with ok: false (9.4461ms)
✔ VaultPutResponseSchema (22.7301ms)
▶ VaultThumbResolveRequestSchema
  ✔ accepts valid thumb resolve request (12.2245ms)
  ✔ rejects request with too many items (20.938ms)
✔ VaultThumbResolveRequestSchema (33.3523ms)
▶ VaultThumbResolveResponseSchema
  ✔ accepts valid thumb resolve response (9.7582ms)
  ✔ rejects invalid response item shape (9.3817ms)
✔ VaultThumbResolveResponseSchema (19.3411ms)
▶ Vault Store
  ✔ starts with empty entries (94.9062ms)
  ✔ adds a product to the vault (13.4994ms)
  ✔ does not add duplicate products (15.0742ms)
  ✔ removes a product by id (13.3688ms)
  ✔ removing non-existent id is a no-op (14.5944ms)
  ✔ enforces max 16 products per category (14.8051ms)
  ✔ max-per-category is independent across categories (12.3882ms)
  ✔ clearCategory removes only entries for that category (13.8824ms)
  ✔ clearAll empties all entries (10.4425ms)
  ✔ isInVault returns true for present, false for absent (14.1357ms)
  ✔ vaultCount returns total count (11.2058ms)
  ✔ vaultCountByCategory returns per-category counts (10.1608ms)
  ✔ vaultItemsByCategory returns filtered entries (13.398ms)
  ✔ moveItem reorders within the full entries list (13.4685ms)
  ✔ moveItem with out-of-range index clamps to end (14.8139ms)
  ✔ moveItem for non-existent id is a no-op (18.355ms)
  ✔ persists to localStorage with scoped key (14.4313ms)
  ✔ restores and normalizes legacy localStorage entries (12.3378ms)
  ✔ handles corrupt localStorage gracefully (12.1017ms)
  ✔ handles localStorage with missing entries field (14.5249ms)
✔ Vault Store (353.922ms)
▶ addToVault return values
  ✔ returns "added" on successful add (13.0585ms)
  ✔ returns "duplicate" when product already exists (13.2354ms)
  ✔ returns "category-full" when category is at max (17.5014ms)
✔ addToVault return values (44.0209ms)
▶ Persona switching
  ✔ switchPersona saves current and loads new scope (15.3279ms)
  ✔ getCurrentScope returns current persona (9.9349ms)
  ✔ setVaultState replaces atom state directly (12.7953ms)
  ✔ each persona has independent storage (11.3799ms)
✔ Persona switching (49.6908ms)
▶ Legacy migration
  ✔ migrates eg-vault to eg-vault:guest on module load (9.4573ms)
  ✔ does not overwrite existing scoped key during migration (16.8841ms)
✔ Legacy migration (26.4967ms)
▶ mergeVaults
  ✔ combines guest and server entries (18.9182ms)
  ✔ deduplicates by product ID (guest wins) (13.2946ms)
  ✔ respects max 16 per category (14.8589ms)
  ✔ handles empty guest vault (8.2255ms)
  ✔ handles empty server vault (9.2421ms)
  ✔ handles both empty (7.1176ms)
  ✔ category limit is independent across categories during merge (11.7707ms)
  ✔ preserves entry order (guest first, then server) (11.4409ms)
  ✔ guest entry with same product ID always takes priority (42.1608ms)
  ✔ merges mixed categories correctly (8.3023ms)
  ✔ stops adding to a category once limit is reached (8.5418ms)
  ✔ handles large merge without error (10.4214ms)
✔ mergeVaults (166.1152ms)
▶ vault thumbs helpers
  ✔ buildThumbResolveRequest dedupes request ids (9.6464ms)
  ✔ shouldRefreshThumbCache applies TTL (5.8522ms)
  ✔ applyThumbResolveResult updates product snapshot and canonical identity (4.8039ms)
  ✔ applyThumbResolveResult keeps state unchanged when no matches resolve (4.4749ms)
✔ vault thumbs helpers (25.7109ms)
▶ Vault Toggle — store interaction patterns
  ✔ add product via toggle pattern: addToVault → isInVault true (134.9345ms)
  ✔ remove product via toggle pattern: after add, removeFromVault → isInVault false (15.9649ms)
  ✔ toggle add-then-remove is idempotent: entries length returns to 0 (26.1739ms)
  ✔ duplicate add returns "duplicate" (19.7033ms)
  ✔ category-full returns "category-full" after 16 products (13.478ms)
  ✔ cross-product independence: removing absent product B leaves product A (19.7657ms)
  ✔ vault state reflects external changes via setVaultState (20.1183ms)
✔ Vault Toggle — store interaction patterns (251.4024ms)
▶ MainLayout auth bootstrap contract
  ✔ hydrates auth only through the cookie-hinted bootstrap path (6.0204ms)
✔ MainLayout auth bootstrap contract (6.7464ms)
▶ MainLayout.astro OG fallback contract
  ✔ uses the dedicated social fallback image instead of the favicon (9.4947ms)
  ✔ ships the social fallback image asset (1.4039ms)
✔ MainLayout.astro OG fallback contract (11.8965ms)
▶ MainLayout.astro robots contract
  ✔ derives robots directives from the shared indexation policy instead of inlining them (6.2095ms)
✔ MainLayout.astro robots contract (7.1572ms)
▶ MainLayout.astro structured data contract
  ✔ accepts an optional structuredData prop for page-specific JSON-LD (6.3147ms)
  ✔ renders any page-specific JSON-LD entries in addition to the base site schema (2.2194ms)
✔ MainLayout.astro structured data contract (9.5001ms)
▶ NavLinks.astro current-page underline contract
  ✔ keeps the top-level underline tied to locked dropdown state (6.2621ms)
  ✔ does not underline nav links just because aria-current is set (3.1305ms)
✔ NavLinks.astro current-page underline contract (10.3855ms)
▶ Breadcrumbs markup contract
  ✔ uses ordered-list breadcrumb semantics with Schema.org list items (0.8515ms)
  ✔ marks the terminal crumb as the current page (0.1211ms)
✔ Breadcrumbs markup contract (1.8167ms)
▶ SectionDivider markup contract
  ✔ gives the generic See More link a descriptive accessible name (0.5867ms)
✔ SectionDivider markup contract (1.2944ms)
▶ articleUrl
  ✔ builds review URL (0.5881ms)
  ✔ builds news URL (0.999ms)
✔ articleUrl (2.4256ms)
▶ resolveHero
  ✔ builds hero path from stem (0.1457ms)
  ✔ handles simple stems (0.1332ms)
✔ resolveHero (0.4261ms)
▶ articleSrcSet
  ✔ generates 7-size srcset (0.2793ms)
  ✔ preserves path exactly (0.1204ms)
✔ articleSrcSet (0.57ms)
▶ formatArticleDate
  ✔ shows "Published" when only datePublished (21.7852ms)
  ✔ shows "Updated" when dateUpdated present (0.3771ms)
  ✔ returns empty string when no dates (0.1274ms)
  ✔ prefers dateUpdated over datePublished (0.3117ms)
✔ formatArticleDate (22.8353ms)
✔ astro config imports the inline ads rehype plugin through a node-safe gateway (3400.5519ms)
▶ EG-TSX CloudFormation template
  ✔ defines the required parameters (73.754ms)
  ✔ defines a VPC with two public and two private subnets plus internet egress (55.8665ms)
  ✔ provisions the S3 static site bucket behind CloudFront OAC (87.6572ms)
  ✔ provisions PostgreSQL in private subnets and restricts access to the Lambda security group (36.4131ms)
  ✖ creates a VPC-enabled Node.js 20 Lambda with a public function URL and IAM permissions for VPC and logs (32.0922ms)
  ✔ creates stack-owned deploy roles and core monitoring resources for God View (31.3986ms)
  ✔ creates CloudFront with S3 and Lambda origins, defaulting to S3 and routing dynamic APIs to Lambda (23.8704ms)
  ✔ projects the shared cache/CDN contract into CloudFront cache keys and response headers (24.4892ms)
  ✔ exposes the deployed Lambda function name as a stack output (21.925ms)
✖ EG-TSX CloudFormation template (388.8578ms)
✔ buildRenamePlan maps known stems to professional stems and keeps size suffix (4.8813ms)
✔ buildRenamePlan gives deterministic legacy names to unknown stems (2.1347ms)
✔ executeRenamePlan renames files on disk (4.3832ms)
▶ homepage hero build contract
  ✔ emits the resolved AW610M hero derivative instead of a missing direct stem (31096.4245ms)
✔ homepage hero build contract (31097.0804ms)
▶ buildPagination
  ▶ single page (total=1)
    ✔ returns pages array with single active page (0.8581ms)
    ✔ has empty prevUrl and nextUrl (1.1233ms)
  ✔ single page (total=1) (2.7463ms)
  ▶ ≤7 pages — show all page numbers
    ✔ shows all 5 pages for total=5 (0.7943ms)
    ✔ shows all 7 pages for total=7 (0.158ms)
    ✔ marks only current page as active (0.1517ms)
  ✔ ≤7 pages — show all page numbers (1.3051ms)
  ▶ >7 pages — ellipsis window
    ✔ page 1 of 8: [1*, 2, …, 7, 8] (0.235ms)
    ✔ page 4 of 8: [1, 2, 3, 4*, 5, …, 7, 8] (0.1868ms)
    ✔ page 8 of 8: [1, 2, …, 7, 8*] (0.2018ms)
    ✔ page 5 of 10: [1, 2, …, 4, 5*, 6, …, 9, 10] (0.2072ms)
  ✔ >7 pages — ellipsis window (1.109ms)
  ▶ URL generation
    ✔ page 1 URL has no /page/1/ segment (0.2792ms)
    ✔ page 2+ URL uses /page/N/ format (0.1362ms)
    ✔ category baseUrl generates correct URLs (0.1108ms)
    ✔ ellipsis entries have empty url (0.1294ms)
  ✔ URL generation (0.7997ms)
  ▶ prev/next URLs
    ✔ page 1: prevUrl empty, nextUrl points to page 2 (0.1377ms)
    ✔ page 2: prevUrl points to page 1 (no /page/1/) (0.0951ms)
    ✔ last page: nextUrl empty (0.0733ms)
  ✔ prev/next URLs (0.4119ms)
  ▶ pass-through fields
    ✔ returns total, current, baseUrl (0.0785ms)
  ✔ pass-through fields (0.1338ms)
  ▶ trailing slash handling
    ✔ strips trailing slash from baseUrl before building URLs (0.0821ms)
  ✔ trailing slash handling (0.1324ms)
✔ buildPagination (7.4292ms)
▶ cache/CDN single source of truth contract
  ✔ defines the shared cache-cdn.json contract in config/data/ (0.8596ms)
  ✔ declares the required logical cache policies (1.3284ms)
  ✔ declares page types that map site semantics to document types (0.4642ms)
  ✔ uses explicit policy fields instead of magic behavior (0.3677ms)
  ✔ uses best-practice defaults for HTML revalidation and image cache keys (0.2927ms)
  ✔ maps CDN-facing targets to shared page types (0.3858ms)
✔ cache/CDN single source of truth contract (4.6315ms)
▶ cache/CDN contract module
  ✔ exposes validated policy accessors and header builders (113.8825ms)
✔ cache/CDN contract module (114.0457ms)
▶ cache/CDN consumer wiring
  ✔ core domain exposes the shared cache/CDN contract (0.5399ms)
  ✔ search route reads its cache policy from the shared contract (25.9693ms)
  ✔ auth status route reads its cache policy from the shared contract (27.9122ms)
  ✔ user vault route reads its cache policy from the shared contract (0.3389ms)
  ✔ auth sign-in route reads its cache policy from the shared contract (0.3389ms)
✔ cache/CDN consumer wiring (55.446ms)
▶ category single source of truth contract
  ✔ categories.json defines collection capabilities per category (1.0078ms)
  ✔ content.config.ts derives category validation from the shared contract module (0.4692ms)
  ✔ core config reads categories through the shared contract module (1.0333ms)
  ✔ categories panel seeds collection metadata for new categories (0.4356ms)
  ✔ vault DynamoDB table name matches the documented env contract (0.3ms)
✔ category single source of truth contract (4.2239ms)
▶ repo validation contract
  ✔ package.json exposes a dedicated JS test script (0.3953ms)
  ✔ package.json test script delegates to the JS suite (0.2665ms)
  ✔ package.json exposes the Python config-suite entrypoint (0.2755ms)
  ✔ package.json validate script runs type-check, JS tests, and Python tests (0.2579ms)
  ✔ tsconfig excludes generated build artifacts from type-checking (0.3718ms)
✔ repo validation contract (1.8485ms)
▶ config/data/ — file existence
  ✔ categories.json exists (0.9776ms)
  ✔ cache-cdn.json exists (0.3213ms)
  ✔ hub-tools.json exists (0.3276ms)
  ✔ slideshow.json exists (0.2649ms)
  ✔ content.json exists (0.2303ms)
  ✔ navbar-guide-sections.json exists (0.2367ms)
  ✔ image-defaults.json exists (0.202ms)
  ✔ config/data/ directory exists (0.2183ms)
  ✔ no JSON files remain in config/ root (0.7928ms)
✔ config/data/ — file existence (4.7822ms)
▶ categories.json — structure
  ✔ has siteColors with primary and secondary (0.2608ms)
  ✔ siteColors are hex strings (0.2848ms)
  ✔ has categories array (0.1561ms)
  ✔ every category has required fields (0.1862ms)
  ✔ product/content sub-sections have boolean flags (0.2077ms)
  ✔ collections sub-section has boolean flags (0.1424ms)
  ✔ category IDs are unique (0.1138ms)
  ✔ contains the 6 core product categories (0.1434ms)
  ✔ mouse, keyboard, monitor are product-active (0.158ms)
✔ categories.json — structure (2.0089ms)
▶ hub-tools.json — structure
  ✔ is a non-empty object (0.1555ms)
  ✔ has tools for active product categories (0.3628ms)
  ✔ every tool entry has required fields (0.4582ms)
  ✔ tool.enabled is boolean (0.1642ms)
  ✔ tool.navbar is boolean (0.1364ms)
  ✔ every tool has a non-empty url (0.1369ms)
  ✔ each category has a "hub" tool (0.1655ms)
✔ hub-tools.json — structure (2.7932ms)
▶ slideshow.json — structure
  ✔ has maxSlides number (0.1488ms)
  ✔ has slides array (0.0798ms)
  ✔ slides are non-empty strings (product slugs) (0.0891ms)
  ✔ slide count does not exceed maxSlides (0.0791ms)
  ✔ no duplicate slide slugs (0.1417ms)
✔ slideshow.json — structure (0.7143ms)
▶ content.json — structure
  ✔ has slots object (0.2436ms)
  ✔ slot keys are numeric strings 1-15 (0.1603ms)
  ✔ slot values have collection and id (0.1454ms)
  ✔ has pinned array (0.0859ms)
  ✔ has badges object (0.0881ms)
  ✔ has excluded array (0.0879ms)
  ✔ badge values are strings (0.1276ms)
✔ content.json — structure (2.5241ms)
▶ navbar-guide-sections.json — structure
  ✔ is a non-empty object (0.1435ms)
  ✔ keys are category IDs (0.3726ms)
  ✔ values are arrays of strings (section names) (0.1451ms)
  ✔ no duplicate sections within a category (0.1459ms)
  ✔ mouse has at least one section (0.0876ms)
✔ navbar-guide-sections.json — structure (1.0629ms)
▶ image-defaults.json — structure
  ✔ has defaults object with required keys (0.1324ms)
  ✔ has categories object (0.1038ms)
  ✔ categories includes active product categories (0.3895ms)
  ✔ viewMeta objectFit values are contain or cover (0.1672ms)
✔ image-defaults.json — structure (0.9423ms)
▶ TS/Astro imports — wired to shared config contracts
  ✔ src/core/config.ts imports src/core/category-contract.ts (0.3925ms)
  ✔ src/content.config.ts imports src/core/category-contract.ts (0.2569ms)
  ✔ src/core/hub-tools.ts imports config/data/hub-tools.json (0.2623ms)
  ✔ HomeSlideshow.astro imports config/data/slideshow.json (0.4192ms)
  ✔ src/core/config.ts imports config/data/image-defaults.json (0.2441ms)
  ✔ src/core/config.ts imports image-defaults-resolver.mjs (0.2203ms)
  ✔ GlobalNav.astro imports config/data/navbar-guide-sections.json (0.2651ms)
✔ TS/Astro imports — wired to shared config contracts (2.2618ms)
▶ eg-config mega-app — wired to config/data/
  ✔ config/eg-config.pyw exists (0.3102ms)
  ✔ config/lib/config_store.py exists (0.2245ms)
  ✔ eg-config.pyw bootstraps the shared store and panel registry (0.3489ms)
  ✔ ConfigStore maps all config keys to config/data/ (0.3049ms)
  ✔ panel modules own the config contracts previously split across managers (3.9503ms)
✔ eg-config mega-app — wired to config/data/ (5.341ms)
▶ no stale path references
  ✔ src/core/config.ts has no stale config/ paths (0.5991ms)
  ✔ src/content.config.ts has no stale config/ paths (0.8856ms)
  ✔ src/core/hub-tools.ts has no stale config/ paths (0.4533ms)
  ✔ src/features/home/components/HomeSlideshow.astro has no stale config/ paths (0.6171ms)
  ✔ src/shared/layouts/GlobalNav.astro has no stale config/ paths (0.6974ms)
  ✔ src/core/DOMAIN.md has no stale config/ paths (0.3594ms)
  ✔ src/features/home/DOMAIN.md has no stale config/ paths (3.8219ms)
  ✔ src/features/vault/types.ts has no stale config/ paths (0.5049ms)
✔ no stale path references (8.3406ms)
▶ cross-file consistency
  ✔ navbar-guide-sections categories are subset of categories.json IDs (0.7916ms)
  ✔ hub-tools categories are subset of categories.json IDs (1.1577ms)
  ✔ slideshow slides reference valid product slug formats (0.3021ms)
  ✔ dashboard slot collections are valid content types (0.3076ms)
✔ cross-file consistency (2.726ms)
▶ React baseline audit contracts
  ✔ uses tokenized zero-radius styling for the sidebar wordmark in legacy dark mode (1.2803ms)
  ✔ refreshes Content payload after Categories preview for live cross-panel propagation (0.2366ms)
  ✔ keeps backend preview behavior aligned: category color preview is visible in Content without save (1072.1773ms)
✔ React baseline audit contracts (1074.5976ms)
▶ React config desktop shell parity
  ✖ locks the shell geometry tokens to the Tk dimensions (1.926ms)
  ✔ keeps the legacy dark skin fully squared off (1.4561ms)
  ✔ restores the previous opening size and minimum size in the native launcher (0.3003ms)
  ✔ uses a dedicated tokenized width for the Type column so it does not clip (0.2408ms)
  ✔ exposes the project root name for the shell footer instead of only the app title (1107.5294ms)
✖ React config desktop shell parity (1112.3939ms)
▶ React config desktop categories preview contract
  ✔ previews category edits through the Python backend without writing categories.json (820.0409ms)
  ✔ formats category count text like Tk with a bullet between review, guide, and news counts (712.2227ms)
✔ React config desktop categories preview contract (1532.4363ms)
▶ React config desktop content backend contract
  ✔ hydrates Content in bootstrap so the next panel is not a placeholder-only route (615.5078ms)
  ✔ serves a full Content panel payload with dashboard slots, pool data, and collection tabs (542.7927ms)
  ✔ previews unsaved Content editorial state without mutating content.json on disk (626.0516ms)
  ✔ saves Content owned keys while preserving indexHeroes in content.json (644.2188ms)
✔ React config desktop content backend contract (2428.7988ms)
▶ React config desktop hub-tools backend contract
  ✔ serves a full Hub Tools panel payload with categories, tools, tooltips, and index slots (564.201ms)
  ✔ previews unsaved Hub Tools state without mutating hub-tools.json on disk (1093.3313ms)
  ✔ saves Hub Tools edits and persists tools, shared tooltips, and index ordering (1069.5275ms)
✔ React config desktop hub-tools backend contract (2727.2297ms)
▶ React config desktop index-heroes backend contract
  ✔ serves a full Index Heroes panel payload (564.0163ms)
  ✔ previews unsaved Index Heroes state without mutating content.json on disk (596.3059ms)
  ✔ saves Index Heroes while preserving other Content-owned keys (534.2662ms)
✔ React config desktop index-heroes backend contract (1694.7278ms)
▶ React desktop editor helpers
  ✔ prefers projectRootName for the sidebar footer label (10.021ms)
  ✔ builds Content request payloads from the editable state only (3.3575ms)
  ✔ derives the homepage pool from eligible non-manual articles only (3.5165ms)
  ✔ sorts collection tabs by pinned state when requested (12.1797ms)
  ✔ assigns an article to a slot without duplicating it elsewhere (4.9221ms)
  ✔ assigns to the first open slot when no slot number is provided (2.8555ms)
  ✔ excluding an article removes its manual slot override (3.595ms)
  ✔ removing a manual slot clears only that override (2.6478ms)
  ✔ pin toggles keep the list unique and sorted (3.7816ms)
  ✔ badge changes trim values and remove empty badges (4.0864ms)
  ✔ moving a manual article onto another manual slot swaps them (3.3502ms)
  ✔ resetting manual slots clears every override (3.3364ms)
✔ React desktop editor helpers (58.9669ms)
▶ React desktop presentational panels
  ✔ renders the frozen Categories grid through the extracted shared view (73.3394ms)
  ✔ renders the Content dashboard and pool through the extracted shared view (10.3356ms)
  ✔ renders Content as main tabs with separate collection subtabs (5.671ms)
  ✔ renders full collection labels in the Article Pool Type column (10.0114ms)
  ✔ renders the full legacy feed legend labels for homepage logic readability (11.4425ms)
  ✔ uses themed inline icons in Content instead of emoji glyphs (15.303ms)
  ✔ renders dedicated preview icons for the full legacy category set (36.631ms)
  ✖ renders Hub Tools with dense home/index surfaces from the extracted shared view (18.6372ms)
  ✖ renders Index Heroes with Content-aligned tab hierarchy and per-article accent hooks (10.2787ms)
✖ React desktop presentational panels (192.2672ms)
▶ ConfigDesktopApp integration points
  ✔ uses the project root name in the sidebar footer (0.2412ms)
  ✔ sends unsaved category edits through the preview endpoint (0.092ms)
  ✔ renders the Content panel instead of falling back to the placeholder (0.199ms)
  ✔ uses the Content preview and save endpoints from the React shell (0.1035ms)
  ✔ renders and wires the Index Heroes panel via the same preview/save pattern (0.153ms)
  ✔ renders and wires Hub Tools via the same preview/save pattern (0.1355ms)
✔ ConfigDesktopApp integration points (1.1303ms)
▶ Content token and density contract
  ✔ keeps feed legend colors tokenized (no hardcoded hex in FEED_LEGEND) (0.2285ms)
  ✔ uses article/category accent color for pool row text (0.2073ms)
  ✔ uses article/category accent border color for auto dashboard tiles (0.2352ms)
  ✔ uses larger typography tokens for content tabs and feed guide labels (0.712ms)
  ✖ uses larger pool table typography and a themed dark scrollbar (1.7047ms)
  ✔ uses shared reusable UI primitives instead of hand-rolled per-panel controls (0.0743ms)
  ✔ resets inherited dashboard row tracks for Index Heroes slots to prevent brands row drift (0.2566ms)
✖ Content token and density contract (3.6322ms)
▶ Theme token architecture contract
  ✔ keeps legacy-clone as the hard default skin with square geometry and flat elevation (0.2206ms)
  ✔ provides an alternate themed skin block through token overrides only (0.995ms)
  ✔ binds the root data-theme to shell theme id instead of hardcoding legacy-clone (0.1598ms)
✔ Theme token architecture contract (1.4834ms)
▶ Theme-swappable icon contract
  ✔ switches sidebar icon assets by icon theme id at render time (0.3644ms)
  ✔ wires shared action/status icons through icon theme context (0.1099ms)
✔ Theme-swappable icon contract (0.5475ms)
▶ Categories row spacing contract
  ✖ keeps row rhythm but adds exactly 4px between Label inputs and Product toggles (0.7548ms)
  ✖ uses a product-only toggle hook and reduces product toggle height by exactly 2px (0.6917ms)
✖ Categories row spacing contract (1.5243ms)
▶ Categories color dialog immediacy contract
  ✖ renders a direct color input in the dialog and removes the extra picker button (0.8956ms)
  ✔ renders always-visible themed HSL controls for immediate color editing (0.4315ms)
✖ Categories color dialog immediacy contract (1.4046ms)
▶ Context bar save button contract
  ✖ uses a dedicated save-button hook and increases width and font size (1.5698ms)
✖ Context bar save button contract (1.6215ms)
▶ Sidebar logo wordmark contract
  ✔ renders EG Config using the shared navbar wordmark class hooks (0.245ms)
  ✖ mirrors navbar logo styling primitives for the config sidebar logo (0.6007ms)
✖ Sidebar logo wordmark contract (0.9173ms)
▶ filterArticles â€” publish
  ✔ keeps entries with publish: true (0.8891ms)
  ✔ excludes entries with publish: false (0.183ms)
  ✔ keeps entries with publish: undefined (default true) (0.1884ms)
✔ filterArticles â€” publish (3.2532ms)
▶ filterArticles â€” draft
  ✔ keeps entries with draft: false (0.2385ms)
  ✔ excludes entries with draft: true (0.1467ms)
  ✔ keeps entries with draft: undefined (default false) (0.1206ms)
✔ filterArticles â€” draft (0.7016ms)
▶ filterArticles â€” category
  ✔ keeps entries whose category is in the active list (0.8994ms)
  ✔ excludes entries whose category is not in the active list (0.1406ms)
  ✔ keeps entries with NO category field (brands, games) (0.1418ms)
  ✔ excludes all categorized entries when activeCategories is empty (0.2414ms)
  ✔ keeps uncategorized entries even when activeCategories is empty (0.1127ms)
✔ filterArticles â€” category (1.7978ms)
▶ filterArticles â€” combined filters
  ✔ excludes draft even if category is active (0.1468ms)
  ✔ excludes publish:false even if category is active (0.1262ms)
  ✔ excludes inactive category even if not draft and publish (0.0812ms)
  ✔ applies all three filters together (0.1208ms)
✔ filterArticles â€” combined filters (0.6117ms)
▶ filterArticles â€” sorting
  ✔ sorts by datePublished descending (newest first) (0.182ms)
  ✔ puts entries with null/undefined datePublished last (0.11ms)
  ✔ handles all entries having no datePublished (stable order) (0.098ms)
✔ filterArticles â€” sorting (0.4912ms)
▶ filterArticles â€” edge cases
  ✔ returns empty array for empty input (0.1197ms)
  ✔ does not mutate the input array (0.0806ms)
  ✔ handles entries with both no category and no datePublished (0.0669ms)
✔ filterArticles â€” edge cases (0.4507ms)
▶ entryKey
  ✔ builds composite key from _collection and id (0.6077ms)
  ✔ handles nested paths in id (0.142ms)
✔ entryKey (1.5385ms)
▶ buildDashboard — fallback (no config)
  ✔ returns entries sorted by date descending when no config (0.225ms)
  ✔ limits to 15 entries (0.1835ms)
  ✔ filters entries without hero (0.1281ms)
  ✔ prefers dateUpdated over datePublished for sorting (0.1535ms)
  ✔ returns empty array for empty input (0.6436ms)
  ✔ preserves _collection on entries (0.1533ms)
✔ buildDashboard — fallback (no config) (1.8249ms)
▶ buildDashboard — manual slots
  ✔ places manual override at correct 1-indexed position (0.3452ms)
  ✔ ignores nonexistent entries in manual slots (0.1781ms)
  ✔ ignores out-of-range slot numbers (0.1183ms)
  ✔ does not duplicate manually placed entries in auto-fill (0.0992ms)
  ✔ handles multiple manual slots (0.1215ms)
✔ buildDashboard — manual slots (1.0519ms)
▶ buildDashboard — exclusions
  ✔ excludes entries in the excluded list (0.1068ms)
  ✔ ignores excluded entries even when manually assigned to a slot (0.0984ms)
✔ buildDashboard — exclusions (0.2848ms)
▶ buildDashboard — metadata
  ✔ sets isPinned true when entry key is in pinned set (0.1253ms)
  ✔ sets isPinned false when entry key is NOT in pinned set (0.1254ms)
  ✔ sets badgeText from badges map (0.1083ms)
  ✔ sets badgeText to null when absent from badges map (0.0928ms)
  ✔ combines isPinned and badgeText independently (0.1498ms)
✔ buildDashboard — metadata (0.7428ms)
▶ buildDashboard — edge cases
  ✔ returns fewer than 15 when not enough eligible entries (0.123ms)
  ✔ handles entries with null dates gracefully (0.1351ms)
  ✔ handles entries from mixed collections (0.1236ms)
✔ buildDashboard — edge cases (0.4855ms)
▶ buildDashboard — pins/badges in every slot position
  ✔ produces exactly 15 entries (0.1626ms)
  ✔ hero card (slot 1) has isPinned and badgeText (0.0732ms)
  ✔ row2 slot 2 has pin, no badge (0.0798ms)
  ✔ row2 slot 3 has badge, no pin (0.0682ms)
  ✔ row2 slot 4 has neither pin nor badge (0.0679ms)
  ✔ large tile (slot 5) has both pin and badge (0.0915ms)
  ✔ row3 slot 6 has pin, no badge (0.0819ms)
  ✔ row3 slot 8 has badge, no pin (0.0687ms)
  ✔ row4 slot 9 has pin, no badge (0.0668ms)
  ✔ row4 slot 11 has badge, no pin (0.0828ms)
  ✔ row5 slot 12 has pin, no badge (0.0761ms)
  ✔ row5 slot 15 has badge, no pin (1.7967ms)
  ✔ unpinned/unbadged slots default to isPinned=false, badgeText=null (0.8509ms)
✔ buildDashboard — pins/badges in every slot position (3.9114ms)
▶ buildDashboard — manual slot placement across all rows
  ✔ hero (slot 1) contains manually placed entry (0.0962ms)
  ✔ large tile (slot 5) contains manually placed entry (0.0834ms)
  ✔ remaining slots auto-fill by date without duplicating manual entries (0.1204ms)
  ✔ auto-filled slots sort by newest date descending (0.0805ms)
✔ buildDashboard — manual slot placement across all rows (0.495ms)
▶ buildDashboard — production content.json shape
  ✔ slot 1 (hero) is pinned with correct badge (0.1054ms)
  ✔ slot 2 (row2) is pinned with correct badge (0.0517ms)
  ✔ slot 5 (large tile) is pinned with correct badge (0.0489ms)
  ✔ slot 8 (row3) is pinned with correct badge (0.0377ms)
  ✔ slot 12 (row5) is pinned with correct badge (0.0326ms)
  ✔ non-pinned auto-fill slots have no pin/badge (0.0295ms)
✔ buildDashboard — production content.json shape (0.4205ms)
▶ splitBadge
  ✔ splits two-word text into two lines (0.2139ms)
  ✔ defaults empty text to "Top Pick" (0.0746ms)
  ✔ defaults null to "Top Pick" (0.0432ms)
  ✔ pads single word with empty string (0.0632ms)
  ✔ truncates to 2 words max (0.0564ms)
✔ splitBadge (0.5483ms)
▶ sortByPinnedThenDate
  ✔ pinned entries come before unpinned (0.1998ms)
  ✔ within pinned group, newest date first (0.0934ms)
  ✔ within unpinned group, newest date first (0.0579ms)
  ✔ full example: 4 articles with mixed pin/date (0.0795ms)
  ✔ does not mutate the original array (0.1041ms)
  ✔ works without pinnedSet (falls back to data.pinned boolean) (0.1097ms)
  ✔ returns empty array for empty input (0.0557ms)
  ✔ uses dateUpdated when newer than datePublished (0.1627ms)
✔ sortByPinnedThenDate (1.0098ms)
▶ buildDashboard — category filtering upstream
  ✔ manual slot referencing missing article auto-fills from remaining (0.1986ms)
  ✔ pinned article missing from allEntries does not crash (0.0817ms)
  ✔ badged article missing from allEntries produces no stale metadata (0.068ms)
  ✔ all manual slots reference missing articles — pure date-sort fallback (0.1114ms)
  ✔ mixed manual slots — some resolve, some missing (0.0882ms)
✔ buildDashboard — category filtering upstream (0.6491ms)
▶ Product dual source of truth
  ✔ every product has identity fields (4.8475ms)
  ✔ every product has an imagePath field (0.5231ms)
  ✔ every product has a media object (0.3979ms)
  ✔ media.defaultColor matches colors[0] or is null (0.3306ms)
  ✔ every media.images entry has stem and view (0.6328ms)
  ✔ every media image stem resolves to a real file on disk (_m size for webp) (183.2411ms)
  ✔ flat image fields have been removed (2.9712ms)
  ✔ product object carries both data AND media (spot check) (3.4821ms)
  ✔ loads a non-empty product catalog from disk (0.1954ms)
✔ Product dual source of truth (198.1686ms)
▶ Game dual source of truth
  ✔ every game content file has a matching image folder (1.6686ms)
  ✔ every game with navbar:true has box-art-cover_s.webp (the navbar image) (9.6501ms)
  ✔ game data+image pattern: slug provides both title AND image folder (2.9676ms)
✔ Game dual source of truth (14.5573ms)
▶ Brand dual source of truth
  ✔ every brand content file has a matching image folder (2.6333ms)
  ✔ every brand with navbar categories has brand-logo-horizontal-mono-black_xs.png (the navbar image) (12.2119ms)
  ✔ brand data+image pattern: slug provides both brand name AND image folder (8.0065ms)
✔ Brand dual source of truth (23.1138ms)
▶ Review → Product linkage
  ✔ every review with a productId matches a real product slug (10.4582ms)
  ✔ review productId lookup gives access to both data AND images (2.1287ms)
  ✔ every review productId has a product with an existing image folder (12.1124ms)
✔ Review → Product linkage (24.924ms)
▶ Resolver pattern: imagePath + stem + size → file exists
  ✔ product media stems resolve: imagePath/stem_size.webp (3.5865ms)
  ✔ game image pattern works: /images/games/{slug}/box-art-cover_s.webp resolves (6.3365ms)
  ✔ brand image pattern works: /images/brands/{slug}/brand-logo-horizontal-mono-black_xs.png resolves (14.7199ms)
✔ Resolver pattern: imagePath + stem + size → file exists (24.8685ms)
✔ startVite keeps the Astro dev launcher contract (0.9141ms)
✔ refreshVite keeps the cache reset plus Astro dev restart contract (0.4059ms)
✔ buildVite keeps the build-then-preview contract (0.2887ms)
▶ EG dev server control contract
  ✔ keeps dedicated ports for dev and preview (1.3191ms)
  ✔ allows enough startup time before treating Astro boot as failed (0.9546ms)
  ✔ assigns stable pid files and browser URLs per server role (0.3344ms)
  ✔ starts dev when nothing is running (0.3752ms)
  ✔ reuses a tracked dev server instead of spawning another one (0.2173ms)
  ✔ blocks an untracked process from hijacking the dev port (0.2115ms)
  ✔ restart-dev stops the tracked server, clears vite cache, and restarts on the same port (0.2067ms)
  ✔ starts preview on a dedicated preview port so dev and preview do not collide (0.2049ms)
  ✔ restart-preview replaces the tracked preview instead of stacking another preview server (0.1886ms)
✔ EG dev server control contract (6.6925ms)
▶ formatScore
  ✔ formats decimal scores to one decimal place (1.5645ms)
  ✔ formats integer scores with one decimal (except 10) (0.1241ms)
  ✔ formats score of 10 as "10" (no decimal) (0.1159ms)
  ✔ formats score of 0 as "0.0" (0.143ms)
  ✔ handles string score "8.5" (0.1171ms)
  ✔ handles string score "10" (0.1011ms)
  ✔ returns render=false for empty string (0.0966ms)
  ✔ returns render=false for null (0.1019ms)
  ✔ returns render=false for undefined (0.1288ms)
  ✔ returns render=false for NaN (0.1811ms)
  ✔ returns render=false for non-numeric string (0.1213ms)
  ✔ handles 9.99 → "10.0" (rounding edge) (0.1025ms)
  ✔ handles 0.1 correctly (0.153ms)
✔ formatScore (4.248ms)
▶ scoreLetterSpacing
  ✔ returns "letter-spacing:1.75px" for score 10 (0.1443ms)
  ✔ returns "letter-spacing:1.75px" for string "10" (0.0905ms)
  ✔ returns empty string for score 8.5 (default CSS handles it) (0.0923ms)
  ✔ returns empty string for score 0 (0.0713ms)
  ✔ returns empty string for score 9 (0.0728ms)
✔ scoreLetterSpacing (0.6308ms)
▶ makeGradientId
  ✔ returns a string starting with "dexaGrad-" (0.218ms)
  ✔ returns unique IDs across multiple calls (0.1077ms)
  ✔ returns a non-empty string (0.1143ms)
✔ makeGradientId (0.5306ms)
▶ resolveHero asset contract
  ✔ keeps direct hero stems unchanged when the derivative already exists (1.3249ms)
  ✔ falls back to a matching variant stem when the direct derivative is missing (0.8171ms)
  ✔ resolves every editorial hero stem to a real small derivative (97.9309ms)
✔ resolveHero asset contract (101.0435ms)
▶ toFeaturedItem
  ✔ returns correct url from collection + id (21.4719ms)
  ✔ returns correct heroPath from hero stem (0.3508ms)
  ✔ returns 7-size srcset (0.3479ms)
  ✔ formats dateUpdated as "Updated | ..." (0.3339ms)
  ✔ formats datePublished when no dateUpdated (0.2784ms)
  ✔ returns empty heroPath when hero is missing (0.2656ms)
  ✔ returns empty dateFormatted when both dates are missing (0.4162ms)
  ✔ maps category to categoryLabel (0.4585ms)
  ✔ passes through title and description (0.3197ms)
  ✔ includes egbadge when present (0.3287ms)
  ✔ egbadge is undefined when not present (0.2257ms)
  ✔ handles guides collection (0.2297ms)
  ✔ handles missing category gracefully (0.2321ms)
✔ toFeaturedItem (30.4213ms)
▶ groupByCategory
  ✔ groups items correctly by category field (1.441ms)
  ✔ empty array → empty object (0.1954ms)
  ✔ items without category → excluded (0.1363ms)
  ✔ preserves insertion order within groups (0.1188ms)
✔ groupByCategory (2.1884ms)
▶ getActiveCategories
  ✔ returns only categories that have items (0.2367ms)
  ✔ preserves config order (not insertion order) (0.1009ms)
  ✔ no items → empty array (0.0829ms)
  ✔ empty category array in map → excluded (0.1158ms)
  ✔ category not in config order list → excluded (0.1324ms)
✔ getActiveCategories (0.8336ms)
▶ resolveHero — games context
  ✔ returns correct path for valorant (1.6559ms)
  ✔ returns correct path for counter-strike-2 (0.144ms)
✔ resolveHero — games context (2.6808ms)
▶ articleUrl — games context
  ✔ returns /games/valorant (0.1608ms)
  ✔ returns /games/counter-strike-2 (0.1556ms)
✔ articleUrl — games context (0.4651ms)
▶ articleSrcSet — games context
  ✔ includes all 7 sizes (0.1752ms)
  ✔ includes correct size suffixes (0.1861ms)
  ✔ every entry has .webp extension (0.1434ms)
  ✔ includes width descriptors (0.1189ms)
✔ articleSrcSet — games context (0.8558ms)
▶ computeArrowState
  ✔ scrollLeft=0 → left inactive, right active (0.1897ms)
  ✔ scrollLeft at max → left active, right inactive (0.1689ms)
  ✔ scrollLeft in middle → both active (0.1282ms)
  ✔ content fits viewport (scrollWidth <= clientWidth) → both inactive (0.0975ms)
  ✔ content fits viewport (scrollWidth < clientWidth) → both inactive (0.0788ms)
  ✔ scrollLeft near max (within 1px tolerance) → right inactive (0.099ms)
✔ computeArrowState (0.9842ms)
▶ filterHubTools
  ✔ returns only tools whose category is in activeCategories (1.239ms)
  ✔ excludes disabled tools (1.0052ms)
  ✔ returns empty array when no categories match (0.1388ms)
  ✔ returns empty array for empty input (0.1194ms)
  ✔ handles empty activeCategories (0.093ms)
✔ filterHubTools (3.4749ms)
▶ sortDesktopTools
  ✔ sorts by tool type priority first (0.2756ms)
  ✔ sorts by category order within same tool type (0.1318ms)
  ✔ tool priority trumps category order (0.1521ms)
  ✔ unknown tool types sort last (0.1579ms)
  ✔ does not mutate input (0.165ms)
✔ sortDesktopTools (1.1599ms)
▶ groupMobileTools
  ✔ groups tools by category (alphabetical without categoryOrder) (13.5803ms)
  ✔ respects category order (0.1824ms)
  ✔ sorts tools within each category by tool priority (0.1567ms)
  ✔ returns empty array for no tools (0.096ms)
✔ groupMobileTools (14.1957ms)
▶ TOOL_PRIORITY
  ✔ is an array of 5 tool types in correct order (0.3024ms)
✔ TOOL_PRIORITY (0.3785ms)
▶ image-defaults.json — structure
  ✔ has a defaults object (0.8641ms)
  ✔ has a categories object (0.1286ms)
  ✔ defaults has required top-level keys (0.1696ms)
  ✔ defaultImageView is an array of non-empty strings (0.1517ms)
  ✔ listThumbKeyBase is an array of non-empty strings (0.144ms)
  ✔ coverImageView is an array of non-empty strings (0.114ms)
  ✔ headerGame is an array of strings (0.1127ms)
  ✔ viewPriority is an array of unique strings (0.1092ms)
  ✔ imageDisplayOptions is an array with view/labelFull/labelShort (0.1403ms)
  ✔ viewMeta is an object with objectFit + label + labelShort per view (0.1909ms)
  ✔ viewMeta keys are a superset of viewPriority entries (0.1497ms)
  ✔ no HBS view names (imgTop, imgBot, etc.) in viewPriority (0.1417ms)
  ✔ no HBS view names in viewMeta keys (0.1163ms)
  ✔ categories has mouse, keyboard, monitor (0.132ms)
  ✔ category overrides are plain objects (may be empty) (0.1156ms)
✔ image-defaults.json — structure (4.0679ms)
▶ resolveImageDefaults()
  ✔ returns defaults for known category with empty overrides (1.0985ms)
  ✔ returns defaults for unknown category (fallback) (0.1244ms)
  ✔ merges category array overrides into defaults (0.1597ms)
  ✔ category viewPriority override replaces entirely (not appended) (0.1118ms)
  ✔ category viewMeta override merges per-view (not replaces entire object) (0.1147ms)
  ✔ returns a new object (not a reference to defaults) (0.1405ms)
  ✔ deep-clones defaultImageView, listThumbKeyBase, and coverImageView arrays (0.2894ms)
  ✔ handles null/undefined category gracefully (0.1246ms)
  ✔ mouse override replaces entire defaultImageView array (0.0862ms)
✔ resolveImageDefaults() (2.5411ms)
▶ resolveViewObjectFit()
  ✔ returns correct objectFit for a known view (0.1434ms)
  ✔ returns correct objectFit for cover views (0.478ms)
  ✔ returns "contain" for unknown view (fallback) (0.1102ms)
  ✔ respects category override for objectFit (4.0008ms)
  ✔ returns "contain" for unknown category + unknown view (0.1727ms)
✔ resolveViewObjectFit() (5.1248ms)
  [INFO] 1/357 products lack _t thumbnail
    mouse/corsair/sabre-v2-pro.json: no _t.webp for any view in chain ["right","top","left","sangle"]
▶ resolveImage() — unit tests
  ✔ returns first view when stemExists returns true (0.9727ms)
  ✔ skips first view when stemExists returns false, picks second (0.1639ms)
  ✔ skips views not in media, then skips views where stemExists is false (0.1844ms)
  ✔ returns null when all views fail stemExists (0.151ms)
  ✔ returns null when no views are in media (0.1468ms)
  ✔ returns null for empty views array (0.1341ms)
  ✔ returns null for empty media images (0.1449ms)
  ✔ passes color through to getImage (0.3277ms)
  ✔ receives the correct stem in stemExists callback (0.7321ms)
  ✔ does not call stemExists for views missing from media (0.2038ms)
✔ resolveImage() — unit tests (4.3616ms)
▶ resolveImage() — integration with real products
  ✔ loaded at least 300 products (1.4824ms)
  ✔ thumbnail resolution (_t) succeeds for all products with media (56.4937ms)
  ✔ cover resolution (_l) succeeds for all products with media (52.7739ms)
  ✔ resolveImage picks a different view than getImageWithFallback when _t is missing (0.2334ms)
  ✔ resolved stem always exists in media.images (52.4764ms)
✔ resolveImage() — integration with real products (163.7351ms)
▶ productImage resolver
  ✔ builds correct URL with empty baseUrl (dev mode) (1.4366ms)
  ✔ builds correct URL with CDN baseUrl (prod mode) (0.277ms)
  ✔ handles all size suffixes (0.2368ms)
  ✔ handles keyboard product (0.1048ms)
  ✔ handles monitor product (0.0921ms)
  ✔ handles color variant stems (0.0937ms)
✔ productImage resolver (7.5199ms)
▶ brandImage resolver
  ✔ builds correct brand logo URL (dev) (0.2033ms)
  ✔ builds correct brand logo URL (prod) (0.1094ms)
  ✔ handles multi-word brand slugs (0.1122ms)
✔ brandImage resolver (0.6083ms)
▶ gameImage resolver
  ✔ builds correct game box art URL (dev) (0.2357ms)
  ✔ builds correct game box art URL (prod) (0.1042ms)
  ✔ handles hero images (0.1044ms)
  ✔ handles cover images (0.1087ms)
✔ gameImage resolver (0.7301ms)
▶ articleImage resolver
  ✔ builds correct article hero URL (dev) (0.169ms)
  ✔ builds correct guide hero URL (0.1047ms)
✔ articleImage resolver (0.3694ms)
▶ contentImage universal resolver
  ✔ builds product URL (replaces productImage) (0.2237ms)
  ✔ builds game URL (replaces gameImage) (0.0867ms)
  ✔ builds article URL (replaces articleImage) (0.0754ms)
  ✔ builds brand URL with png extension (replaces brandImage) (0.0789ms)
  ✔ defaults to webp extension (0.1008ms)
  ✔ works with CDN baseUrl (0.1129ms)
  ✔ handles all size suffixes (0.1538ms)
✔ contentImage universal resolver (1.0508ms)
▶ collectionImagePath convention helper
  ✔ derives game image path from collection + slug (0.1924ms)
  ✔ derives brand image path from collection + slug (0.0752ms)
  ✔ derives guide image path with subdir (0.0632ms)
  ✔ derives review image path with subdir (0.0497ms)
  ✔ derives news image path with subdir (0.0498ms)
  ✔ contentImage + collectionImagePath compose correctly (0.0709ms)
  ✔ contentImage + collectionImagePath for brand with png (0.0552ms)
✔ collectionImagePath convention helper (0.7164ms)
▶ URL format consistency
  ✔ all resolvers produce URLs starting with / when baseUrl is empty (0.112ms)
  ✔ all resolvers produce URLs starting with https when baseUrl is CDN (0.081ms)
✔ URL format consistency (0.2812ms)
▶ newsTopGridItems
  ✔ returns first 4 items from array of 20 (1.2128ms)
  ✔ returns all items when < 4 available (0.204ms)
  ✔ returns empty array for empty input (0.1349ms)
✔ newsTopGridItems (2.4808ms)
▶ newsBottomFeedItems
  ✔ returns items [4..19] from array of 20 (0.2898ms)
  ✔ returns empty array when ≤ 4 items (0.1613ms)
  ✔ returns items [4..end] when 5-19 items (1.1407ms)
  ✔ caps at 16 items (index 4..19) (0.1564ms)
✔ newsBottomFeedItems (2.0043ms)
▶ newsAdInsertIndex
  ✔ returns 7 when feed has ≥ 8 items (0.1755ms)
  ✔ returns -1 when feed has < 8 items (0.1382ms)
  ✔ returns -1 when feed is empty (0.1462ms)
✔ newsAdInsertIndex (0.6761ms)
▶ getImageWithFallback()
  ✔ returns first view when it exists (0.9919ms)
  ✔ falls back to second view when first is missing (0.1313ms)
  ✔ falls back to third view when first two are missing (0.7823ms)
  ✔ returns null when no views match (0.1342ms)
  ✔ returns null for empty views array (0.1159ms)
  ✔ returns null for empty media images (0.1393ms)
  ✔ single-element array behaves like old string API (0.4216ms)
  ✔ passes color parameter through correctly (0.2143ms)
  ✔ falls back to next view if color-specific image not available for first view (0.1945ms)
  ✔ returns correct stem from matched view (0.1981ms)
✔ getImageWithFallback() (4.4853ms)
▶ getCarouselImages
  ✔ returns all non-shape images when no color filter (0.8767ms)
  ✔ returns default-color images when no color specified on multi-color product (0.2696ms)
  ✔ returns images for specific color when color filter applied (0.1994ms)
  ✔ returns all images for no-color product (0.1443ms)
  ✔ returns empty array for empty media (0.6849ms)
  ✔ includes gallery images (seq) in carousel (0.1793ms)
✔ getCarouselImages (3.4356ms)
▶ getImage
  ✔ returns image for matching view (0.5374ms)
  ✔ returns default (colorless) image when no color specified (0.2104ms)
  ✔ returns color-specific image when color specified (0.2216ms)
  ✔ falls back to default when requested color not available for view (0.242ms)
  ✔ returns null for non-existent view (0.1641ms)
  ✔ returns null for empty media (0.1232ms)
  ✔ returns default-color image when all images are color-tagged (0.1427ms)
  ✔ returns first match for view with multiple sequences (0.1485ms)
✔ getImage (2.2335ms)
▶ getImageForColor
  ✔ returns exact color+view match (0.2402ms)
  ✔ falls back to default color when exact color not available for view (0.0936ms)
  ✔ returns null for non-existent view (0.0908ms)
  ✔ returns null for empty media (0.0823ms)
  ✔ works with edition+color images (0.1086ms)
✔ getImageForColor (0.7704ms)
▶ getAvailableColors
  ✔ returns colors array for multi-color product (0.2103ms)
  ✔ returns empty array for no-color product (0.0687ms)
  ✔ returns empty array for empty media (0.0712ms)
  ✔ returns colors including edition colors (0.0679ms)
✔ getAvailableColors (0.528ms)
▶ hasColorVariants
  ✔ returns true for multi-color product (0.1284ms)
  ✔ returns false for no-color product (0.0756ms)
  ✔ returns false for empty media (0.0725ms)
  ✔ returns true for product with 2 colors (default + variant) (0.0782ms)
  ✔ returns false for product with only 1 color in colors array (0.0684ms)
✔ hasColorVariants (0.5516ms)
▶ Navbar characterization: HBS vs TSX structural parity
  ﹣ skipped: start HBS on localhost:3000 and TSX on localhost:4321 (0.5044ms) # SKIP
✔ Navbar characterization: HBS vs TSX structural parity (1.1556ms)
▶ notification store
  ▶ notify()
    ✔ adds a notification to the store (87.3142ms)
    ✔ returns a unique id string (9.3157ms)
    ✔ sets createdAt to a recent timestamp (7.532ms)
    ✔ preserves the provided duration (8.0308ms)
    ✔ preserves product data on vault notifications (10.0737ms)
    ✔ multiple notifications stack in order (6.4237ms)
  ✔ notify() (130.0669ms)
  ▶ dismiss()
    ✔ removes notification by id (5.3655ms)
    ✔ sets dismissing flag before removal (22.1016ms)
    ✔ is a no-op for unknown id (8.0193ms)
    ✔ only removes the targeted notification (8.4167ms)
  ✔ dismiss() (44.281ms)
  ▶ dismissAll()
    ✔ clears all notifications (4.4338ms)
    ✔ is a no-op on empty store (5.9119ms)
  ✔ dismissAll() (10.4741ms)
  ▶ MAX_VISIBLE overflow
    ✔ auto-dismisses oldest when exceeding MAX_VISIBLE (3) (6.4417ms)
  ✔ MAX_VISIBLE overflow (6.5379ms)
  ▶ auto-dismiss timer
    ✔ auto-dismisses after duration elapses (4.697ms)
    ✔ does not auto-dismiss when duration is 0 (sticky) (4.6919ms)
    ✔ manual dismiss cancels auto-dismiss timer (4.5784ms)
  ✔ auto-dismiss timer (14.1786ms)
  ▶ initial state
    ✔ starts with empty array (5.9218ms)
  ✔ initial state (6.0225ms)
✔ notification store (212.3128ms)
✖ professional output names are defined for all core brand/logo presets (1.7227ms)
✔ export path uses mapped output base name, not raw preset key (0.2826ms)
✖ logo_text_black_vertical uses vertical rotation contract (1.4202ms)
▶ productUrl
  ✖ standard slug: razer viper v3 pro (0.8581ms)
  ✖ multi-word brand: mad-catz rat-pro-x3 (0.2104ms)
  ✖ keyboard category (0.1239ms)
  ✖ monitor category (0.9161ms)
  ✖ falls back to slug when imagePath has fewer than 5 segments (0.9652ms)
✖ productUrl (4.0098ms)
▶ filterByActiveCategories
  ✔ keeps only products whose category is in the active list (1.2261ms)
  ✔ returns empty array when no categories are active (0.1043ms)
  ✔ returns all products when all categories are active (0.1035ms)
  ✔ handles single active category (0.0969ms)
  ✔ handles empty products array (0.1106ms)
  ✔ does not mutate the input array (0.1019ms)
  ✔ excludes categories not in the active list (1.0847ms)
✔ filterByActiveCategories (3.802ms)
▶ GET /robots.txt
  ✔ publishes the shared utility disallow rules and sitemap location (50.8831ms)
✔ GET /robots.txt (51.7502ms)
▶ selectDashboard
  ✔ returns up to 3 items by default from recent items (1.0306ms)
  ✔ sorts unpinned by date descending (most recent first) (0.1548ms)
  ✔ prefers hero-backed unpinned items before hero-less ones (0.6874ms)
  ✔ places pinned items first, in pin-set iteration order (0.1833ms)
  ✔ fills remaining slots with most recent unpinned after pinned (0.1521ms)
  ✔ pinned item that does not exist in items is skipped (0.1494ms)
  ✔ enforces category diversity when categorySlug is empty (0.1324ms)
  ✔ skips same-category duplicate in all-view to increase diversity (0.203ms)
  ✔ diversity does not block all slots — fills with same cat if no alternatives (0.1334ms)
  ✔ does NOT enforce diversity when categorySlug is set (0.1734ms)
  ✔ returns empty array for empty input (0.1194ms)
  ✔ handles fewer items than count gracefully (1 item) (0.0821ms)
  ✔ handles fewer items than count gracefully (2 items) (0.0938ms)
  ✔ respects custom count parameter (0.1458ms)
  ✔ returns no duplicates (0.1497ms)
  ✔ pinned items are not duplicated even if also recent (0.1189ms)
  ✔ diversity applies only to non-pinned slots (0.1205ms)
✔ selectDashboard (5.7198ms)
▶ routePathFromHtmlFile
  ✔ index.html → / (1.7129ms)
  ✔ reviews/foo/index.html → /reviews/foo/ (0.1716ms)
  ✔ hubs/mice/index.html → /hubs/mice/ (0.1223ms)
  ✔ brands/razer/index.html → /brands/razer/ (0.1243ms)
  ✔ 404.html → /404/ (0.2228ms)
  ✔ search/index.html → /search/ (0.128ms)
  ✔ deeply/nested/page/index.html → /deeply/nested/page/ (0.1165ms)
✔ routePathFromHtmlFile (3.7115ms)
▶ collectBuiltHtmlPages
  ✔ collects HTML files with correct route paths (22.5682ms)
  ✔ excludes sitemap files (9.7617ms)
  ✔ excludes non-HTML files (6.297ms)
  ✔ reads HTML content correctly (3.6234ms)
  ✔ returns empty array for empty directory (1.3419ms)
✔ collectBuiltHtmlPages (44.176ms)
▶ readSitemapUrls
  ✔ reads URLs from a sitemap index with nested sitemaps (8.0723ms)
  ✔ reads URLs from a flat sitemap (no sitemapindex) (3.8428ms)
  ✔ supports custom index file name (3.4713ms)
✔ readSitemapUrls (15.6087ms)
▶ site domain contract
  ✔ sets PUBLIC_SITE_URL to eggear.com in the local env file (6.4637ms)
  ✔ keeps eggear.com as the example PUBLIC_SITE_URL (1.406ms)
  ✔ uses EG Gear as the TSX site brand across runtime config and the web manifest (24.3131ms)
  ✖ keeps the default site description evergreen instead of hardcoding catalog counts (4.7805ms)
  ✔ reads the Astro site URL from PUBLIC_SITE_URL instead of hardcoding the domain (1.8364ms)
  ✔ generates robots.txt from source code instead of a hardcoded public file (1.662ms)
✖ site domain contract (41.7075ms)
✔ tsconfig excludes generated debug artifacts from type-checking (0.7368ms)
▶ validateRouteGraph
  ✔ returns structured result with issues (22.1452ms)
  ✔ writes log file when issues found (14.9633ms)
  ✔ returns null event and no log file when zero issues (10.5652ms)
  ✔ log filename follows YYYY-MM-DD_HH-mm-ss_route-graph-warning.txt format (11.589ms)
  ✔ event summary matches report summary (13.4157ms)
✔ validateRouteGraph (73.8155ms)
▶ $vaultAction atom
  ✔ starts as null (49.5829ms)
  ✔ emitVaultAction sets the atom value (4.3027ms)
  ✔ each emit produces a new object reference (2.8134ms)
  ✔ supports all action types (2.6094ms)
✔ $vaultAction atom (60.0578ms)
▶ vault notification bridge
  ✔ added action creates a vault toast with action "added" (1.9953ms)
  ✔ removed action creates a vault toast with action "removed" (0.4191ms)
  ✔ duplicate action creates a vault toast with action "duplicate" (0.4061ms)
  ✔ category-full action creates a vault toast with action "category-full" (0.3738ms)
  ✔ added toast has 3000ms duration (0.349ms)
  ✔ removed toast has 3000ms duration (0.3811ms)
  ✔ duplicate toast has 4000ms duration (0.3401ms)
  ✔ category-full toast has 5000ms duration (0.2072ms)
  ✔ cleared-category with count 0 does NOT create a toast (0.2414ms)
  ✔ cleared-all with count 0 does NOT create a toast (0.2293ms)
  ✔ null action (reset) does not create a toast (0.1528ms)
  ✔ passes product brand, model, category, imagePath, thumbnailStem (0.2914ms)
✔ vault notification bridge (6.7589ms)
▶ vault GET response validation
  ✔ valid GET response → parses successfully (51.5517ms)
  ✔ GET response missing rev → fails validation (3.8242ms)
  ✔ GET response with non-array compare → fails validation (3.3078ms)
✔ vault GET response validation (60.371ms)
▶ vault PUT response validation
  ✔ valid PUT response → parses successfully (3.8333ms)
  ✔ PUT response missing ok → fails validation (3.3211ms)
  ✔ HTML error page body → fails validation (4.3379ms)
✔ vault PUT response validation (11.6826ms)
▶ push dirty flag logic
  ✔ marks dirty when change arrives during push (0.2895ms)
  ✔ no follow-up when no change during push (0.1423ms)
✔ push dirty flag logic (0.6702ms)
▶ visibility pull throttle
  ✔ two visibility events within throttle window → only one pull (0.1643ms)
  ✔ visibility event after throttle window → new pull fires (0.167ms)
✔ visibility pull throttle (0.4033ms)
ℹ tests 1173
ℹ suites 275
ℹ pass 1153
ℹ fail 19
ℹ cancelled 0
ℹ skipped 1
ℹ todo 0
ℹ duration_ms 32644.439

✖ failing tests:

test at src\features\ads\tests\ad-slot-markup.test.mjs:21:3
✖ keeps the ad badge dead center and hides it again after live fill (3.11ms)
  AssertionError [ERR_ASSERTION]: The input did not match the regular expression /\.ad-label\s*\{[\s\S]*top:\s*50%;[\s\S]*left:\s*50%;[\s\S]*transform:\s*translate\(-50%,\s*-50%\);/. Input:
  
  '---\r\n' +
    "import { resolveAd, isAdsEnabled, parseLargestSize, parseSmallestSize } from '../resolve';\r\n" +
    'import {\r\n' +
    '  AD_LABEL,\r\n' +
    '  ADSENSE_CLIENT,\r\n' +
    '  SHOW_PRODUCTION_PLACEHOLDERS,\r\n' +
    '  LOAD_SAMPLE_ADS,\r\n' +
    '  SAMPLE_AD_MODE,\r\n' +
    '  SAMPLE_AD_NETWORK,\r\n' +
    "} from '../config';\r\n" +
    'import {\r\n' +
    '  getSampleAdCreative,\r\n' +
    '  getSampleAdCreativeSequence,\r\n' +
    '  type SampleAdCreative,\r\n' +
    "} from '../sample-images';\r\n" +
    'import {\r\n' +
    '  createSampleSlotPlan,\r\n' +
    '  getSampleRefreshPlan,\r\n' +
    "} from '../sample-slot-plan';\r\n" +
    'import {\r\n' +
    '  buildSampleOverlayPresentation,\r\n' +
    '  type SampleOverlayPresentation,\r\n' +
    "} from '../sample-ad-presentation';\r\n" +
    '\r\n' +
    'interface Props {\r\n' +
    '  position: string;\r\n' +
    '  sticky?: boolean;\r\n' +
    '}\r\n' +
    '\r\n' +
    'const { position, sticky = false } = Astro.props;\r\n' +
    '\r\n' +
    'const placement = resolveAd(position);\r\n' +
    'const shouldRender = placement != null && placement.display;\r\n' +
    '\r\n' +
    'const adsEnabled = shouldRender ? isAdsEnabled() : false;\r\n' +
    "const placementType = placement?.placementType ?? 'rail';\r\n" +
    "const isInline = placementType === 'inline';\r\n" +
    '\r\n' +
    'const largestSize = shouldRender ? parseLargestSize(placement.sizes) : undefined;\r\n' +
    'const smallestSize = shouldRender ? parseSmallestSize(placement.sizes) : undefined;\r\n' +
    "const sizeStr = largestSize ? `${largestSize.width}x${largestSize.height}` : '';\r\n" +
    '\r\n' +
    'const w = largestSize?.width ?? 300;\r\n' +
    'const h = largestSize?.height ?? 250;\r\n' +
    'const wSm = smallestSize?.width ?? w;\r\n' +
    'const hSm = smallestSize?.height ?? h;\r\n' +
    '\r\n' +
    '// WHY: aspect-ratio for responsive inline ads — height scales proportionally with width.\r\n' +
    '// At 500px viewport: 970/250 → ~129px height. At 320px → ~82px. Industry standard.\r\n' +
    'const adRatio = `${w} / ${h}`;\r\n' +
    '\r\n' +
    'const adClient = ADSENSE_CLIENT;\r\n' +
    'const ariaLabel = `Advertisement: ${position}`;\r\n' +
    '\r\n' +
    '// WHY: sample ads override everything — render sample ad creatives when enabled.\r\n' +
    'const showSample = shouldRender && LOAD_SAMPLE_ADS;\r\n' +
    'const sampleCreativeSequence = showSample\r\n' +
    '  ? getSampleAdCreativeSequence(w, h, SAMPLE_AD_MODE, SAMPLE_AD_NETWORK, 7)\r\n' +
    '  : [];\r\n' +
    "const sampleSlotKey = `${position}|${w}x${h}|${placementType}|${sticky ? 'sticky' : 'static'}`;\r\n" +
    'const sampleSlotPlan = createSampleSlotPlan({\r\n' +
    '  slotKey: sampleSlotKey,\r\n' +
    '  creatives: sampleCreativeSequence,\r\n' +
    '});\r\n' +
    '\r\n' +
    'interface SampleDisplayCreative extends SampleAdCreative {\r\n' +
    '  overlay?: SampleOverlayPresentation;\r\n' +
    '}\r\n' +
    '\r\n' +
    'function isDefined<T>(value: T | undefined): value is T {\r\n' +
    '  return value !== undefined;\r\n' +
    '}\r\n' +
    '\r\n' +
    'const decorateSampleCreative = (\r\n' +
    '  creative: ReturnType<typeof getSampleAdCreative>,\r\n' +
    '): SampleDisplayCreative | undefined => {\r\n' +
    '  if (!creative) return undefined;\r\n' +
    '\r\n' +
    '  const overlay = buildSampleOverlayPresentation(creative);\r\n' +
    '  return overlay ? { ...creative, overlay } : { ...creative };\r\n' +
    '};\r\n' +
    'const sampleDisplaySequence = sampleSlotPlan.creatives\r\n' +
    '  .map((creative) => decorateSampleCreative(creative))\r\n' +
    '  .filter(isDefined);\r\n' +
    'const sampleFallbackCreative = showSample\r\n' +
    '  ? decorateSampleCreative(getSampleAdCreative(w, h, SAMPLE_AD_MODE, SAMPLE_AD_NETWORK))\r\n' +
    '  : undefined;\r\n' +
    'const sampleCreative = sampleDisplaySequence[0] ?? sampleFallbackCreative;\r\n' +
    'const sampleRefreshPlan = getSampleRefreshPlan({ placementType, sticky });\r\n' +
    'const sampleCreativeHasRotation = sampleDisplaySequence.length > 1 && sampleRefreshPlan.maxRefreshes > 0;\r\n' +
    'const sampleCreativeStartIndex = sampleCreativeHasRotation ? sampleSlotPlan.startIndex : 0;\r\n' +
    'const sampleCreativeRotationPayload = sampleDisplaySequence.length > 0\r\n' +
    '  ? JSON.stringify(sampleDisplaySequence)\r\n' +
    "  : '';\r\n" +
    'const sampleCreativeIntervalMinMs = sampleRefreshPlan.minMs;\r\n' +
    'const sampleCreativeIntervalMaxMs = sampleRefreshPlan.maxMs;\r\n' +
    'const sampleCreativeRefreshLimit = sampleRefreshPlan.maxRefreshes;\r\n' +
    '// WHY: production placeholders show HBS-style border + "Ad" circle when ads are off\r\n' +
    'const showProdPlaceholder = shouldRender && !adsEnabled && !LOAD_SAMPLE_ADS && SHOW_PRODUCTION_PLACEHOLDERS;\r\n' +
    '// Dev placeholder: dashed outline + position label (existing behavior)\r\n' +
    'const showDevPlaceholder = shouldRender && !adsEnabled && !LOAD_SAMPLE_ADS && !SHOW_PRODUCTION_PLACEHOLDERS;\r\n' +
    '---\r\n' +
    '\r\n' +
    '{/* ── Sample Ad: SVG ad creative from config/media/sample-ads/ ── */}\r\n' +
    '{showSample && (\r\n' +
    '  <div\r\n' +
    '    class="ad-slot ad-slot--sample"\r\n' +
    '    data-position={position}\r\n' +
    '    data-provider={placement.provider}\r\n' +
    '    data-first-size={sizeStr}\r\n' +
    '    data-placement-type={placementType}\r\n' +
    "    data-sticky={sticky ? 'true' : undefined}\r\n" +
    '    data-sample-rotation={sampleCreativeHasRotation ? sampleCreativeRotationPayload : undefined}\r\n' +
    '    data-sample-start-index={sampleCreativeHasRotation ? sampleCreativeStartIndex : 0}\r\n' +
    '    data-sample-interval-min={sampleCreativeHasRotation ? sampleCreativeIntervalMinMs : undefined}\r\n' +
    '    data-sample-interval-max={sampleCreativeHasRotation ? sampleCreativeIntervalMaxMs : undefined}\r\n' +
    '    data-sample-refresh-limit={sampleCreativeHasRotation ? sampleCreativeRefreshLimit : undefined}\r\n' +
    '    data-sample-creative-source={sampleCreative?.source}\r\n' +
    '    style={`--ad-w: ${w}px; --ad-h: ${h}px; --ad-w-sm: ${wSm}px; --ad-h-sm: ${hSm}px; --ad-ratio: ${adRatio};`}\r\n' +
    '    role="complementary"\r\n' +
    '    aria-label={ariaLabel}\r\n' +
    '  >\r\n' +
    '    <div class="ad-slot__sample-creative-slot" aria-live="polite">\r\n' +
    '      {sampleCreative ? (\r\n' +
    "      sampleCreative.kind === 'video' ? (\r\n" +
    '        <div class="ad-slot__sample-creative ad-slot__sample-creative--video">\r\n' +
    '            <video\r\n' +
    '              class="ad-slot__sample-video"\r\n' +
    '              autoplay\r\n' +
    '              muted\r\n' +
    '              playsinline\r\n' +
    '              preload="metadata"\r\n' +
    '              aria-label={`${position} ${sampleCreative.networkLabel} sample ad`}\r\n' +
    '            >\r\n' +
    '            <source src={sampleCreative.source} type="video/mp4" />\r\n' +
    '          </video>\r\n' +
    '          {sampleCreative.overlay && (\r\n' +
    '            <div class={`ad-slot__sample-overlay ad-slot__sample-overlay--${sampleCreative.overlay.variant}`}>\r\n' +
    '              <div class="ad-slot__sample-overlay-top">\r\n' +
    '                <span class="ad-slot__sample-network">{sampleCreative.overlay.sponsorLabel}</span>\r\n' +
    '                <span class="ad-slot__sample-badge">{sampleCreative.overlay.badge}</span>\r\n' +
    '              </div>\r\n' +
    '              <div class="ad-slot__sample-overlay-body">\r\n' +
    '                <span class="ad-slot__sample-kicker">{sampleCreative.overlay.kicker}</span>\r\n' +
    '                <span class="ad-slot__sample-label">{sampleCreative.overlay.brand}</span>\r\n' +
    '                <span class="ad-slot__sample-size">{sampleCreative.overlay.headline}</span>\r\n' +
    '                <span class="ad-slot__sample-offer">{sampleCreative.overlay.offer}</span>\r\n' +
    '                <span class="ad-slot__sample-cta">{sampleCreative.overlay.cta}</span>\r\n' +
    '                {sampleCreative.overlay.disclaimer && (\r\n' +
    '                  <span class="ad-slot__sample-meta ad-slot__sample-meta--disclaimer">\r\n' +
    '                    {sampleCreative.overlay.disclaimer}\r\n' +
    '                  </span>\r\n' +
    '                )}\r\n' +
    '                {sampleCreative.overlay.duration && (\r\n' +
    '                  <span class="ad-slot__sample-meta ad-slot__sample-meta--duration">\r\n' +
    '                    {`Duration ${sampleCreative.overlay.duration}`}\r\n' +
    '                  </span>\r\n' +
    '                )}\r\n' +
    '              </div>\r\n' +
    '            </div>\r\n' +
    '          )}\r\n' +
    '        </div>\r\n' +
    '        ) : (\r\n' +
    '          <div class="ad-slot__sample-creative">\r\n' +
    '            <div class="ad-slot__sample-svg-wrap" set:html={sampleCreative.source} />\r\n' +
    '          </div>\r\n' +
    '        )\r\n' +
    '      ) : (\r\n' +
    '      <div class="ad-slot__sample-inner">\r\n' +
    '        <span class="ad-slot__sample-label">Sample Ad</span>\r\n' +
    '        <span class="ad-slot__sample-size">{sizeStr}</span>\r\n' +
    '        <span class="ad-slot__sample-position">{position}</span>\r\n' +
    '      </div>\r\n' +
    '    )}\r\n' +
    '    </div>\r\n' +
    '  </div>\r\n' +
    ')}\r\n' +
    '\r\n' +
    '{showSample && sampleCreativeHasRotation && (\r\n' +
    '  <script type="module">\r\n' +
    '    (() => {\r\n' +
    '      const ROTATION_FALLBACK_MS = 60000;\r\n' +
    '      const HIDDEN_RETRY_MS = 5000;\r\n' +
    '\r\n' +
    "      const SAMPLE_SLOT_RUNTIME_KEY = '__egSampleSlotRuntimeState';\r\n" +
    '      const parseDurationSeconds = (value) => {\r\n' +
    "        if (typeof value !== 'string') return null;\r\n" +
    '\r\n' +
    "        const parts = value.split(':');\r\n" +
    '        if (parts.length !== 2) return null;\r\n' +
    '\r\n' +
    '        const minutes = Number.parseInt(parts[0], 10);\r\n' +
    '        const seconds = Number.parseInt(parts[1], 10);\r\n' +
    '\r\n' +
    '        if (!Number.isFinite(minutes) || !Number.isFinite(seconds)) return null;\r\n' +
    '\r\n' +
    '        return minutes * 60 + seconds;\r\n' +
    '      };\r\n' +
    '\r\n' +
    '      const clamp = (value, min, max) => Math.min(max, Math.max(min, value));\r\n' +
    '      const parseIntervalMs = (raw, fallbackMs = ROTATION_FALLBACK_MS) => {\r\n' +
    "        const parsed = Number.parseInt(String(raw || ''), 10);\r\n" +
    '        if (!Number.isFinite(parsed)) return fallbackMs;\r\n' +
    '        return parsed;\r\n' +
    '      };\r\n' +
    '      const parseRefreshLimit = (raw, fallback = 1) => {\r\n' +
    "        const parsed = Number.parseInt(String(raw || ''), 10);\r\n" +
    '        if (!Number.isFinite(parsed) || parsed < 0) return fallback;\r\n' +
    '        return parsed;\r\n' +
    '      };\r\n' +
    '\r\n' +
    '      const safeDurationMs = (creative, fallbackMs, minMs, maxMs) => {\r\n' +
    '        const baseMs = clamp(fallbackMs, minMs, maxMs);\r\n' +
    "        if (creative?.kind !== 'video') {\r\n" +
    '          return baseMs;\r\n' +
    '        }\r\n' +
    '\r\n' +
    '        const parsedSeconds = parseDurationSeconds(creative?.duration);\r\n' +
    '        if (!Number.isFinite(parsedSeconds) || parsedSeconds <= 0) {\r\n' +
    '          return baseMs;\r\n' +
    '        }\r\n' +
    '\r\n' +
    '        return Math.max(baseMs, (parsedSeconds + 2) * 1000);\r\n' +
    '      };\r\n' +
    '\r\n' +
    '      const jitterMs = (baseMs, minMs, maxMs) => {\r\n' +
    '        const jitter = Math.round((Math.random() - 0.5) * 2500);\r\n' +
    '        return clamp(baseMs + jitter, minMs, maxMs);\r\n' +
    '      };\r\n' +
    '\r\n' +
    '      const getRuntimeState = () => {\r\n' +
    '        const current = window[SAMPLE_SLOT_RUNTIME_KEY];\r\n' +
    "        if (current && typeof current === 'object') {\r\n" +
    '          return current;\r\n' +
    '        }\r\n' +
    '\r\n' +
    '        const state = {\r\n' +
    '          visibleSources: new Set(),\r\n' +
    '          slotSourceById: new Map(),\r\n' +
    '        };\r\n' +
    '        window[SAMPLE_SLOT_RUNTIME_KEY] = state;\r\n' +
    '        return state;\r\n' +
    '      };\r\n' +
    '\r\n' +
    '      const buildOverlay = (creative) => {\r\n' +
    '        const presentation = creative?.overlay;\r\n' +
    '        if (!presentation) return null;\r\n' +
    '\r\n' +
    '   '... 32467 more characters
  
      at TestContext.<anonymous> (file:///C:/Users/Chris/Desktop/EG%20-%20Convert/EG%20-%20TSX/src/features/ads/tests/ad-slot-markup.test.mjs:22:12)
      at Test.runInAsyncScope (node:async_hooks:214:14)
      at Test.run (node:internal/test_runner/test:1103:25)
      at Suite.processPendingSubtests (node:internal/test_runner/test:785:18)
      at Test.postRun (node:internal/test_runner/test:1232:19)
      at Test.run (node:internal/test_runner/test:1160:12)
      at async Promise.all (index 0)
      at async Suite.run (node:internal/test_runner/test:1515:7)
      at async startSubtestAfterBootstrap (node:internal/test_runner/harness:358:3) {
    generatedMessage: true,
    code: 'ERR_ASSERTION',
    actual: '---\r\nimport { resolveAd, isAdsEnabled, parseLargestSize, parseSmallestSize } from \'../resolve\';\r\nimport {\r\n  AD_LABEL,\r\n  ADSENSE_CLIENT,\r\n  SHOW_PRODUCTION_PLACEHOLDERS,\r\n  LOAD_SAMPLE_ADS,\r\n  SAMPLE_AD_MODE,\r\n  SAMPLE_AD_NETWORK,\r\n} from \'../config\';\r\nimport {\r\n  getSampleAdCreative,\r\n  getSampleAdCreativeSequence,\r\n  type SampleAdCreative,\r\n} from \'../sample-images\';\r\nimport {\r\n  createSampleSlotPlan,\r\n  getSampleRefreshPlan,\r\n} from \'../sample-slot-plan\';\r\nimport {\r\n  buildSampleOverlayPresentation,\r\n  type SampleOverlayPresentation,\r\n} from \'../sample-ad-presentation\';\r\n\r\ninterface Props {\r\n  position: string;\r\n  sticky?: boolean;\r\n}\r\n\r\nconst { position, sticky = false } = Astro.props;\r\n\r\nconst placement = resolveAd(position);\r\nconst shouldRender = placement != null && placement.display;\r\n\r\nconst adsEnabled = shouldRender ? isAdsEnabled() : false;\r\nconst placementType = placement?.placementType ?? \'rail\';\r\nconst isInline = placementType === \'inline\';\r\n\r\nconst largestSize = shouldRender ? parseLargestSize(placement.sizes) : undefined;\r\nconst smallestSize = shouldRender ? parseSmallestSize(placement.sizes) : undefined;\r\nconst sizeStr = largestSize ? `${largestSize.width}x${largestSize.height}` : \'\';\r\n\r\nconst w = largestSize?.width ?? 300;\r\nconst h = largestSize?.height ?? 250;\r\nconst wSm = smallestSize?.width ?? w;\r\nconst hSm = smallestSize?.height ?? h;\r\n\r\n// WHY: aspect-ratio for responsive inline ads — height scales proportionally with width.\r\n// At 500px viewport: 970/250 → ~129px height. At 320px → ~82px. Industry standard.\r\nconst adRatio = `${w} / ${h}`;\r\n\r\nconst adClient = ADSENSE_CLIENT;\r\nconst ariaLabel = `Advertisement: ${position}`;\r\n\r\n// WHY: sample ads override everything — render sample ad creatives when enabled.\r\nconst showSample = shouldRender && LOAD_SAMPLE_ADS;\r\nconst sampleCreativeSequence = showSample\r\n  ? getSampleAdCreativeSequence(w, h, SAMPLE_AD_MODE, SAMPLE_AD_NETWORK, 7)\r\n  : [];\r\nconst sampleSlotKey = `${position}|${w}x${h}|${placementType}|${sticky ? \'sticky\' : \'static\'}`;\r\nconst sampleSlotPlan = createSampleSlotPlan({\r\n  slotKey: sampleSlotKey,\r\n  creatives: sampleCreativeSequence,\r\n});\r\n\r\ninterface SampleDisplayCreative extends SampleAdCreative {\r\n  overlay?: SampleOverlayPresentation;\r\n}\r\n\r\nfunction isDefined<T>(value: T | undefined): value is T {\r\n  return value !== undefined;\r\n}\r\n\r\nconst decorateSampleCreative = (\r\n  creative: ReturnType<typeof getSampleAdCreative>,\r\n): SampleDisplayCreative | undefined => {\r\n  if (!creative) return undefined;\r\n\r\n  const overlay = buildSampleOverlayPresentation(creative);\r\n  return overlay ? { ...creative, overlay } : { ...creative };\r\n};\r\nconst sampleDisplaySequence = sampleSlotPlan.creatives\r\n  .map((creative) => decorateSampleCreative(creative))\r\n  .filter(isDefined);\r\nconst sampleFallbackCreative = showSample\r\n  ? decorateSampleCreative(getSampleAdCreative(w, h, SAMPLE_AD_MODE, SAMPLE_AD_NETWORK))\r\n  : undefined;\r\nconst sampleCreative = sampleDisplaySequence[0] ?? sampleFallbackCreative;\r\nconst sampleRefreshPlan = getSampleRefreshPlan({ placementType, sticky });\r\nconst sampleCreativeHasRotation = sampleDisplaySequence.length > 1 && sampleRefreshPlan.maxRefreshes > 0;\r\nconst sampleCreativeStartIndex = sampleCreativeHasRotation ? sampleSlotPlan.startIndex : 0;\r\nconst sampleCreativeRotationPayload = sampleDisplaySequence.length > 0\r\n  ? JSON.stringify(sampleDisplaySequence)\r\n  : \'\';\r\nconst sampleCreativeIntervalMinMs = sampleRefreshPlan.minMs;\r\nconst sampleCreativeIntervalMaxMs = sampleRefreshPlan.maxMs;\r\nconst sampleCreativeRefreshLimit = sampleRefreshPlan.maxRefreshes;\r\n// WHY: production placeholders show HBS-style border + "Ad" circle when ads are off\r\nconst showProdPlaceholder = shouldRender && !adsEnabled && !LOAD_SAMPLE_ADS && SHOW_PRODUCTION_PLACEHOLDERS;\r\n// Dev placeholder: dashed outline + position label (existing behavior)\r\nconst showDevPlaceholder = shouldRender && !adsEnabled && !LOAD_SAMPLE_ADS && !SHOW_PRODUCTION_PLACEHOLDERS;\r\n---\r\n\r\n{/* ── Sample Ad: SVG ad creative from config/media/sample-ads/ ── */}\r\n{showSample && (\r\n  <div\r\n    class="ad-slot ad-slot--sample"\r\n    data-position={position}\r\n    data-provider={placement.provider}\r\n    data-first-size={sizeStr}\r\n    data-placement-type={placementType}\r\n    data-sticky={sticky ? \'true\' : undefined}\r\n    data-sample-rotation={sampleCreativeHasRotation ? sampleCreativeRotationPayload : undefined}\r\n    data-sample-start-index={sampleCreativeHasRotation ? sampleCreativeStartIndex : 0}\r\n    data-sample-interval-min={sampleCreativeHasRotation ? sampleCreativeIntervalMinMs : undefined}\r\n    data-sample-interval-max={sampleCreativeHasRotation ? sampleCreativeIntervalMaxMs : undefined}\r\n    data-sample-refresh-limit={sampleCreativeHasRotation ? sampleCreativeRefreshLimit : undefined}\r\n    data-sample-creative-source={sampleCreative?.source}\r\n    style={`--ad-w: ${w}px; --ad-h: ${h}px; --ad-w-sm: ${wSm}px; --ad-h-sm: ${hSm}px; --ad-ratio: ${adRatio};`}\r\n    role="complementary"\r\n    aria-label={ariaLabel}\r\n  >\r\n    <div class="ad-slot__sample-creative-slot" aria-live="polite">\r\n      {sampleCreative ? (\r\n      sampleCreative.kind === \'video\' ? (\r\n        <div class="ad-slot__sample-creative ad-slot__sample-creative--video">\r\n            <video\r\n              class="ad-slot__sample-video"\r\n              autoplay\r\n              muted\r\n              playsinline\r\n              preload="metadata"\r\n              aria-label={`${position} ${sampleCreative.networkLabel} sample ad`}\r\n            >\r\n            <source src={sampleCreative.source} type="video/mp4" />\r\n          </video>\r\n          {sampleCreative.overlay && (\r\n            <div class={`ad-slot__sample-overlay ad-slot__sample-overlay--${sampleCreative.overlay.variant}`}>\r\n              <div class="ad-slot__sample-overlay-top">\r\n                <span class="ad-slot__sample-network">{sampleCreative.overlay.sponsorLabel}</span>\r\n                <span class="ad-slot__sample-badge">{sampleCreative.overlay.badge}</span>\r\n              </div>\r\n              <div class="ad-slot__sample-overlay-body">\r\n                <span class="ad-slot__sample-kicker">{sampleCreative.overlay.kicker}</span>\r\n                <span class="ad-slot__sample-label">{sampleCreative.overlay.brand}</span>\r\n                <span class="ad-slot__sample-size">{sampleCreative.overlay.headline}</span>\r\n                <span class="ad-slot__sample-offer">{sampleCreative.overlay.offer}</span>\r\n                <span class="ad-slot__sample-cta">{sampleCreative.overlay.cta}</span>\r\n                {sampleCreative.overlay.disclaimer && (\r\n                  <span class="ad-slot__sample-meta ad-slot__sample-meta--disclaimer">\r\n                    {sampleCreative.overlay.disclaimer}\r\n                  </span>\r\n                )}\r\n                {sampleCreative.overlay.duration && (\r\n                  <span class="ad-slot__sample-meta ad-slot__sample-meta--duration">\r\n                    {`Duration ${sampleCreative.overlay.duration}`}\r\n                  </span>\r\n                )}\r\n              </div>\r\n            </div>\r\n          )}\r\n        </div>\r\n        ) : (\r\n          <div class="ad-slot__sample-creative">\r\n            <div class="ad-slot__sample-svg-wrap" set:html={sampleCreative.source} />\r\n          </div>\r\n        )\r\n      ) : (\r\n      <div class="ad-slot__sample-inner">\r\n        <span class="ad-slot__sample-label">Sample Ad</span>\r\n        <span class="ad-slot__sample-size">{sizeStr}</span>\r\n        <span class="ad-slot__sample-position">{position}</span>\r\n      </div>\r\n    )}\r\n    </div>\r\n  </div>\r\n)}\r\n\r\n{showSample && sampleCreativeHasRotation && (\r\n  <script type="module">\r\n    (() => {\r\n      const ROTATION_FALLBACK_MS = 60000;\r\n      const HIDDEN_RETRY_MS = 5000;\r\n\r\n      const SAMPLE_SLOT_RUNTIME_KEY = \'__egSampleSlotRuntimeState\';\r\n      const parseDurationSeconds = (value) => {\r\n        if (typeof value !== \'string\') return null;\r\n\r\n        const parts = value.split(\':\');\r\n        if (parts.length !== 2) return null;\r\n\r\n        const minutes = Number.parseInt(parts[0], 10);\r\n        const seconds = Number.parseInt(parts[1], 10);\r\n\r\n        if (!Number.isFinite(minutes) || !Number.isFinite(seconds)) return null;\r\n\r\n        return minutes * 60 + seconds;\r\n      };\r\n\r\n      const clamp = (value, min, max) => Math.min(max, Math.max(min, value));\r\n      const parseIntervalMs = (raw, fallbackMs = ROTATION_FALLBACK_MS) => {\r\n        const parsed = Number.parseInt(String(raw || \'\'), 10);\r\n        if (!Number.isFinite(parsed)) return fallbackMs;\r\n        return parsed;\r\n      };\r\n      const parseRefreshLimit = (raw, fallback = 1) => {\r\n        const parsed = Number.parseInt(String(raw || \'\'), 10);\r\n        if (!Number.isFinite(parsed) || parsed < 0) return fallback;\r\n        return parsed;\r\n      };\r\n\r\n      const safeDurationMs = (creative, fallbackMs, minMs, maxMs) => {\r\n        const baseMs = clamp(fallbackMs, minMs, maxMs);\r\n        if (creative?.kind !== \'video\') {\r\n          return baseMs;\r\n        }\r\n\r\n        const parsedSeconds = parseDurationSeconds(creative?.duration);\r\n        if (!Number.isFinite(parsedSeconds) || parsedSeconds <= 0) {\r\n          return baseMs;\r\n        }\r\n\r\n        return Math.max(baseMs, (parsedSeconds + 2) * 1000);\r\n      };\r\n\r\n      const jitterMs = (baseMs, minMs, maxMs) => {\r\n        const jitter = Math.round((Math.random() - 0.5) * 2500);\r\n        return clamp(baseMs + jitter, minMs, maxMs);\r\n      };\r\n\r\n      const getRuntimeState = () => {\r\n        const current = window[SAMPLE_SLOT_RUNTIME_KEY];\r\n        if (current && typeof current === \'object\') {\r\n          return current;\r\n        }\r\n\r\n        const state = {\r\n          visibleSources: new Set(),\r\n          slotSourceById: new Map(),\r\n        };\r\n        window[SAMPLE_SLOT_RUNTIME_KEY] = state;\r\n        return state;\r\n      };\r\n\r\n      const buildOverlay = (creative) => {\r\n        const presentation = creative?.overlay;\r\n        if (!presentation) return null;\r\n\r\n   '... 32467 more characters,
    expected: /\.ad-label\s*\{[\s\S]*top:\s*50%;[\s\S]*left:\s*50%;[\s\S]*transform:\s*translate\(-50%,\s*-50%\);/,
    operator: 'match',
    diff: 'simple'
  }

test at test\aws-cloudformation-template.test.mjs:132:3
✖ creates a VPC-enabled Node.js 20 Lambda with a public function URL and IAM permissions for VPC and logs (32.0922ms)
  AssertionError [ERR_ASSERTION]: Expected values to be strictly equal:
  + actual - expected
  
  + 'lambda-entry.handler'
  - 'dist/server/entry.handler'
  
      at TestContext.<anonymous> (file:///C:/Users/Chris/Desktop/EG%20-%20Convert/EG%20-%20TSX/test/aws-cloudformation-template.test.mjs:146:12)
      at Test.runInAsyncScope (node:async_hooks:214:14)
      at Test.run (node:internal/test_runner/test:1103:25)
      at Suite.processPendingSubtests (node:internal/test_runner/test:785:18)
      at Test.postRun (node:internal/test_runner/test:1232:19)
      at Test.run (node:internal/test_runner/test:1160:12)
      at async Suite.processPendingSubtests (node:internal/test_runner/test:785:7) {
    generatedMessage: true,
    code: 'ERR_ASSERTION',
    actual: 'lambda-entry.handler',
    expected: 'dist/server/entry.handler',
    operator: 'strictEqual',
    diff: 'simple'
  }

test at test\config-react-desktop-port.test.mjs:249:3
✖ locks the shell geometry tokens to the Tk dimensions (1.926ms)
  AssertionError [ERR_ASSERTION]: Expected values to be strictly equal:
  
  '16px' !== '20px'
  
      at TestContext.<anonymous> (file:///C:/Users/Chris/Desktop/EG%20-%20Convert/EG%20-%20TSX/test/config-react-desktop-port.test.mjs:257:12)
      at Test.runInAsyncScope (node:async_hooks:214:14)
      at Test.run (node:internal/test_runner/test:1103:25)
      at Test.start (node:internal/test_runner/test:1000:17)
      at node:internal/test_runner/test:1513:71
      at node:internal/per_context/primordials:466:82
      at new Promise (<anonymous>)
      at new SafePromise (node:internal/per_context/primordials:435:3)
      at node:internal/per_context/primordials:466:9
      at Array.map (<anonymous>) {
    generatedMessage: true,
    code: 'ERR_ASSERTION',
    actual: '16px',
    expected: '20px',
    operator: 'strictEqual',
    diff: 'simple'
  }

test at test\config-react-desktop-ui-contract.test.mjs:719:3
✖ renders Hub Tools with dense home/index surfaces from the extracted shared view (18.6372ms)
  AssertionError [ERR_ASSERTION]: The input did not match the regular expression /Hub Tools Index/. Input:
  
  '<section class="content-panel hub-tools-panel"><div class="content-panel__main-tabs"><button type="button" class="content-panel__main-tab" data-active="true">Home</button><button type="button" class="content-panel__main-tab" data-active="false">Index</button></div><div class="index-heroes-panel__info-bar"><span class="index-heroes-panel__info-text">Configure tool cards per category — title, URL, description, SVG icon, and visibility.</span></div><div class="content-panel__homepage hub-tools-panel__home"><div class="content-pool hub-tools-panel__category-list"><div class="content-pool__accent" style="--content-accent:#00aeff"></div><div class="content-pool__header hub-tools-panel__category-header"><h2 class="content-pool__title hub-tools-panel__section-title">Hub Tools Home</h2><span class="content-pool__meta">2 categories</span></div><div class="hub-tools-panel__category-scroll"><button type="button" class="hub-tools-panel__category-tab" data-active="true" style="--content-accent:#00aeff"><span class="hub-tools-panel__category-name">Mouse</span><span class="hub-tools-panel__category-count">5/5</span></button><button type="button" class="hub-tools-panel__category-tab" data-active="false" style="--content-accent:#ff6b6b"><span class="hub-tools-panel__category-name">Keyboard</span><span class="hub-tools-panel__category-count">4/5</span></button></div><div class="hub-tools-panel__tooltip-section"><div class="hub-tools-panel__tooltip-rule"></div><span class="hub-tools-panel__tooltip-heading">Shared tooltips</span><button type="button" class="hub-tools-panel__tooltip-btn">Edit Tooltips</button></div></div><div class="content-dashboard hub-tools-panel__home-main"><div class="content-dashboard__header hub-tools-panel__home-header"><h3 class="content-dashboard__title hub-tools-panel__home-title">Mouse Tool Cards</h3><div class="hub-tools-panel__add-row"><button type="button" class="token-button token-button--quiet hub-tools-panel__add-tool">+ Versus</button><button type="button" class="token-button token-button--quiet hub-tools-panel__add-tool">+ Radars</button><button type="button" class="token-button token-button--quiet hub-tools-panel__add-tool">+ Shapes</button></div></div><div class="hub-tools-panel__tool-list"><article class="hub-tools-panel__tool-card" style="--content-accent:#00aeff"><div class="hub-tools-panel__tool-top"><div class="hub-tools-panel__tool-identity"><span class="hub-tools-panel__tool-icon"><svg viewBox="0 0 20 20" fill="none" stroke="currentColor" stroke-width="1.5" stroke-linecap="round" stroke-linejoin="round" aria-hidden="true"><circle cx="10" cy="4" r="2.5"></circle><circle cx="4" cy="15" r="2.5"></circle><circle cx="16" cy="15" r="2.5"></circle><line x1="8.5" y1="6" x2="5.5" y2="13"></line><line x1="11.5" y1="6" x2="14.5" y2="13"></line><line x1="6.5" y1="15" x2="13.5" y2="15"></line></svg></span><span class="hub-tools-panel__tool-badge">HUB</span><span class="hub-tools-panel__svg-status hub-tools-panel__svg-status--yes">SVG</span></div><div class="hub-tools-panel__tool-actions"><button type="button" class="toggle" data-state="on" aria-pressed="true" aria-label="mouse hub enabled"><span class="toggle__track"><span class="toggle__thumb"></span></span></button><button type="button" class="hub-tools-panel__ghost-action" disabled="" title="Move up">▲</button><button type="button" class="hub-tools-panel__ghost-action" title="Move down">▼</button><button type="button" class="hub-tools-panel__ghost-action hub-tools-panel__ghost-action--danger" title="Remove">×</button></div></div><div class="hub-tools-panel__field-grid"><label class="field"><span class="field__label">Title</span><input class="field__input" value="Hub"/></label><label class="field"><span class="field__label">URL</span><input class="field__input field__input--mono" value="/hubs/mouse"/></label><label class="hub-tools-panel__field--full"><span class="field__label">Description</span><input class="field__input" value="Explore and compare over 500 gaming mouse"/></label><label class="field"><span class="field__label">Subtitle</span><input class="field__input" value="Your One-Stop Mouse Hub"/></label><label class="field"><span class="field__label">Hero</span><input class="field__input field__input--mono" value="/images/tools/mouse/hub/hero-img"/></label></div><div class="hub-tools-panel__card-footer"><button type="button" class="hub-tools-panel__ghost-action">Edit SVG</button><span class="hub-tools-panel__svg-preview">&lt;svg /&gt;</span><div class="hub-tools-panel__toggle-field"><span class="hub-tools-panel__toggle-label">Navbar</span><button type="button" class="toggle" data-state="on" aria-pressed="true" aria-label="mouse hub navbar"><span class="toggle__track"><span class="toggle__thumb"></span></span></button></div></div></article><article class="hub-tools-panel__tool-card" style="--content-accent:#00aeff"><div class="hub-tools-panel__tool-top"><div class="hub-tools-panel__tool-identity"><span class="hub-tools-panel__tool-icon"><svg viewBox="0 0 20 20" fill="none" stroke="currentColor" stroke-width="1.5" stroke-linecap="round" stroke-linejoin="round" aria-hidden="true"><ellipse cx="10" cy="5" rx="6.5" ry="3"></ellipse><line x1="3.5" y1="5" x2="3.5" y2="15"></line><line x1="16.5" y1="5" x2="16.5" y2="15"></line><ellipse cx="10" cy="15" rx="6.5" ry="3"></ellipse><path d="M3.5 10c3.25 2.5 9.75 2.5 13 0"></path></svg></span><span class="hub-tools-panel__tool-badge">DATABASE</span><span class="hub-tools-panel__svg-status hub-tools-panel__svg-status--yes">SVG</span></div><div class="hub-tools-panel__tool-actions"><button type="button" class="toggle" data-state="on" aria-pressed="true" aria-label="mouse database enabled"><span class="toggle__track"><span class="toggle__thumb"></span></span></button><button type="button" class="hub-tools-panel__ghost-action" title="Move up">▲</button><button type="button" class="hub-tools-panel__ghost-action" disabled="" title="Move down">▼</button><button type="button" class="hub-tools-panel__ghost-action hub-tools-panel__ghost-action--danger" title="Remove">×</button></div></div><div class="hub-tools-panel__field-grid"><label class="field"><span class="field__label">Title</span><input class="field__input" value="Database"/></label><label class="field"><span class="field__label">URL</span><input class="field__input field__input--mono" value="/hubs/mouse?view=list"/></label><label class="hub-tools-panel__field--full"><span class="field__label">Description</span><input class="field__input" value="Full database of mice"/></label><label class="field"><span class="field__label">Subtitle</span><input class="field__input" value="Your One-Stop Mouse database"/></label><label class="field"><span class="field__label">Hero</span><input class="field__input field__input--mono" value=""/></label></div><div class="hub-tools-panel__card-footer"><button type="button" class="hub-tools-panel__ghost-action">Edit SVG</button><span class="hub-tools-panel__svg-preview">&lt;svg /&gt;</span><div class="hub-tools-panel__toggle-field"><span class="hub-tools-panel__toggle-label">Navbar</span><button type="button" class="toggle" data-state="off" aria-pressed="false" aria-label="mouse database navbar"><span class="toggle__track"><span class="toggle__thumb"></span></span></button></div></div></article></div></div></div></section>'
  
      at TestContext.<anonymous> (C:\Users\Chris\Desktop\EG - Convert\EG - TSX\test\config-react-desktop-ui-contract.test.mjs:741:12)
      at async Test.run (node:internal/test_runner/test:1110:7)
      at async Suite.processPendingSubtests (node:internal/test_runner/test:785:7) {
    generatedMessage: true,
    code: 'ERR_ASSERTION',
    actual: '<section class="content-panel hub-tools-panel"><div class="content-panel__main-tabs"><button type="button" class="content-panel__main-tab" data-active="true">Home</button><button type="button" class="content-panel__main-tab" data-active="false">Index</button></div><div class="index-heroes-panel__info-bar"><span class="index-heroes-panel__info-text">Configure tool cards per category — title, URL, description, SVG icon, and visibility.</span></div><div class="content-panel__homepage hub-tools-panel__home"><div class="content-pool hub-tools-panel__category-list"><div class="content-pool__accent" style="--content-accent:#00aeff"></div><div class="content-pool__header hub-tools-panel__category-header"><h2 class="content-pool__title hub-tools-panel__section-title">Hub Tools Home</h2><span class="content-pool__meta">2 categories</span></div><div class="hub-tools-panel__category-scroll"><button type="button" class="hub-tools-panel__category-tab" data-active="true" style="--content-accent:#00aeff"><span class="hub-tools-panel__category-name">Mouse</span><span class="hub-tools-panel__category-count">5/5</span></button><button type="button" class="hub-tools-panel__category-tab" data-active="false" style="--content-accent:#ff6b6b"><span class="hub-tools-panel__category-name">Keyboard</span><span class="hub-tools-panel__category-count">4/5</span></button></div><div class="hub-tools-panel__tooltip-section"><div class="hub-tools-panel__tooltip-rule"></div><span class="hub-tools-panel__tooltip-heading">Shared tooltips</span><button type="button" class="hub-tools-panel__tooltip-btn">Edit Tooltips</button></div></div><div class="content-dashboard hub-tools-panel__home-main"><div class="content-dashboard__header hub-tools-panel__home-header"><h3 class="content-dashboard__title hub-tools-panel__home-title">Mouse Tool Cards</h3><div class="hub-tools-panel__add-row"><button type="button" class="token-button token-button--quiet hub-tools-panel__add-tool">+ Versus</button><button type="button" class="token-button token-button--quiet hub-tools-panel__add-tool">+ Radars</button><button type="button" class="token-button token-button--quiet hub-tools-panel__add-tool">+ Shapes</button></div></div><div class="hub-tools-panel__tool-list"><article class="hub-tools-panel__tool-card" style="--content-accent:#00aeff"><div class="hub-tools-panel__tool-top"><div class="hub-tools-panel__tool-identity"><span class="hub-tools-panel__tool-icon"><svg viewBox="0 0 20 20" fill="none" stroke="currentColor" stroke-width="1.5" stroke-linecap="round" stroke-linejoin="round" aria-hidden="true"><circle cx="10" cy="4" r="2.5"></circle><circle cx="4" cy="15" r="2.5"></circle><circle cx="16" cy="15" r="2.5"></circle><line x1="8.5" y1="6" x2="5.5" y2="13"></line><line x1="11.5" y1="6" x2="14.5" y2="13"></line><line x1="6.5" y1="15" x2="13.5" y2="15"></line></svg></span><span class="hub-tools-panel__tool-badge">HUB</span><span class="hub-tools-panel__svg-status hub-tools-panel__svg-status--yes">SVG</span></div><div class="hub-tools-panel__tool-actions"><button type="button" class="toggle" data-state="on" aria-pressed="true" aria-label="mouse hub enabled"><span class="toggle__track"><span class="toggle__thumb"></span></span></button><button type="button" class="hub-tools-panel__ghost-action" disabled="" title="Move up">▲</button><button type="button" class="hub-tools-panel__ghost-action" title="Move down">▼</button><button type="button" class="hub-tools-panel__ghost-action hub-tools-panel__ghost-action--danger" title="Remove">×</button></div></div><div class="hub-tools-panel__field-grid"><label class="field"><span class="field__label">Title</span><input class="field__input" value="Hub"/></label><label class="field"><span class="field__label">URL</span><input class="field__input field__input--mono" value="/hubs/mouse"/></label><label class="hub-tools-panel__field--full"><span class="field__label">Description</span><input class="field__input" value="Explore and compare over 500 gaming mouse"/></label><label class="field"><span class="field__label">Subtitle</span><input class="field__input" value="Your One-Stop Mouse Hub"/></label><label class="field"><span class="field__label">Hero</span><input class="field__input field__input--mono" value="/images/tools/mouse/hub/hero-img"/></label></div><div class="hub-tools-panel__card-footer"><button type="button" class="hub-tools-panel__ghost-action">Edit SVG</button><span class="hub-tools-panel__svg-preview">&lt;svg /&gt;</span><div class="hub-tools-panel__toggle-field"><span class="hub-tools-panel__toggle-label">Navbar</span><button type="button" class="toggle" data-state="on" aria-pressed="true" aria-label="mouse hub navbar"><span class="toggle__track"><span class="toggle__thumb"></span></span></button></div></div></article><article class="hub-tools-panel__tool-card" style="--content-accent:#00aeff"><div class="hub-tools-panel__tool-top"><div class="hub-tools-panel__tool-identity"><span class="hub-tools-panel__tool-icon"><svg viewBox="0 0 20 20" fill="none" stroke="currentColor" stroke-width="1.5" stroke-linecap="round" stroke-linejoin="round" aria-hidden="true"><ellipse cx="10" cy="5" rx="6.5" ry="3"></ellipse><line x1="3.5" y1="5" x2="3.5" y2="15"></line><line x1="16.5" y1="5" x2="16.5" y2="15"></line><ellipse cx="10" cy="15" rx="6.5" ry="3"></ellipse><path d="M3.5 10c3.25 2.5 9.75 2.5 13 0"></path></svg></span><span class="hub-tools-panel__tool-badge">DATABASE</span><span class="hub-tools-panel__svg-status hub-tools-panel__svg-status--yes">SVG</span></div><div class="hub-tools-panel__tool-actions"><button type="button" class="toggle" data-state="on" aria-pressed="true" aria-label="mouse database enabled"><span class="toggle__track"><span class="toggle__thumb"></span></span></button><button type="button" class="hub-tools-panel__ghost-action" title="Move up">▲</button><button type="button" class="hub-tools-panel__ghost-action" disabled="" title="Move down">▼</button><button type="button" class="hub-tools-panel__ghost-action hub-tools-panel__ghost-action--danger" title="Remove">×</button></div></div><div class="hub-tools-panel__field-grid"><label class="field"><span class="field__label">Title</span><input class="field__input" value="Database"/></label><label class="field"><span class="field__label">URL</span><input class="field__input field__input--mono" value="/hubs/mouse?view=list"/></label><label class="hub-tools-panel__field--full"><span class="field__label">Description</span><input class="field__input" value="Full database of mice"/></label><label class="field"><span class="field__label">Subtitle</span><input class="field__input" value="Your One-Stop Mouse database"/></label><label class="field"><span class="field__label">Hero</span><input class="field__input field__input--mono" value=""/></label></div><div class="hub-tools-panel__card-footer"><button type="button" class="hub-tools-panel__ghost-action">Edit SVG</button><span class="hub-tools-panel__svg-preview">&lt;svg /&gt;</span><div class="hub-tools-panel__toggle-field"><span class="hub-tools-panel__toggle-label">Navbar</span><button type="button" class="toggle" data-state="off" aria-pressed="false" aria-label="mouse database navbar"><span class="toggle__track"><span class="toggle__thumb"></span></span></button></div></div></article></div></div></div></section>',
    expected: /Hub Tools Index/,
    operator: 'match',
    diff: 'simple'
  }

test at test\config-react-desktop-ui-contract.test.mjs:746:3
✖ renders Index Heroes with Content-aligned tab hierarchy and per-article accent hooks (10.2787ms)
  AssertionError [ERR_ASSERTION]: The input did not match the regular expression /content-panel__subtabs/. Input:
  
  '<section class="content-panel index-heroes-panel"><div class="content-panel__main-tabs index-heroes-panel__type-tabs"><button type="button" class="content-panel__main-tab index-heroes-panel__type-tab" data-active="true" style="--index-accent:#89b4fa;--content-accent:#89b4fa">Reviews</button><button type="button" class="content-panel__main-tab index-heroes-panel__type-tab" data-active="false" style="--index-accent:#fab387;--content-accent:#fab387">News</button><button type="button" class="content-panel__main-tab index-heroes-panel__type-tab" data-active="false" style="--index-accent:#a6e3a1;--content-accent:#a6e3a1">Guides</button><button type="button" class="content-panel__main-tab index-heroes-panel__type-tab" data-active="false" style="--index-accent:#cba6f7;--content-accent:#cba6f7">Brands</button></div><div class="index-heroes-panel__info-bar"><span class="index-heroes-panel__info-text">Select 3 hero articles for the top of each index page. Empty = auto-fill (pinned first, then newest).</span></div><div class="index-heroes-panel__main"><nav class="index-heroes-panel__cat-sidebar" style="--index-accent:#89b4fa;--content-accent:#89b4fa"><div class="index-heroes-panel__cat-accent"></div><h3 class="index-heroes-panel__cat-heading">Category</h3><button type="button" class="index-heroes-panel__cat-btn" data-active="true"><span class="index-heroes-panel__cat-indicator"></span><span class="index-heroes-panel__cat-label">All (2)</span></button><button type="button" class="index-heroes-panel__cat-btn" data-active="false"><span class="index-heroes-panel__cat-indicator"></span><span class="index-heroes-panel__cat-label">Mouse (2)</span></button></nav><div class="index-heroes-panel__center"><section class="content-dashboard index-heroes-slots"><div class="content-dashboard__header index-heroes-slots__header"><h2 class="content-dashboard__title index-heroes-slots__title">Reviews › All Heroes</h2><span class="index-heroes-slots__mode index-heroes-slots__mode--manual"><span class="inline-icon" title="Manual overrides"><svg viewBox="0 0 20 20" fill="none" stroke="currentColor" stroke-width="var(--inline-icon-stroke-width)" stroke-linecap="round" stroke-linejoin="round" aria-hidden="true"><rect x="5" y="9" width="10" height="8"></rect><path d="M7.5 9V6.5a2.5 2.5 0 0 1 5 0V9"></path></svg></span> 1 manual</span><span class="index-heroes-slots__threshold">⚠ Only 2 articles — hero section will not display (needs 6)</span></div><div class="content-dashboard__grid index-heroes-slots__grid"><article class="content-dashboard__slot content-dashboard__slot--filled content-dashboard__slot--manual index-heroes-slot" data-manual="true" style="--index-accent:#00aeff;--content-accent:#00aeff"><div class="content-dashboard__slot-inner index-heroes-slot__inner"><div class="content-dashboard__slot-top index-heroes-slot__header"><div class="content-dashboard__slot-labels"><span class="content-dashboard__slot-number index-heroes-slot__number">Hero<span class="inline-icon" title="Manual override"><svg viewBox="0 0 20 20" fill="none" stroke="currentColor" stroke-width="var(--inline-icon-stroke-width)" stroke-linecap="round" stroke-linejoin="round" aria-hidden="true"><rect x="5" y="9" width="10" height="8"></rect><path d="M7.5 9V6.5a2.5 2.5 0 0 1 5 0V9"></path></svg></span></span></div><span class="content-dashboard__slot-pin index-heroes-slot__pin"><span class="inline-icon" title="Pinned"><svg viewBox="0 0 20 20" fill="none" stroke="currentColor" stroke-width="var(--inline-icon-stroke-width)" stroke-linecap="round" stroke-linejoin="round" aria-hidden="true"><path d="M7 3h6l-1 5 3 2H5l3-2-1-5Z"></path><line x1="10" y1="10" x2="10" y2="17"></line></svg></span></span><span class="content-dashboard__slot-badge index-heroes-slot__badge">Top Pick</span><button type="button" class="content-dashboard__remove index-heroes-slot__remove"><span class="inline-icon" title="Remove override"><svg viewBox="0 0 20 20" fill="none" stroke="currentColor" stroke-width="var(--inline-icon-stroke-width)" stroke-linecap="round" stroke-linejoin="round" aria-hidden="true"><line x1="5" y1="5" x2="15" y2="15"></line><line x1="15" y1="5" x2="5" y2="15"></line></svg></span></button></div><div class="content-dashboard__slot-body index-heroes-slot__body" style="cursor:grab"><span class="content-dashboard__slot-title index-heroes-slot__title">Review A</span><span class="content-dashboard__slot-bottom index-heroes-slot__bottom"><span class="content-dashboard__slot-category index-heroes-slot__meta">Mouse</span><span class="content-dashboard__slot-date index-heroes-slot__date">01-02-25 p</span></span></div></div></article><article class="content-dashboard__slot content-dashboard__slot--filled content-dashboard__slot--auto index-heroes-slot" data-manual="false" style="--index-accent:#ff6b6b;--content-accent:#ff6b6b"><div class="content-dashboard__slot-inner index-heroes-slot__inner"><div class="content-dashboard__slot-top index-heroes-slot__header"><div class="content-dashboard__slot-labels"><span class="content-dashboard__slot-number index-heroes-slot__number">Side 1<span class="inline-icon" title="Auto slot"><svg viewBox="0 0 20 20" fill="none" stroke="currentColor" stroke-width="var(--inline-icon-stroke-width)" stroke-linecap="round" stroke-linejoin="round" aria-hidden="true"><rect x="3" y="4" width="14" height="12"></rect><line x1="3" y1="8" x2="17" y2="8"></line><line x1="7" y1="4" x2="7" y2="16"></line></svg></span></span></div></div><div class="content-dashboard__slot-body index-heroes-slot__body" style="cursor:default"><span class="content-dashboard__slot-title index-heroes-slot__title">Review B</span><span class="content-dashboard__slot-bottom index-heroes-slot__bottom"><span class="content-dashboard__slot-category index-heroes-slot__meta">Keyboard</span><span class="content-dashboard__slot-date index-heroes-slot__date">01-03-25 p</span></span></div></div></article><article class="content-dashboard__slot content-dashboard__slot--auto index-heroes-slot" data-manual="false" style="--index-accent:#89b4fa;--content-accent:#89b4fa"><div class="content-dashboard__slot-inner index-heroes-slot__inner"><div class="content-dashboard__slot-top index-heroes-slot__header"><div class="content-dashboard__slot-labels"><span class="content-dashboard__slot-number index-heroes-slot__number">Side 2</span></div></div><div class="content-dashboard__slot-empty index-heroes-slot__empty">Drop article here or double-click in pool</div></div></article><article class="content-dashboard__slot content-dashboard__slot--auto index-heroes-slot" data-manual="false" style="--index-accent:#89b4fa;--content-accent:#89b4fa"><div class="content-dashboard__slot-inner index-heroes-slot__inner"><div class="content-dashboard__slot-top index-heroes-slot__header"><div class="content-dashboard__slot-labels"><span class="content-dashboard__slot-number index-heroes-slot__number">Slot 4</span></div></div><div class="content-dashboard__slot-empty index-heroes-slot__empty">Drop article here or double-click in pool</div></div></article><article class="content-dashboard__slot content-dashboard__slot--auto index-heroes-slot" data-manual="false" style="--index-accent:#89b4fa;--content-accent:#89b4fa"><div class="content-dashboard__slot-inner index-heroes-slot__inner"><div class="content-dashboard__slot-top index-heroes-slot__header"><div class="content-dashboard__slot-labels"><span class="content-dashboard__slot-number index-heroes-slot__number">Slot 5</span></div></div><div class="content-dashboard__slot-empty index-heroes-slot__empty">Drop article here or double-click in pool</div></div></article><article class="content-dashboard__slot content-dashboard__slot--auto index-heroes-slot" data-manual="false" style="--index-accent:#89b4fa;--content-accent:#89b4fa"><div class="content-dashboard__slot-inner index-heroes-slot__inner"><div class="content-dashboard__slot-top index-heroes-slot__header"><div class="content-dashboard__slot-labels"><span class="content-dashboard__slot-number index-heroes-slot__number">Slot 6</span></div></div><div class="content-dashboard__slot-empty index-heroes-slot__empty">Drop article here or double-click in pool</div></div></article></div></section><section class="content-pool index-heroes-pool"><div class="content-pool__accent index-heroes-pool__accent" style="--index-accent:#89b4fa;--content-accent:#89b4fa"></div><div class="content-pool__header index-heroes-pool__header"><h2 class="content-pool__title index-heroes-pool__title">Available Articles</h2><span class="content-pool__meta index-heroes-pool__meta">1 available · 1 in hero</span><label class="content-panel__search index-heroes-pool__search"><span class="content-panel__search-label">Search</span><input class="field__input" value=""/></label></div><div class="content-pool__table index-heroes-pool__table" data-brand-mode="false"><div class="content-pool__head index-heroes-pool__head"><span class="content-pool__col index-heroes-pool__col index-heroes-pool__col--pin">📌</span><span class="content-pool__col index-heroes-pool__col index-heroes-pool__col--title">Title</span><span class="content-pool__col index-heroes-pool__col index-heroes-pool__col--cat">Cat</span><span class="content-pool__col index-heroes-pool__col index-heroes-pool__col--date">Date</span><span class="content-pool__col index-heroes-pool__col index-heroes-pool__col--badge">Badge</span></div><div class="content-pool__body index-heroes-pool__rows"><div class="content-pool__row index-heroes-pool__row" data-brand-mode="false" style="--index-accent:#ff6b6b;--content-accent:#ff6b6b;color:#ff6b6b;cursor:grab"><span class="content-pool__cell index-heroes-pool__pin-cell"></span><span class="content-pool__cell content-pool__cell--title index-heroes-pool__title-cell">Review B</span><span class="content-pool__cell index-heroes-pool__meta-cell">Keyboard</span><span class="content-pool__cell index-heroes-pool__date-cell">01-03-25 p</span><span class="content-pool__cell index-heroes-pool__badge-c'... 62 more characters
  
      at TestContext.<anonymous> (C:\Users\Chris\Desktop\EG - Convert\EG - TSX\test\config-react-desktop-ui-contract.test.mjs:759:12)
      at async Test.run (node:internal/test_runner/test:1110:7)
      at async Suite.processPendingSubtests (node:internal/test_runner/test:785:7) {
    generatedMessage: true,
    code: 'ERR_ASSERTION',
    actual: '<section class="content-panel index-heroes-panel"><div class="content-panel__main-tabs index-heroes-panel__type-tabs"><button type="button" class="content-panel__main-tab index-heroes-panel__type-tab" data-active="true" style="--index-accent:#89b4fa;--content-accent:#89b4fa">Reviews</button><button type="button" class="content-panel__main-tab index-heroes-panel__type-tab" data-active="false" style="--index-accent:#fab387;--content-accent:#fab387">News</button><button type="button" class="content-panel__main-tab index-heroes-panel__type-tab" data-active="false" style="--index-accent:#a6e3a1;--content-accent:#a6e3a1">Guides</button><button type="button" class="content-panel__main-tab index-heroes-panel__type-tab" data-active="false" style="--index-accent:#cba6f7;--content-accent:#cba6f7">Brands</button></div><div class="index-heroes-panel__info-bar"><span class="index-heroes-panel__info-text">Select 3 hero articles for the top of each index page. Empty = auto-fill (pinned first, then newest).</span></div><div class="index-heroes-panel__main"><nav class="index-heroes-panel__cat-sidebar" style="--index-accent:#89b4fa;--content-accent:#89b4fa"><div class="index-heroes-panel__cat-accent"></div><h3 class="index-heroes-panel__cat-heading">Category</h3><button type="button" class="index-heroes-panel__cat-btn" data-active="true"><span class="index-heroes-panel__cat-indicator"></span><span class="index-heroes-panel__cat-label">All (2)</span></button><button type="button" class="index-heroes-panel__cat-btn" data-active="false"><span class="index-heroes-panel__cat-indicator"></span><span class="index-heroes-panel__cat-label">Mouse (2)</span></button></nav><div class="index-heroes-panel__center"><section class="content-dashboard index-heroes-slots"><div class="content-dashboard__header index-heroes-slots__header"><h2 class="content-dashboard__title index-heroes-slots__title">Reviews › All Heroes</h2><span class="index-heroes-slots__mode index-heroes-slots__mode--manual"><span class="inline-icon" title="Manual overrides"><svg viewBox="0 0 20 20" fill="none" stroke="currentColor" stroke-width="var(--inline-icon-stroke-width)" stroke-linecap="round" stroke-linejoin="round" aria-hidden="true"><rect x="5" y="9" width="10" height="8"></rect><path d="M7.5 9V6.5a2.5 2.5 0 0 1 5 0V9"></path></svg></span> 1 manual</span><span class="index-heroes-slots__threshold">⚠ Only 2 articles — hero section will not display (needs 6)</span></div><div class="content-dashboard__grid index-heroes-slots__grid"><article class="content-dashboard__slot content-dashboard__slot--filled content-dashboard__slot--manual index-heroes-slot" data-manual="true" style="--index-accent:#00aeff;--content-accent:#00aeff"><div class="content-dashboard__slot-inner index-heroes-slot__inner"><div class="content-dashboard__slot-top index-heroes-slot__header"><div class="content-dashboard__slot-labels"><span class="content-dashboard__slot-number index-heroes-slot__number">Hero<span class="inline-icon" title="Manual override"><svg viewBox="0 0 20 20" fill="none" stroke="currentColor" stroke-width="var(--inline-icon-stroke-width)" stroke-linecap="round" stroke-linejoin="round" aria-hidden="true"><rect x="5" y="9" width="10" height="8"></rect><path d="M7.5 9V6.5a2.5 2.5 0 0 1 5 0V9"></path></svg></span></span></div><span class="content-dashboard__slot-pin index-heroes-slot__pin"><span class="inline-icon" title="Pinned"><svg viewBox="0 0 20 20" fill="none" stroke="currentColor" stroke-width="var(--inline-icon-stroke-width)" stroke-linecap="round" stroke-linejoin="round" aria-hidden="true"><path d="M7 3h6l-1 5 3 2H5l3-2-1-5Z"></path><line x1="10" y1="10" x2="10" y2="17"></line></svg></span></span><span class="content-dashboard__slot-badge index-heroes-slot__badge">Top Pick</span><button type="button" class="content-dashboard__remove index-heroes-slot__remove"><span class="inline-icon" title="Remove override"><svg viewBox="0 0 20 20" fill="none" stroke="currentColor" stroke-width="var(--inline-icon-stroke-width)" stroke-linecap="round" stroke-linejoin="round" aria-hidden="true"><line x1="5" y1="5" x2="15" y2="15"></line><line x1="15" y1="5" x2="5" y2="15"></line></svg></span></button></div><div class="content-dashboard__slot-body index-heroes-slot__body" style="cursor:grab"><span class="content-dashboard__slot-title index-heroes-slot__title">Review A</span><span class="content-dashboard__slot-bottom index-heroes-slot__bottom"><span class="content-dashboard__slot-category index-heroes-slot__meta">Mouse</span><span class="content-dashboard__slot-date index-heroes-slot__date">01-02-25 p</span></span></div></div></article><article class="content-dashboard__slot content-dashboard__slot--filled content-dashboard__slot--auto index-heroes-slot" data-manual="false" style="--index-accent:#ff6b6b;--content-accent:#ff6b6b"><div class="content-dashboard__slot-inner index-heroes-slot__inner"><div class="content-dashboard__slot-top index-heroes-slot__header"><div class="content-dashboard__slot-labels"><span class="content-dashboard__slot-number index-heroes-slot__number">Side 1<span class="inline-icon" title="Auto slot"><svg viewBox="0 0 20 20" fill="none" stroke="currentColor" stroke-width="var(--inline-icon-stroke-width)" stroke-linecap="round" stroke-linejoin="round" aria-hidden="true"><rect x="3" y="4" width="14" height="12"></rect><line x1="3" y1="8" x2="17" y2="8"></line><line x1="7" y1="4" x2="7" y2="16"></line></svg></span></span></div></div><div class="content-dashboard__slot-body index-heroes-slot__body" style="cursor:default"><span class="content-dashboard__slot-title index-heroes-slot__title">Review B</span><span class="content-dashboard__slot-bottom index-heroes-slot__bottom"><span class="content-dashboard__slot-category index-heroes-slot__meta">Keyboard</span><span class="content-dashboard__slot-date index-heroes-slot__date">01-03-25 p</span></span></div></div></article><article class="content-dashboard__slot content-dashboard__slot--auto index-heroes-slot" data-manual="false" style="--index-accent:#89b4fa;--content-accent:#89b4fa"><div class="content-dashboard__slot-inner index-heroes-slot__inner"><div class="content-dashboard__slot-top index-heroes-slot__header"><div class="content-dashboard__slot-labels"><span class="content-dashboard__slot-number index-heroes-slot__number">Side 2</span></div></div><div class="content-dashboard__slot-empty index-heroes-slot__empty">Drop article here or double-click in pool</div></div></article><article class="content-dashboard__slot content-dashboard__slot--auto index-heroes-slot" data-manual="false" style="--index-accent:#89b4fa;--content-accent:#89b4fa"><div class="content-dashboard__slot-inner index-heroes-slot__inner"><div class="content-dashboard__slot-top index-heroes-slot__header"><div class="content-dashboard__slot-labels"><span class="content-dashboard__slot-number index-heroes-slot__number">Slot 4</span></div></div><div class="content-dashboard__slot-empty index-heroes-slot__empty">Drop article here or double-click in pool</div></div></article><article class="content-dashboard__slot content-dashboard__slot--auto index-heroes-slot" data-manual="false" style="--index-accent:#89b4fa;--content-accent:#89b4fa"><div class="content-dashboard__slot-inner index-heroes-slot__inner"><div class="content-dashboard__slot-top index-heroes-slot__header"><div class="content-dashboard__slot-labels"><span class="content-dashboard__slot-number index-heroes-slot__number">Slot 5</span></div></div><div class="content-dashboard__slot-empty index-heroes-slot__empty">Drop article here or double-click in pool</div></div></article><article class="content-dashboard__slot content-dashboard__slot--auto index-heroes-slot" data-manual="false" style="--index-accent:#89b4fa;--content-accent:#89b4fa"><div class="content-dashboard__slot-inner index-heroes-slot__inner"><div class="content-dashboard__slot-top index-heroes-slot__header"><div class="content-dashboard__slot-labels"><span class="content-dashboard__slot-number index-heroes-slot__number">Slot 6</span></div></div><div class="content-dashboard__slot-empty index-heroes-slot__empty">Drop article here or double-click in pool</div></div></article></div></section><section class="content-pool index-heroes-pool"><div class="content-pool__accent index-heroes-pool__accent" style="--index-accent:#89b4fa;--content-accent:#89b4fa"></div><div class="content-pool__header index-heroes-pool__header"><h2 class="content-pool__title index-heroes-pool__title">Available Articles</h2><span class="content-pool__meta index-heroes-pool__meta">1 available · 1 in hero</span><label class="content-panel__search index-heroes-pool__search"><span class="content-panel__search-label">Search</span><input class="field__input" value=""/></label></div><div class="content-pool__table index-heroes-pool__table" data-brand-mode="false"><div class="content-pool__head index-heroes-pool__head"><span class="content-pool__col index-heroes-pool__col index-heroes-pool__col--pin">📌</span><span class="content-pool__col index-heroes-pool__col index-heroes-pool__col--title">Title</span><span class="content-pool__col index-heroes-pool__col index-heroes-pool__col--cat">Cat</span><span class="content-pool__col index-heroes-pool__col index-heroes-pool__col--date">Date</span><span class="content-pool__col index-heroes-pool__col index-heroes-pool__col--badge">Badge</span></div><div class="content-pool__body index-heroes-pool__rows"><div class="content-pool__row index-heroes-pool__row" data-brand-mode="false" style="--index-accent:#ff6b6b;--content-accent:#ff6b6b;color:#ff6b6b;cursor:grab"><span class="content-pool__cell index-heroes-pool__pin-cell"></span><span class="content-pool__cell content-pool__cell--title index-heroes-pool__title-cell">Review B</span><span class="content-pool__cell index-heroes-pool__meta-cell">Keyboard</span><span class="content-pool__cell index-heroes-pool__date-cell">01-03-25 p</span><span class="content-pool__cell index-heroes-pool__badge-c'... 62 more characters,
    expected: /content-panel__subtabs/,
    operator: 'match',
    diff: 'simple'
  }

test at test\config-react-desktop-ui-contract.test.mjs:845:3
✖ uses larger pool table typography and a themed dark scrollbar (1.7047ms)
  AssertionError [ERR_ASSERTION]: The input did not match the regular expression /\.content-pool__body\s*\{[\s\S]*scrollbar-color:\s*var\(--color-surface-2\)\s+var\(--color-base\);/m. Input:
  
  ':root,\n' +
    'html[data-theme="legacy-clone"] {\n' +
    '  --font-ui: "Segoe UI", system-ui, sans-serif;\n' +
    '  --logo-font1: "Futura", sans-serif;\n' +
    '  --font-mono: "Consolas", "Cascadia Mono", monospace;\n' +
    '  --font-weight-regular: 400;\n' +
    '  --font-weight-medium: 600;\n' +
    '  --font-weight-semibold: 600;\n' +
    '  --font-weight-bold: 700;\n' +
    '\n' +
    '  --font-size-title: 19px;\n' +
    '  --font-size-subheading: 12px;\n' +
    '  --font-size-heading: 15px;\n' +
    '  --font-size-body: 12px;\n' +
    '  --font-size-small: 11px;\n' +
    '  --font-size-tiny: 10px;\n' +
    '  --font-size-micro: 9px;\n' +
    '  --font-size-icon: 12px;\n' +
    '  --font-size-shell-logo: 25px;\n' +
    '  --font-size-shell-logo-label: 13px;\n' +
    '  --font-size-shell-nav-label: 14px;\n' +
    '  --font-size-shell-nav-icon: 16px;\n' +
    '  --font-size-section-label: 12px;\n' +
    '  --font-size-form-label: 12px;\n' +
    '  --font-size-meta-label: 10px;\n' +
    '  --font-size-content-nav: 14px;\n' +
    '  --font-size-sidebar-label: 13px;\n' +
    '  --font-size-content-pill: 11px;\n' +
    '  --font-size-content-pool-head: 13px;\n' +
    '  --font-size-content-pool-row: 13px;\n' +
    '  --line-height-title: 1.125;\n' +
    '  --line-height-heading: 1.25;\n' +
    '  --line-height-body: 1.333;\n' +
    '  --line-height-dense: 1;\n' +
    '  --line-height-snug: 1.2;\n' +
    '  --line-height-relaxed: 1.5;\n' +
    '  --line-height-badge: 16px;\n' +
    '\n' +
    '  --letter-spacing-tight: 0.02em;\n' +
    '  --letter-spacing-normal: 0.03em;\n' +
    '  --letter-spacing-wide: 0.04em;\n' +
    '  --letter-spacing-wider: 0.05em;\n' +
    '\n' +
    '  --color-base: #11111b;\n' +
    '  --color-mantle: #181825;\n' +
    '  --color-crust: #0d0d12;\n' +
    '  --color-surface-0: #1e1e2e;\n' +
    '  --color-surface-1: #313244;\n' +
    '  --color-surface-2: #45475a;\n' +
    '  --color-overlay-0: #6c7086;\n' +
    '  --color-overlay-1: #7f849c;\n' +
    '  --color-text: #cdd6f4;\n' +
    '  --color-subtext-1: #bac2de;\n' +
    '  --color-subtext-0: #a6adc8;\n' +
    '  --color-white: #ffffff;\n' +
    '  --color-blue: #89b4fa;\n' +
    '  --color-sapphire: #74c7ec;\n' +
    '  --color-green: #a6e3a1;\n' +
    '  --color-peach: #fab387;\n' +
    '  --color-red: #f38ba8;\n' +
    '  --color-mauve: #cba6f7;\n' +
    '  --color-teal: #94e2d5;\n' +
    '  --color-yellow: #f9e2af;\n' +
    '  --color-drop: #2a2b3d;\n' +
    '  --color-card-border: #252538;\n' +
    '\n' +
    '  --theme-site-primary: var(--color-blue);\n' +
    '  --theme-site-secondary: var(--color-blue);\n' +
    '  --theme-site-primary-hover: var(--color-sapphire);\n' +
    '  --theme-site-primary-dark: var(--color-drop);\n' +
    '  --theme-site-gradient-start: var(--theme-site-primary);\n' +
    '  --theme-site-gradient-end: var(--theme-site-secondary);\n' +
    '\n' +
    '  --status-success: var(--color-green);\n' +
    '  --status-warning: var(--color-peach);\n' +
    '  --status-error: var(--color-red);\n' +
    '  --status-neutral: var(--color-overlay-0);\n' +
    '  --color-backdrop-scrim: rgb(17 17 27 / 0.72);\n' +
    '\n' +
    '  --border-width-hairline: 1px;\n' +
    '  --border-width-strong: 2px;\n' +
    '  --border-width-drop-target: 3px;\n' +
    '  --border-width-category: 4px;\n' +
    '\n' +
    '  --theme-radius-sm: 3px;\n' +
    '  --radius-control: 0px;\n' +
    '  --radius-surface: 0px;\n' +
    '  --radius-badge: 2px;\n' +
    '  --radius-dialog: 0px;\n' +
    '  --card-radius: var(--radius-surface);\n' +
    '\n' +
    '  --shadow-none: none;\n' +
    '  --shadow-card: none;\n' +
    '  --shadow-dialog: none;\n' +
    '  --shadow-toast: none;\n' +
    '  --sidebar-icon-stroke-width: 1.5;\n' +
    '  --inline-icon-stroke-width: 1.7;\n' +
    '  --category-preview-icon-size: 18px;\n' +
    '  --category-preview-icon-stroke-width: 1.5;\n' +
    '\n' +
    '  --z-shell: 1;\n' +
    '  --z-toast: 20;\n' +
    '  --z-dialog-backdrop: 30;\n' +
    '  --z-dialog: 31;\n' +
    '  --z-drag-ghost: 50;\n' +
    '  --z-dialog-overlay: 60;\n' +
    '\n' +
    '  --sidebar-width: 200px;\n' +
    '  --status-height: 32px;\n' +
    '  --context-height: 48px;\n' +
    '  --logo-height: 56px;\n' +
    '  --nav-row-height: 42px;\n' +
    '  --site-theme-height: 52px;\n' +
    '  --page-padding-x: 12px;\n' +
    '  --page-padding-y: 8px;\n' +
    '  --card-grid-gap: 6px;\n' +
    '  --card-inner-padding-x: 10px;\n' +
    '  --card-inner-padding-y: 8px;\n' +
    '  --card-row-gap: 3px;\n' +
    '  --input-height: 24px;\n' +
    '  --toggle-width: 38px;\n' +
    '  --toggle-height: 16px;\n' +
    '  --button-height: 24px;\n' +
    '  --button-padding-x: 8px;\n' +
    '  --button-padding-y: 4px;\n' +
    '  --shell-sidebar-padding-x: 12px;\n' +
    '  --shell-logo-gap: 8px;\n' +
    '  --shell-logo-letter-spacing: 0.08em;\n' +
    '  --shell-logo-wordmark-spacing: -0.65px;\n' +
    '  --shell-nav-gap: 1px;\n' +
    '  --shell-nav-item-gap: 9px;\n' +
    '  --shell-nav-item-padding-right: 10px;\n' +
    '  --shell-nav-icon-width: 20px;\n' +
    '  --field-inline-label-width: 42px;\n' +
    '  --theme-color-label-width: 62px;\n' +
    '  --content-main-tab-height: var(--nav-row-height);\n' +
    '  --content-subtab-height: var(--button-height);\n' +
    '  --content-toolbar-gap: var(--card-grid-gap);\n' +
    '  --content-pool-width: 650px;\n' +
    '  --content-panel-gap: var(--card-grid-gap);\n' +
    '  --content-grid-gap: var(--card-grid-gap);\n' +
    '  --content-slot-padding: 6px;\n' +
    '  --content-pool-row-height: 24px;\n' +
    '  --content-pill-height: 22px;\n' +
    '  --content-input-width: 192px;\n' +
    '  --content-pool-type-col-width: 64px;\n' +
    '  --toggle-height-sm: 14px;\n' +
    '  --button-padding-x-sm: 6px;\n' +
    '  --gap-tight: 4px;\n' +
    '  --spacing-section-break: 7px;\n' +
    '  --color-picker-height: 32px;\n' +
    '  --hub-category-sidebar-width: 170px;\n' +
    '  --hub-slot-height: 84px;\n' +
    '  --hub-pool-height: 288px;\n' +
    '}\n' +
    '\n' +
    'html[data-theme="arcade-neon"] {\n' +
    '  --font-ui: "Orbitron", "Segoe UI", system-ui, sans-serif;\n' +
    '  --logo-font1: "Orbitron", sans-serif;\n' +
    '  --font-mono: "Share Tech Mono", "Consolas", "Cascadia Mono", monospace;\n' +
    '  --font-weight-regular: 500;\n' +
    '  --font-weight-medium: 700;\n' +
    '  --font-weight-semibold: 700;\n' +
    '  --font-weight-bold: 800;\n' +
    '\n' +
    '  --color-base: #02030a;\n' +
    '  --color-mantle: #050814;\n' +
    '  --color-crust: #070b1f;\n' +
    '  --color-surface-0: #0d1330;\n' +
    '  --color-surface-1: #18204a;\n' +
    '  --color-surface-2: #27326b;\n' +
    '  --color-overlay-0: #83a4ff;\n' +
    '  --color-overlay-1: #9ab6ff;\n' +
    '  --color-text: #e4eeff;\n' +
    '  --color-subtext-1: #d1e0ff;\n' +
    '  --color-subtext-0: #b8cdff;\n' +
    '  --color-white: #ffffff;\n' +
    '  --color-blue: #64d3ff;\n' +
    '  --color-sapphire: #4fffcf;\n' +
    '  --color-green: #5dff93;\n' +
    '  --color-peach: #ffb25f;\n' +
    '  --color-red: #ff5f94;\n' +
    '  --color-mauve: #cf7dff;\n' +
    '  --color-teal: #5ef8ff;\n' +
    '  --color-yellow: #ffd764;\n' +
    '  --color-drop: #050a23;\n' +
    '  --color-card-border: #2b3c85;\n' +
    '\n' +
    '  --theme-site-primary: var(--color-teal);\n' +
    '  --theme-site-secondary: var(--color-mauve);\n' +
    '  --theme-site-primary-hover: #7bffdf;\n' +
    '  --theme-site-primary-dark: #0d1b4f;\n' +
    '  --theme-site-gradient-start: var(--theme-site-primary);\n' +
    '  --theme-site-gradient-end: var(--theme-site-secondary);\n' +
    '\n' +
    '  --status-success: var(--color-green);\n' +
    '  --status-warning: var(--color-yellow);\n' +
    '  --status-error: var(--color-red);\n' +
    '  --status-neutral: var(--color-overlay-0);\n' +
    '  --color-backdrop-scrim: rgb(4 8 26 / 0.78);\n' +
    '\n' +
    '  --border-width-hairline: 1px;\n' +
    '  --border-width-strong: 2px;\n' +
    '  --border-width-drop-target: 3px;\n' +
    '  --border-width-category: 4px;\n' +
    '\n' +
    '  --theme-radius-sm: 3px;\n' +
    '  --radius-control: 4px;\n' +
    '  --radius-surface: 6px;\n' +
    '  --radius-badge: 3px;\n' +
    '  --radius-dialog: 8px;\n' +
    '  --card-radius: var(--radius-surface);\n' +
    '\n' +
    '  --shadow-none: none;\n' +
    '  --shadow-card:\n' +
    '    0 0 0 1px rgb(94 248 255 / 0.35),\n' +
    '    0 0 18px rgb(94 248 255 / 0.16);\n' +
    '  --shadow-dialog:\n' +
    '    0 0 0 1px rgb(207 125 255 / 0.35),\n' +
    '    0 0 28px rgb(94 248 255 / 0.14);\n' +
    '  --shadow-toast:\n' +
    '    0 0 0 1px rgb(94 248 255 / 0.24),\n' +
    '    0 0 24px rgb(94 248 255 / 0.18);\n' +
    '  --shell-logo-wordmark-spacing: -0.65px;\n' +
    '  --sidebar-icon-stroke-width: 1.8;\n' +
    '  --inline-icon-stroke-width: 1.9;\n' +
    '  --category-preview-icon-size: 18px;\n' +
    '  --category-preview-icon-stroke-width: 1.8;\n' +
    '}\n' +
    '\n' +
    '* {\n' +
    '  box-sizing: border-box;\n' +
    '  scrollbar-width: thin;\n' +
    '  scrollbar-color: var(--color-surface-2) transparent;\n' +
    '}\n' +
    '\n' +
    '::-webkit-scrollbar {\n' +
    '  width: 6px;\n' +
    '  height: 6px;\n' +
    '}\n' +
    '\n' +
    '::-webkit-scrollbar-track {\n' +
    '  background: transparent;\n' +
    '}\n' +
    '\n' +
    '::-webkit-scrollbar-thumb {\n' +
    '  background: var(--color-surface-2);\n' +
    '  border-radius: var(--theme-radius-sm);\n' +
    '}\n' +
    '\n' +
    '::-webkit-scrollbar-thumb:hover {\n' +
    '  background: var(--color-overlay-0);\n' +
    '}\n' +
    '\n' +
    '::-webkit-scrollbar-corner {\n' +
    '  background: transparent;\n' +
    '}\n' +
    '\n' +
    'html,\n' +
    'body,\n' +
    '#root {\n' +
    '  height: 100%;\n' +
    '}\n' +
    '\n' +
    'body {\n' +
    '  margin: 0;\n' +
    '  overflow: hidden;\n' +
    '  background: var(--color-mantle);\n' +
    '  color: var(--color-text);\n' +
    '  font-family: var(--font-ui);\n' +
    '  font-size: var(--font-size-body);\n' +
    '  font-weight: var(--font-weight-regular);\n' +
    '  line-height: var(--line-height-body);\n' +
    '  text-rendering: optimizeLegibility;\n' +
    '}\n' +
    '\n' +
    'button,\n' +
    'input {\n' +
    '  font: inherit;\n' +
    '  line-height: var(--line-height-snug);\n' +
    '}\n' +
    '\n' +
    'h1,\n' +
    'h2,\n' +
    'h3,\n' +
    'p {\n' +
    '  margin: 0;\n' +
    '}\n' +
    '\n' +
    'h1 {\n' +
    '  font-size: var(--font-size-title);\n' +
    '  font-weight: var(--font-weight-bold);\n' +
    '  line-height: var(--line-height-title);\n' +
    '}\n' +
    '\n' +
    'h2,\n' +
    'h3 {\n' +
    '  font-size: var(--font-size-heading);\n' +
    '  font-weight: var(--font-weight-medium);\n' +
    '  line-height: var(--line-height-heading);\n' +
    '}\n' +
    '\n' +
    'button {\n' +
    '  appearance: none;\n' +
    '  cursor: pointer;\n' +
    '}\n' +
    '\n' +
    'input {\n' +
    '  appearance: none;\n' +
    '  border-radius: 0;\n' +
    '}\n' +
    '\n' +
    'input:focus-visible,\n' +
    'button:focus-visible {\n' +
    '  outline: var(--border-width-hairline) solid var(--color-blue);\n' +
    '  outline-offset: -1px;\n' +
    '}\n' +
    '\n' +
    '.app-shell {\n' +
    '  display: flex;\n' +
    '  flex-direction: column;\n' +
    '  height: 100%;\n' +
    '  background: var(--color-mantle);\n' +
    '}\n' +
    '\n' +
    '.app-shell__body {\n' +
    '  display: flex;\n' +
    '  flex: 1 1 auto;\n' +
    '  min-height: 0;\n' +
    '}\n' +
    '\n' +
    '.app-shell__sidebar {\n' +
    '  display: flex;\n' +
    '  flex-direction: column;\n' +
    '  width: var(--sidebar-width);\n' +
    '  min-width: var(--sidebar-width);\n' +
    '  background: var(--color-crust);\n' +
    '}\n' +
    '\n' +
    '.sidebar__logo {\n' +
    '  display: flex;\n' +
    '  align-items: center;\n' +
    '  min-height: var(--logo-height);\n' +
    '  padding-inline: var(--shell-sidebar-padding-x);\n' +
    '}\n' +
    '\n' +
    '.sidebar__logo-wordmark {\n' +
    '  display: flex;\n' +
    '  align-items: center;\n' +
    '  font-size: var(--font-size-shell-logo);\n' +
    '  font-family: var(--logo-font1);\n' +
    '  font-weight: var(--font-weight-bold);\n' +
    '  color: var(--color-text);\n' +
    '  letter-spacing: var(--shell-logo-wordmark-spacing);\n' +
    '  overflow: visible;\n' +
    '  border-radius: var(--radius-control);\n' +
    '  gap: 0.05em;\n' +
    '}\n' +
    '\n' +
    '.sidebar__logo-wordmark .navsitename1 {\n' +
    '  padding: 0.15em;\n' +
    '  background: linear-gradient(to right, var(--theme-site-gradient-start), var(--theme-site-gradient-end));\n' +
    '  color: var(--color-text);\n' +
    '  text-box-trim: trim-both;\n' +
    '  text-box-edge: cap alphabetic;\n' +
    '}\n' +
    '\n' +
    '.sidebar__logo-wordmark .navsitename2 {\n' +
    '  display: inline-block;\n' +
    '  margin-right: 0.75rem;\n' +
    '  line-height: 1.1em;\n' +
    '  height: auto;\n' +
    '  padding-bottom: 0.1em;\n' +
    '  overflow: visible;\n' +
    '  transform: translateY(0.05em);\n' +
    '}\n' +
    '\n' +
    '@supports not (text-box-trim: trim-both) {\n' +
    '\n' +
    '  .sidebar__logo-wordmark .navsitename1 {\n' +
    '    line-height: 0.85em;\n' +
    '    height: 0.85em;\n' +
    '  }\n' +
    '}\n' +
    '\n' +
    '.sidebar__rule {\n' +
    '  height: var(--border-width-hairline);\n' +
    '  background: var(--color-surface-1);\n' +
    '}\n' +
    '\n' +
    '.sidebar__nav {\n' +
    '  display: flex;\n' +
    '  flex: 1 1 auto;\n' +
    '  flex-direction: column;\n' +
    '  gap: var(--shell-nav-gap);\n' +
    '  padding: 6px 6px 0;\n' +
    '}\n' +
    '\n' +
    '.sidebar__nav-item {\n' +
    '  display: flex;\n' +
    '  align-items: center;\n' +
    '  height: var(--nav-row-height);\n' +
    '  gap: var(--shell-nav-item-gap);\n' +
    '  margin-inline: 0;\n' +
    ' '... 96292 more characters
  
      at TestContext.<anonymous> (C:\Users\Chris\Desktop\EG - Convert\EG - TSX\test\config-react-desktop-ui-contract.test.mjs:856:12)
      at Test.runInAsyncScope (node:async_hooks:214:14)
      at Test.run (node:internal/test_runner/test:1103:25)
      at Suite.processPendingSubtests (node:internal/test_runner/test:785:18)
      at Test.postRun (node:internal/test_runner/test:1232:19)
      at Test.run (node:internal/test_runner/test:1160:12)
      at async Suite.processPendingSubtests (node:internal/test_runner/test:785:7) {
    generatedMessage: true,
    code: 'ERR_ASSERTION',
    actual: ':root,\nhtml[data-theme="legacy-clone"] {\n  --font-ui: "Segoe UI", system-ui, sans-serif;\n  --logo-font1: "Futura", sans-serif;\n  --font-mono: "Consolas", "Cascadia Mono", monospace;\n  --font-weight-regular: 400;\n  --font-weight-medium: 600;\n  --font-weight-semibold: 600;\n  --font-weight-bold: 700;\n\n  --font-size-title: 19px;\n  --font-size-subheading: 12px;\n  --font-size-heading: 15px;\n  --font-size-body: 12px;\n  --font-size-small: 11px;\n  --font-size-tiny: 10px;\n  --font-size-micro: 9px;\n  --font-size-icon: 12px;\n  --font-size-shell-logo: 25px;\n  --font-size-shell-logo-label: 13px;\n  --font-size-shell-nav-label: 14px;\n  --font-size-shell-nav-icon: 16px;\n  --font-size-section-label: 12px;\n  --font-size-form-label: 12px;\n  --font-size-meta-label: 10px;\n  --font-size-content-nav: 14px;\n  --font-size-sidebar-label: 13px;\n  --font-size-content-pill: 11px;\n  --font-size-content-pool-head: 13px;\n  --font-size-content-pool-row: 13px;\n  --line-height-title: 1.125;\n  --line-height-heading: 1.25;\n  --line-height-body: 1.333;\n  --line-height-dense: 1;\n  --line-height-snug: 1.2;\n  --line-height-relaxed: 1.5;\n  --line-height-badge: 16px;\n\n  --letter-spacing-tight: 0.02em;\n  --letter-spacing-normal: 0.03em;\n  --letter-spacing-wide: 0.04em;\n  --letter-spacing-wider: 0.05em;\n\n  --color-base: #11111b;\n  --color-mantle: #181825;\n  --color-crust: #0d0d12;\n  --color-surface-0: #1e1e2e;\n  --color-surface-1: #313244;\n  --color-surface-2: #45475a;\n  --color-overlay-0: #6c7086;\n  --color-overlay-1: #7f849c;\n  --color-text: #cdd6f4;\n  --color-subtext-1: #bac2de;\n  --color-subtext-0: #a6adc8;\n  --color-white: #ffffff;\n  --color-blue: #89b4fa;\n  --color-sapphire: #74c7ec;\n  --color-green: #a6e3a1;\n  --color-peach: #fab387;\n  --color-red: #f38ba8;\n  --color-mauve: #cba6f7;\n  --color-teal: #94e2d5;\n  --color-yellow: #f9e2af;\n  --color-drop: #2a2b3d;\n  --color-card-border: #252538;\n\n  --theme-site-primary: var(--color-blue);\n  --theme-site-secondary: var(--color-blue);\n  --theme-site-primary-hover: var(--color-sapphire);\n  --theme-site-primary-dark: var(--color-drop);\n  --theme-site-gradient-start: var(--theme-site-primary);\n  --theme-site-gradient-end: var(--theme-site-secondary);\n\n  --status-success: var(--color-green);\n  --status-warning: var(--color-peach);\n  --status-error: var(--color-red);\n  --status-neutral: var(--color-overlay-0);\n  --color-backdrop-scrim: rgb(17 17 27 / 0.72);\n\n  --border-width-hairline: 1px;\n  --border-width-strong: 2px;\n  --border-width-drop-target: 3px;\n  --border-width-category: 4px;\n\n  --theme-radius-sm: 3px;\n  --radius-control: 0px;\n  --radius-surface: 0px;\n  --radius-badge: 2px;\n  --radius-dialog: 0px;\n  --card-radius: var(--radius-surface);\n\n  --shadow-none: none;\n  --shadow-card: none;\n  --shadow-dialog: none;\n  --shadow-toast: none;\n  --sidebar-icon-stroke-width: 1.5;\n  --inline-icon-stroke-width: 1.7;\n  --category-preview-icon-size: 18px;\n  --category-preview-icon-stroke-width: 1.5;\n\n  --z-shell: 1;\n  --z-toast: 20;\n  --z-dialog-backdrop: 30;\n  --z-dialog: 31;\n  --z-drag-ghost: 50;\n  --z-dialog-overlay: 60;\n\n  --sidebar-width: 200px;\n  --status-height: 32px;\n  --context-height: 48px;\n  --logo-height: 56px;\n  --nav-row-height: 42px;\n  --site-theme-height: 52px;\n  --page-padding-x: 12px;\n  --page-padding-y: 8px;\n  --card-grid-gap: 6px;\n  --card-inner-padding-x: 10px;\n  --card-inner-padding-y: 8px;\n  --card-row-gap: 3px;\n  --input-height: 24px;\n  --toggle-width: 38px;\n  --toggle-height: 16px;\n  --button-height: 24px;\n  --button-padding-x: 8px;\n  --button-padding-y: 4px;\n  --shell-sidebar-padding-x: 12px;\n  --shell-logo-gap: 8px;\n  --shell-logo-letter-spacing: 0.08em;\n  --shell-logo-wordmark-spacing: -0.65px;\n  --shell-nav-gap: 1px;\n  --shell-nav-item-gap: 9px;\n  --shell-nav-item-padding-right: 10px;\n  --shell-nav-icon-width: 20px;\n  --field-inline-label-width: 42px;\n  --theme-color-label-width: 62px;\n  --content-main-tab-height: var(--nav-row-height);\n  --content-subtab-height: var(--button-height);\n  --content-toolbar-gap: var(--card-grid-gap);\n  --content-pool-width: 650px;\n  --content-panel-gap: var(--card-grid-gap);\n  --content-grid-gap: var(--card-grid-gap);\n  --content-slot-padding: 6px;\n  --content-pool-row-height: 24px;\n  --content-pill-height: 22px;\n  --content-input-width: 192px;\n  --content-pool-type-col-width: 64px;\n  --toggle-height-sm: 14px;\n  --button-padding-x-sm: 6px;\n  --gap-tight: 4px;\n  --spacing-section-break: 7px;\n  --color-picker-height: 32px;\n  --hub-category-sidebar-width: 170px;\n  --hub-slot-height: 84px;\n  --hub-pool-height: 288px;\n}\n\nhtml[data-theme="arcade-neon"] {\n  --font-ui: "Orbitron", "Segoe UI", system-ui, sans-serif;\n  --logo-font1: "Orbitron", sans-serif;\n  --font-mono: "Share Tech Mono", "Consolas", "Cascadia Mono", monospace;\n  --font-weight-regular: 500;\n  --font-weight-medium: 700;\n  --font-weight-semibold: 700;\n  --font-weight-bold: 800;\n\n  --color-base: #02030a;\n  --color-mantle: #050814;\n  --color-crust: #070b1f;\n  --color-surface-0: #0d1330;\n  --color-surface-1: #18204a;\n  --color-surface-2: #27326b;\n  --color-overlay-0: #83a4ff;\n  --color-overlay-1: #9ab6ff;\n  --color-text: #e4eeff;\n  --color-subtext-1: #d1e0ff;\n  --color-subtext-0: #b8cdff;\n  --color-white: #ffffff;\n  --color-blue: #64d3ff;\n  --color-sapphire: #4fffcf;\n  --color-green: #5dff93;\n  --color-peach: #ffb25f;\n  --color-red: #ff5f94;\n  --color-mauve: #cf7dff;\n  --color-teal: #5ef8ff;\n  --color-yellow: #ffd764;\n  --color-drop: #050a23;\n  --color-card-border: #2b3c85;\n\n  --theme-site-primary: var(--color-teal);\n  --theme-site-secondary: var(--color-mauve);\n  --theme-site-primary-hover: #7bffdf;\n  --theme-site-primary-dark: #0d1b4f;\n  --theme-site-gradient-start: var(--theme-site-primary);\n  --theme-site-gradient-end: var(--theme-site-secondary);\n\n  --status-success: var(--color-green);\n  --status-warning: var(--color-yellow);\n  --status-error: var(--color-red);\n  --status-neutral: var(--color-overlay-0);\n  --color-backdrop-scrim: rgb(4 8 26 / 0.78);\n\n  --border-width-hairline: 1px;\n  --border-width-strong: 2px;\n  --border-width-drop-target: 3px;\n  --border-width-category: 4px;\n\n  --theme-radius-sm: 3px;\n  --radius-control: 4px;\n  --radius-surface: 6px;\n  --radius-badge: 3px;\n  --radius-dialog: 8px;\n  --card-radius: var(--radius-surface);\n\n  --shadow-none: none;\n  --shadow-card:\n    0 0 0 1px rgb(94 248 255 / 0.35),\n    0 0 18px rgb(94 248 255 / 0.16);\n  --shadow-dialog:\n    0 0 0 1px rgb(207 125 255 / 0.35),\n    0 0 28px rgb(94 248 255 / 0.14);\n  --shadow-toast:\n    0 0 0 1px rgb(94 248 255 / 0.24),\n    0 0 24px rgb(94 248 255 / 0.18);\n  --shell-logo-wordmark-spacing: -0.65px;\n  --sidebar-icon-stroke-width: 1.8;\n  --inline-icon-stroke-width: 1.9;\n  --category-preview-icon-size: 18px;\n  --category-preview-icon-stroke-width: 1.8;\n}\n\n* {\n  box-sizing: border-box;\n  scrollbar-width: thin;\n  scrollbar-color: var(--color-surface-2) transparent;\n}\n\n::-webkit-scrollbar {\n  width: 6px;\n  height: 6px;\n}\n\n::-webkit-scrollbar-track {\n  background: transparent;\n}\n\n::-webkit-scrollbar-thumb {\n  background: var(--color-surface-2);\n  border-radius: var(--theme-radius-sm);\n}\n\n::-webkit-scrollbar-thumb:hover {\n  background: var(--color-overlay-0);\n}\n\n::-webkit-scrollbar-corner {\n  background: transparent;\n}\n\nhtml,\nbody,\n#root {\n  height: 100%;\n}\n\nbody {\n  margin: 0;\n  overflow: hidden;\n  background: var(--color-mantle);\n  color: var(--color-text);\n  font-family: var(--font-ui);\n  font-size: var(--font-size-body);\n  font-weight: var(--font-weight-regular);\n  line-height: var(--line-height-body);\n  text-rendering: optimizeLegibility;\n}\n\nbutton,\ninput {\n  font: inherit;\n  line-height: var(--line-height-snug);\n}\n\nh1,\nh2,\nh3,\np {\n  margin: 0;\n}\n\nh1 {\n  font-size: var(--font-size-title);\n  font-weight: var(--font-weight-bold);\n  line-height: var(--line-height-title);\n}\n\nh2,\nh3 {\n  font-size: var(--font-size-heading);\n  font-weight: var(--font-weight-medium);\n  line-height: var(--line-height-heading);\n}\n\nbutton {\n  appearance: none;\n  cursor: pointer;\n}\n\ninput {\n  appearance: none;\n  border-radius: 0;\n}\n\ninput:focus-visible,\nbutton:focus-visible {\n  outline: var(--border-width-hairline) solid var(--color-blue);\n  outline-offset: -1px;\n}\n\n.app-shell {\n  display: flex;\n  flex-direction: column;\n  height: 100%;\n  background: var(--color-mantle);\n}\n\n.app-shell__body {\n  display: flex;\n  flex: 1 1 auto;\n  min-height: 0;\n}\n\n.app-shell__sidebar {\n  display: flex;\n  flex-direction: column;\n  width: var(--sidebar-width);\n  min-width: var(--sidebar-width);\n  background: var(--color-crust);\n}\n\n.sidebar__logo {\n  display: flex;\n  align-items: center;\n  min-height: var(--logo-height);\n  padding-inline: var(--shell-sidebar-padding-x);\n}\n\n.sidebar__logo-wordmark {\n  display: flex;\n  align-items: center;\n  font-size: var(--font-size-shell-logo);\n  font-family: var(--logo-font1);\n  font-weight: var(--font-weight-bold);\n  color: var(--color-text);\n  letter-spacing: var(--shell-logo-wordmark-spacing);\n  overflow: visible;\n  border-radius: var(--radius-control);\n  gap: 0.05em;\n}\n\n.sidebar__logo-wordmark .navsitename1 {\n  padding: 0.15em;\n  background: linear-gradient(to right, var(--theme-site-gradient-start), var(--theme-site-gradient-end));\n  color: var(--color-text);\n  text-box-trim: trim-both;\n  text-box-edge: cap alphabetic;\n}\n\n.sidebar__logo-wordmark .navsitename2 {\n  display: inline-block;\n  margin-right: 0.75rem;\n  line-height: 1.1em;\n  height: auto;\n  padding-bottom: 0.1em;\n  overflow: visible;\n  transform: translateY(0.05em);\n}\n\n@supports not (text-box-trim: trim-both) {\n\n  .sidebar__logo-wordmark .navsitename1 {\n    line-height: 0.85em;\n    height: 0.85em;\n  }\n}\n\n.sidebar__rule {\n  height: var(--border-width-hairline);\n  background: var(--color-surface-1);\n}\n\n.sidebar__nav {\n  display: flex;\n  flex: 1 1 auto;\n  flex-direction: column;\n  gap: var(--shell-nav-gap);\n  padding: 6px 6px 0;\n}\n\n.sidebar__nav-item {\n  display: flex;\n  align-items: center;\n  height: var(--nav-row-height);\n  gap: var(--shell-nav-item-gap);\n  margin-inline: 0;\n '... 96292 more characters,
    expected: /\.content-pool__body\s*\{[\s\S]*scrollbar-color:\s*var\(--color-surface-2\)\s+var\(--color-base\);/m,
    operator: 'match',
    diff: 'simple'
  }

test at test\config-react-desktop-ui-contract.test.mjs:917:3
✖ keeps row rhythm but adds exactly 4px between Label inputs and Product toggles (0.7548ms)
  AssertionError [ERR_ASSERTION]: The input did not match the regular expression /\.category-card__row--inputs\s*\+\s*\.category-card__row--toggles\s*\{\s*margin-top:\s*calc\(var\(--card-row-gap\)\s*\+\s*4px\);\s*\}/s. Input:
  
  ':root,\n' +
    'html[data-theme="legacy-clone"] {\n' +
    '  --font-ui: "Segoe UI", system-ui, sans-serif;\n' +
    '  --logo-font1: "Futura", sans-serif;\n' +
    '  --font-mono: "Consolas", "Cascadia Mono", monospace;\n' +
    '  --font-weight-regular: 400;\n' +
    '  --font-weight-medium: 600;\n' +
    '  --font-weight-semibold: 600;\n' +
    '  --font-weight-bold: 700;\n' +
    '\n' +
    '  --font-size-title: 19px;\n' +
    '  --font-size-subheading: 12px;\n' +
    '  --font-size-heading: 15px;\n' +
    '  --font-size-body: 12px;\n' +
    '  --font-size-small: 11px;\n' +
    '  --font-size-tiny: 10px;\n' +
    '  --font-size-micro: 9px;\n' +
    '  --font-size-icon: 12px;\n' +
    '  --font-size-shell-logo: 25px;\n' +
    '  --font-size-shell-logo-label: 13px;\n' +
    '  --font-size-shell-nav-label: 14px;\n' +
    '  --font-size-shell-nav-icon: 16px;\n' +
    '  --font-size-section-label: 12px;\n' +
    '  --font-size-form-label: 12px;\n' +
    '  --font-size-meta-label: 10px;\n' +
    '  --font-size-content-nav: 14px;\n' +
    '  --font-size-sidebar-label: 13px;\n' +
    '  --font-size-content-pill: 11px;\n' +
    '  --font-size-content-pool-head: 13px;\n' +
    '  --font-size-content-pool-row: 13px;\n' +
    '  --line-height-title: 1.125;\n' +
    '  --line-height-heading: 1.25;\n' +
    '  --line-height-body: 1.333;\n' +
    '  --line-height-dense: 1;\n' +
    '  --line-height-snug: 1.2;\n' +
    '  --line-height-relaxed: 1.5;\n' +
    '  --line-height-badge: 16px;\n' +
    '\n' +
    '  --letter-spacing-tight: 0.02em;\n' +
    '  --letter-spacing-normal: 0.03em;\n' +
    '  --letter-spacing-wide: 0.04em;\n' +
    '  --letter-spacing-wider: 0.05em;\n' +
    '\n' +
    '  --color-base: #11111b;\n' +
    '  --color-mantle: #181825;\n' +
    '  --color-crust: #0d0d12;\n' +
    '  --color-surface-0: #1e1e2e;\n' +
    '  --color-surface-1: #313244;\n' +
    '  --color-surface-2: #45475a;\n' +
    '  --color-overlay-0: #6c7086;\n' +
    '  --color-overlay-1: #7f849c;\n' +
    '  --color-text: #cdd6f4;\n' +
    '  --color-subtext-1: #bac2de;\n' +
    '  --color-subtext-0: #a6adc8;\n' +
    '  --color-white: #ffffff;\n' +
    '  --color-blue: #89b4fa;\n' +
    '  --color-sapphire: #74c7ec;\n' +
    '  --color-green: #a6e3a1;\n' +
    '  --color-peach: #fab387;\n' +
    '  --color-red: #f38ba8;\n' +
    '  --color-mauve: #cba6f7;\n' +
    '  --color-teal: #94e2d5;\n' +
    '  --color-yellow: #f9e2af;\n' +
    '  --color-drop: #2a2b3d;\n' +
    '  --color-card-border: #252538;\n' +
    '\n' +
    '  --theme-site-primary: var(--color-blue);\n' +
    '  --theme-site-secondary: var(--color-blue);\n' +
    '  --theme-site-primary-hover: var(--color-sapphire);\n' +
    '  --theme-site-primary-dark: var(--color-drop);\n' +
    '  --theme-site-gradient-start: var(--theme-site-primary);\n' +
    '  --theme-site-gradient-end: var(--theme-site-secondary);\n' +
    '\n' +
    '  --status-success: var(--color-green);\n' +
    '  --status-warning: var(--color-peach);\n' +
    '  --status-error: var(--color-red);\n' +
    '  --status-neutral: var(--color-overlay-0);\n' +
    '  --color-backdrop-scrim: rgb(17 17 27 / 0.72);\n' +
    '\n' +
    '  --border-width-hairline: 1px;\n' +
    '  --border-width-strong: 2px;\n' +
    '  --border-width-drop-target: 3px;\n' +
    '  --border-width-category: 4px;\n' +
    '\n' +
    '  --theme-radius-sm: 3px;\n' +
    '  --radius-control: 0px;\n' +
    '  --radius-surface: 0px;\n' +
    '  --radius-badge: 2px;\n' +
    '  --radius-dialog: 0px;\n' +
    '  --card-radius: var(--radius-surface);\n' +
    '\n' +
    '  --shadow-none: none;\n' +
    '  --shadow-card: none;\n' +
    '  --shadow-dialog: none;\n' +
    '  --shadow-toast: none;\n' +
    '  --sidebar-icon-stroke-width: 1.5;\n' +
    '  --inline-icon-stroke-width: 1.7;\n' +
    '  --category-preview-icon-size: 18px;\n' +
    '  --category-preview-icon-stroke-width: 1.5;\n' +
    '\n' +
    '  --z-shell: 1;\n' +
    '  --z-toast: 20;\n' +
    '  --z-dialog-backdrop: 30;\n' +
    '  --z-dialog: 31;\n' +
    '  --z-drag-ghost: 50;\n' +
    '  --z-dialog-overlay: 60;\n' +
    '\n' +
    '  --sidebar-width: 200px;\n' +
    '  --status-height: 32px;\n' +
    '  --context-height: 48px;\n' +
    '  --logo-height: 56px;\n' +
    '  --nav-row-height: 42px;\n' +
    '  --site-theme-height: 52px;\n' +
    '  --page-padding-x: 12px;\n' +
    '  --page-padding-y: 8px;\n' +
    '  --card-grid-gap: 6px;\n' +
    '  --card-inner-padding-x: 10px;\n' +
    '  --card-inner-padding-y: 8px;\n' +
    '  --card-row-gap: 3px;\n' +
    '  --input-height: 24px;\n' +
    '  --toggle-width: 38px;\n' +
    '  --toggle-height: 16px;\n' +
    '  --button-height: 24px;\n' +
    '  --button-padding-x: 8px;\n' +
    '  --button-padding-y: 4px;\n' +
    '  --shell-sidebar-padding-x: 12px;\n' +
    '  --shell-logo-gap: 8px;\n' +
    '  --shell-logo-letter-spacing: 0.08em;\n' +
    '  --shell-logo-wordmark-spacing: -0.65px;\n' +
    '  --shell-nav-gap: 1px;\n' +
    '  --shell-nav-item-gap: 9px;\n' +
    '  --shell-nav-item-padding-right: 10px;\n' +
    '  --shell-nav-icon-width: 20px;\n' +
    '  --field-inline-label-width: 42px;\n' +
    '  --theme-color-label-width: 62px;\n' +
    '  --content-main-tab-height: var(--nav-row-height);\n' +
    '  --content-subtab-height: var(--button-height);\n' +
    '  --content-toolbar-gap: var(--card-grid-gap);\n' +
    '  --content-pool-width: 650px;\n' +
    '  --content-panel-gap: var(--card-grid-gap);\n' +
    '  --content-grid-gap: var(--card-grid-gap);\n' +
    '  --content-slot-padding: 6px;\n' +
    '  --content-pool-row-height: 24px;\n' +
    '  --content-pill-height: 22px;\n' +
    '  --content-input-width: 192px;\n' +
    '  --content-pool-type-col-width: 64px;\n' +
    '  --toggle-height-sm: 14px;\n' +
    '  --button-padding-x-sm: 6px;\n' +
    '  --gap-tight: 4px;\n' +
    '  --spacing-section-break: 7px;\n' +
    '  --color-picker-height: 32px;\n' +
    '  --hub-category-sidebar-width: 170px;\n' +
    '  --hub-slot-height: 84px;\n' +
    '  --hub-pool-height: 288px;\n' +
    '}\n' +
    '\n' +
    'html[data-theme="arcade-neon"] {\n' +
    '  --font-ui: "Orbitron", "Segoe UI", system-ui, sans-serif;\n' +
    '  --logo-font1: "Orbitron", sans-serif;\n' +
    '  --font-mono: "Share Tech Mono", "Consolas", "Cascadia Mono", monospace;\n' +
    '  --font-weight-regular: 500;\n' +
    '  --font-weight-medium: 700;\n' +
    '  --font-weight-semibold: 700;\n' +
    '  --font-weight-bold: 800;\n' +
    '\n' +
    '  --color-base: #02030a;\n' +
    '  --color-mantle: #050814;\n' +
    '  --color-crust: #070b1f;\n' +
    '  --color-surface-0: #0d1330;\n' +
    '  --color-surface-1: #18204a;\n' +
    '  --color-surface-2: #27326b;\n' +
    '  --color-overlay-0: #83a4ff;\n' +
    '  --color-overlay-1: #9ab6ff;\n' +
    '  --color-text: #e4eeff;\n' +
    '  --color-subtext-1: #d1e0ff;\n' +
    '  --color-subtext-0: #b8cdff;\n' +
    '  --color-white: #ffffff;\n' +
    '  --color-blue: #64d3ff;\n' +
    '  --color-sapphire: #4fffcf;\n' +
    '  --color-green: #5dff93;\n' +
    '  --color-peach: #ffb25f;\n' +
    '  --color-red: #ff5f94;\n' +
    '  --color-mauve: #cf7dff;\n' +
    '  --color-teal: #5ef8ff;\n' +
    '  --color-yellow: #ffd764;\n' +
    '  --color-drop: #050a23;\n' +
    '  --color-card-border: #2b3c85;\n' +
    '\n' +
    '  --theme-site-primary: var(--color-teal);\n' +
    '  --theme-site-secondary: var(--color-mauve);\n' +
    '  --theme-site-primary-hover: #7bffdf;\n' +
    '  --theme-site-primary-dark: #0d1b4f;\n' +
    '  --theme-site-gradient-start: var(--theme-site-primary);\n' +
    '  --theme-site-gradient-end: var(--theme-site-secondary);\n' +
    '\n' +
    '  --status-success: var(--color-green);\n' +
    '  --status-warning: var(--color-yellow);\n' +
    '  --status-error: var(--color-red);\n' +
    '  --status-neutral: var(--color-overlay-0);\n' +
    '  --color-backdrop-scrim: rgb(4 8 26 / 0.78);\n' +
    '\n' +
    '  --border-width-hairline: 1px;\n' +
    '  --border-width-strong: 2px;\n' +
    '  --border-width-drop-target: 3px;\n' +
    '  --border-width-category: 4px;\n' +
    '\n' +
    '  --theme-radius-sm: 3px;\n' +
    '  --radius-control: 4px;\n' +
    '  --radius-surface: 6px;\n' +
    '  --radius-badge: 3px;\n' +
    '  --radius-dialog: 8px;\n' +
    '  --card-radius: var(--radius-surface);\n' +
    '\n' +
    '  --shadow-none: none;\n' +
    '  --shadow-card:\n' +
    '    0 0 0 1px rgb(94 248 255 / 0.35),\n' +
    '    0 0 18px rgb(94 248 255 / 0.16);\n' +
    '  --shadow-dialog:\n' +
    '    0 0 0 1px rgb(207 125 255 / 0.35),\n' +
    '    0 0 28px rgb(94 248 255 / 0.14);\n' +
    '  --shadow-toast:\n' +
    '    0 0 0 1px rgb(94 248 255 / 0.24),\n' +
    '    0 0 24px rgb(94 248 255 / 0.18);\n' +
    '  --shell-logo-wordmark-spacing: -0.65px;\n' +
    '  --sidebar-icon-stroke-width: 1.8;\n' +
    '  --inline-icon-stroke-width: 1.9;\n' +
    '  --category-preview-icon-size: 18px;\n' +
    '  --category-preview-icon-stroke-width: 1.8;\n' +
    '}\n' +
    '\n' +
    '* {\n' +
    '  box-sizing: border-box;\n' +
    '  scrollbar-width: thin;\n' +
    '  scrollbar-color: var(--color-surface-2) transparent;\n' +
    '}\n' +
    '\n' +
    '::-webkit-scrollbar {\n' +
    '  width: 6px;\n' +
    '  height: 6px;\n' +
    '}\n' +
    '\n' +
    '::-webkit-scrollbar-track {\n' +
    '  background: transparent;\n' +
    '}\n' +
    '\n' +
    '::-webkit-scrollbar-thumb {\n' +
    '  background: var(--color-surface-2);\n' +
    '  border-radius: var(--theme-radius-sm);\n' +
    '}\n' +
    '\n' +
    '::-webkit-scrollbar-thumb:hover {\n' +
    '  background: var(--color-overlay-0);\n' +
    '}\n' +
    '\n' +
    '::-webkit-scrollbar-corner {\n' +
    '  background: transparent;\n' +
    '}\n' +
    '\n' +
    'html,\n' +
    'body,\n' +
    '#root {\n' +
    '  height: 100%;\n' +
    '}\n' +
    '\n' +
    'body {\n' +
    '  margin: 0;\n' +
    '  overflow: hidden;\n' +
    '  background: var(--color-mantle);\n' +
    '  color: var(--color-text);\n' +
    '  font-family: var(--font-ui);\n' +
    '  font-size: var(--font-size-body);\n' +
    '  font-weight: var(--font-weight-regular);\n' +
    '  line-height: var(--line-height-body);\n' +
    '  text-rendering: optimizeLegibility;\n' +
    '}\n' +
    '\n' +
    'button,\n' +
    'input {\n' +
    '  font: inherit;\n' +
    '  line-height: var(--line-height-snug);\n' +
    '}\n' +
    '\n' +
    'h1,\n' +
    'h2,\n' +
    'h3,\n' +
    'p {\n' +
    '  margin: 0;\n' +
    '}\n' +
    '\n' +
    'h1 {\n' +
    '  font-size: var(--font-size-title);\n' +
    '  font-weight: var(--font-weight-bold);\n' +
    '  line-height: var(--line-height-title);\n' +
    '}\n' +
    '\n' +
    'h2,\n' +
    'h3 {\n' +
    '  font-size: var(--font-size-heading);\n' +
    '  font-weight: var(--font-weight-medium);\n' +
    '  line-height: var(--line-height-heading);\n' +
    '}\n' +
    '\n' +
    'button {\n' +
    '  appearance: none;\n' +
    '  cursor: pointer;\n' +
    '}\n' +
    '\n' +
    'input {\n' +
    '  appearance: none;\n' +
    '  border-radius: 0;\n' +
    '}\n' +
    '\n' +
    'input:focus-visible,\n' +
    'button:focus-visible {\n' +
    '  outline: var(--border-width-hairline) solid var(--color-blue);\n' +
    '  outline-offset: -1px;\n' +
    '}\n' +
    '\n' +
    '.app-shell {\n' +
    '  display: flex;\n' +
    '  flex-direction: column;\n' +
    '  height: 100%;\n' +
    '  background: var(--color-mantle);\n' +
    '}\n' +
    '\n' +
    '.app-shell__body {\n' +
    '  display: flex;\n' +
    '  flex: 1 1 auto;\n' +
    '  min-height: 0;\n' +
    '}\n' +
    '\n' +
    '.app-shell__sidebar {\n' +
    '  display: flex;\n' +
    '  flex-direction: column;\n' +
    '  width: var(--sidebar-width);\n' +
    '  min-width: var(--sidebar-width);\n' +
    '  background: var(--color-crust);\n' +
    '}\n' +
    '\n' +
    '.sidebar__logo {\n' +
    '  display: flex;\n' +
    '  align-items: center;\n' +
    '  min-height: var(--logo-height);\n' +
    '  padding-inline: var(--shell-sidebar-padding-x);\n' +
    '}\n' +
    '\n' +
    '.sidebar__logo-wordmark {\n' +
    '  display: flex;\n' +
    '  align-items: center;\n' +
    '  font-size: var(--font-size-shell-logo);\n' +
    '  font-family: var(--logo-font1);\n' +
    '  font-weight: var(--font-weight-bold);\n' +
    '  color: var(--color-text);\n' +
    '  letter-spacing: var(--shell-logo-wordmark-spacing);\n' +
    '  overflow: visible;\n' +
    '  border-radius: var(--radius-control);\n' +
    '  gap: 0.05em;\n' +
    '}\n' +
    '\n' +
    '.sidebar__logo-wordmark .navsitename1 {\n' +
    '  padding: 0.15em;\n' +
    '  background: linear-gradient(to right, var(--theme-site-gradient-start), var(--theme-site-gradient-end));\n' +
    '  color: var(--color-text);\n' +
    '  text-box-trim: trim-both;\n' +
    '  text-box-edge: cap alphabetic;\n' +
    '}\n' +
    '\n' +
    '.sidebar__logo-wordmark .navsitename2 {\n' +
    '  display: inline-block;\n' +
    '  margin-right: 0.75rem;\n' +
    '  line-height: 1.1em;\n' +
    '  height: auto;\n' +
    '  padding-bottom: 0.1em;\n' +
    '  overflow: visible;\n' +
    '  transform: translateY(0.05em);\n' +
    '}\n' +
    '\n' +
    '@supports not (text-box-trim: trim-both) {\n' +
    '\n' +
    '  .sidebar__logo-wordmark .navsitename1 {\n' +
    '    line-height: 0.85em;\n' +
    '    height: 0.85em;\n' +
    '  }\n' +
    '}\n' +
    '\n' +
    '.sidebar__rule {\n' +
    '  height: var(--border-width-hairline);\n' +
    '  background: var(--color-surface-1);\n' +
    '}\n' +
    '\n' +
    '.sidebar__nav {\n' +
    '  display: flex;\n' +
    '  flex: 1 1 auto;\n' +
    '  flex-direction: column;\n' +
    '  gap: var(--shell-nav-gap);\n' +
    '  padding: 6px 6px 0;\n' +
    '}\n' +
    '\n' +
    '.sidebar__nav-item {\n' +
    '  display: flex;\n' +
    '  align-items: center;\n' +
    '  height: var(--nav-row-height);\n' +
    '  gap: var(--shell-nav-item-gap);\n' +
    '  margin-inline: 0;\n' +
    ' '... 96292 more characters
  
      at TestContext.<anonymous> (C:\Users\Chris\Desktop\EG - Convert\EG - TSX\test\config-react-desktop-ui-contract.test.mjs:918:12)
      at Test.runInAsyncScope (node:async_hooks:214:14)
      at Test.run (node:internal/test_runner/test:1103:25)
      at Test.start (node:internal/test_runner/test:1000:17)
      at node:internal/test_runner/test:1513:71
      at node:internal/per_context/primordials:466:82
      at new Promise (<anonymous>)
      at new SafePromise (node:internal/per_context/primordials:435:3)
      at node:internal/per_context/primordials:466:9
      at Array.map (<anonymous>) {
    generatedMessage: true,
    code: 'ERR_ASSERTION',
    actual: ':root,\nhtml[data-theme="legacy-clone"] {\n  --font-ui: "Segoe UI", system-ui, sans-serif;\n  --logo-font1: "Futura", sans-serif;\n  --font-mono: "Consolas", "Cascadia Mono", monospace;\n  --font-weight-regular: 400;\n  --font-weight-medium: 600;\n  --font-weight-semibold: 600;\n  --font-weight-bold: 700;\n\n  --font-size-title: 19px;\n  --font-size-subheading: 12px;\n  --font-size-heading: 15px;\n  --font-size-body: 12px;\n  --font-size-small: 11px;\n  --font-size-tiny: 10px;\n  --font-size-micro: 9px;\n  --font-size-icon: 12px;\n  --font-size-shell-logo: 25px;\n  --font-size-shell-logo-label: 13px;\n  --font-size-shell-nav-label: 14px;\n  --font-size-shell-nav-icon: 16px;\n  --font-size-section-label: 12px;\n  --font-size-form-label: 12px;\n  --font-size-meta-label: 10px;\n  --font-size-content-nav: 14px;\n  --font-size-sidebar-label: 13px;\n  --font-size-content-pill: 11px;\n  --font-size-content-pool-head: 13px;\n  --font-size-content-pool-row: 13px;\n  --line-height-title: 1.125;\n  --line-height-heading: 1.25;\n  --line-height-body: 1.333;\n  --line-height-dense: 1;\n  --line-height-snug: 1.2;\n  --line-height-relaxed: 1.5;\n  --line-height-badge: 16px;\n\n  --letter-spacing-tight: 0.02em;\n  --letter-spacing-normal: 0.03em;\n  --letter-spacing-wide: 0.04em;\n  --letter-spacing-wider: 0.05em;\n\n  --color-base: #11111b;\n  --color-mantle: #181825;\n  --color-crust: #0d0d12;\n  --color-surface-0: #1e1e2e;\n  --color-surface-1: #313244;\n  --color-surface-2: #45475a;\n  --color-overlay-0: #6c7086;\n  --color-overlay-1: #7f849c;\n  --color-text: #cdd6f4;\n  --color-subtext-1: #bac2de;\n  --color-subtext-0: #a6adc8;\n  --color-white: #ffffff;\n  --color-blue: #89b4fa;\n  --color-sapphire: #74c7ec;\n  --color-green: #a6e3a1;\n  --color-peach: #fab387;\n  --color-red: #f38ba8;\n  --color-mauve: #cba6f7;\n  --color-teal: #94e2d5;\n  --color-yellow: #f9e2af;\n  --color-drop: #2a2b3d;\n  --color-card-border: #252538;\n\n  --theme-site-primary: var(--color-blue);\n  --theme-site-secondary: var(--color-blue);\n  --theme-site-primary-hover: var(--color-sapphire);\n  --theme-site-primary-dark: var(--color-drop);\n  --theme-site-gradient-start: var(--theme-site-primary);\n  --theme-site-gradient-end: var(--theme-site-secondary);\n\n  --status-success: var(--color-green);\n  --status-warning: var(--color-peach);\n  --status-error: var(--color-red);\n  --status-neutral: var(--color-overlay-0);\n  --color-backdrop-scrim: rgb(17 17 27 / 0.72);\n\n  --border-width-hairline: 1px;\n  --border-width-strong: 2px;\n  --border-width-drop-target: 3px;\n  --border-width-category: 4px;\n\n  --theme-radius-sm: 3px;\n  --radius-control: 0px;\n  --radius-surface: 0px;\n  --radius-badge: 2px;\n  --radius-dialog: 0px;\n  --card-radius: var(--radius-surface);\n\n  --shadow-none: none;\n  --shadow-card: none;\n  --shadow-dialog: none;\n  --shadow-toast: none;\n  --sidebar-icon-stroke-width: 1.5;\n  --inline-icon-stroke-width: 1.7;\n  --category-preview-icon-size: 18px;\n  --category-preview-icon-stroke-width: 1.5;\n\n  --z-shell: 1;\n  --z-toast: 20;\n  --z-dialog-backdrop: 30;\n  --z-dialog: 31;\n  --z-drag-ghost: 50;\n  --z-dialog-overlay: 60;\n\n  --sidebar-width: 200px;\n  --status-height: 32px;\n  --context-height: 48px;\n  --logo-height: 56px;\n  --nav-row-height: 42px;\n  --site-theme-height: 52px;\n  --page-padding-x: 12px;\n  --page-padding-y: 8px;\n  --card-grid-gap: 6px;\n  --card-inner-padding-x: 10px;\n  --card-inner-padding-y: 8px;\n  --card-row-gap: 3px;\n  --input-height: 24px;\n  --toggle-width: 38px;\n  --toggle-height: 16px;\n  --button-height: 24px;\n  --button-padding-x: 8px;\n  --button-padding-y: 4px;\n  --shell-sidebar-padding-x: 12px;\n  --shell-logo-gap: 8px;\n  --shell-logo-letter-spacing: 0.08em;\n  --shell-logo-wordmark-spacing: -0.65px;\n  --shell-nav-gap: 1px;\n  --shell-nav-item-gap: 9px;\n  --shell-nav-item-padding-right: 10px;\n  --shell-nav-icon-width: 20px;\n  --field-inline-label-width: 42px;\n  --theme-color-label-width: 62px;\n  --content-main-tab-height: var(--nav-row-height);\n  --content-subtab-height: var(--button-height);\n  --content-toolbar-gap: var(--card-grid-gap);\n  --content-pool-width: 650px;\n  --content-panel-gap: var(--card-grid-gap);\n  --content-grid-gap: var(--card-grid-gap);\n  --content-slot-padding: 6px;\n  --content-pool-row-height: 24px;\n  --content-pill-height: 22px;\n  --content-input-width: 192px;\n  --content-pool-type-col-width: 64px;\n  --toggle-height-sm: 14px;\n  --button-padding-x-sm: 6px;\n  --gap-tight: 4px;\n  --spacing-section-break: 7px;\n  --color-picker-height: 32px;\n  --hub-category-sidebar-width: 170px;\n  --hub-slot-height: 84px;\n  --hub-pool-height: 288px;\n}\n\nhtml[data-theme="arcade-neon"] {\n  --font-ui: "Orbitron", "Segoe UI", system-ui, sans-serif;\n  --logo-font1: "Orbitron", sans-serif;\n  --font-mono: "Share Tech Mono", "Consolas", "Cascadia Mono", monospace;\n  --font-weight-regular: 500;\n  --font-weight-medium: 700;\n  --font-weight-semibold: 700;\n  --font-weight-bold: 800;\n\n  --color-base: #02030a;\n  --color-mantle: #050814;\n  --color-crust: #070b1f;\n  --color-surface-0: #0d1330;\n  --color-surface-1: #18204a;\n  --color-surface-2: #27326b;\n  --color-overlay-0: #83a4ff;\n  --color-overlay-1: #9ab6ff;\n  --color-text: #e4eeff;\n  --color-subtext-1: #d1e0ff;\n  --color-subtext-0: #b8cdff;\n  --color-white: #ffffff;\n  --color-blue: #64d3ff;\n  --color-sapphire: #4fffcf;\n  --color-green: #5dff93;\n  --color-peach: #ffb25f;\n  --color-red: #ff5f94;\n  --color-mauve: #cf7dff;\n  --color-teal: #5ef8ff;\n  --color-yellow: #ffd764;\n  --color-drop: #050a23;\n  --color-card-border: #2b3c85;\n\n  --theme-site-primary: var(--color-teal);\n  --theme-site-secondary: var(--color-mauve);\n  --theme-site-primary-hover: #7bffdf;\n  --theme-site-primary-dark: #0d1b4f;\n  --theme-site-gradient-start: var(--theme-site-primary);\n  --theme-site-gradient-end: var(--theme-site-secondary);\n\n  --status-success: var(--color-green);\n  --status-warning: var(--color-yellow);\n  --status-error: var(--color-red);\n  --status-neutral: var(--color-overlay-0);\n  --color-backdrop-scrim: rgb(4 8 26 / 0.78);\n\n  --border-width-hairline: 1px;\n  --border-width-strong: 2px;\n  --border-width-drop-target: 3px;\n  --border-width-category: 4px;\n\n  --theme-radius-sm: 3px;\n  --radius-control: 4px;\n  --radius-surface: 6px;\n  --radius-badge: 3px;\n  --radius-dialog: 8px;\n  --card-radius: var(--radius-surface);\n\n  --shadow-none: none;\n  --shadow-card:\n    0 0 0 1px rgb(94 248 255 / 0.35),\n    0 0 18px rgb(94 248 255 / 0.16);\n  --shadow-dialog:\n    0 0 0 1px rgb(207 125 255 / 0.35),\n    0 0 28px rgb(94 248 255 / 0.14);\n  --shadow-toast:\n    0 0 0 1px rgb(94 248 255 / 0.24),\n    0 0 24px rgb(94 248 255 / 0.18);\n  --shell-logo-wordmark-spacing: -0.65px;\n  --sidebar-icon-stroke-width: 1.8;\n  --inline-icon-stroke-width: 1.9;\n  --category-preview-icon-size: 18px;\n  --category-preview-icon-stroke-width: 1.8;\n}\n\n* {\n  box-sizing: border-box;\n  scrollbar-width: thin;\n  scrollbar-color: var(--color-surface-2) transparent;\n}\n\n::-webkit-scrollbar {\n  width: 6px;\n  height: 6px;\n}\n\n::-webkit-scrollbar-track {\n  background: transparent;\n}\n\n::-webkit-scrollbar-thumb {\n  background: var(--color-surface-2);\n  border-radius: var(--theme-radius-sm);\n}\n\n::-webkit-scrollbar-thumb:hover {\n  background: var(--color-overlay-0);\n}\n\n::-webkit-scrollbar-corner {\n  background: transparent;\n}\n\nhtml,\nbody,\n#root {\n  height: 100%;\n}\n\nbody {\n  margin: 0;\n  overflow: hidden;\n  background: var(--color-mantle);\n  color: var(--color-text);\n  font-family: var(--font-ui);\n  font-size: var(--font-size-body);\n  font-weight: var(--font-weight-regular);\n  line-height: var(--line-height-body);\n  text-rendering: optimizeLegibility;\n}\n\nbutton,\ninput {\n  font: inherit;\n  line-height: var(--line-height-snug);\n}\n\nh1,\nh2,\nh3,\np {\n  margin: 0;\n}\n\nh1 {\n  font-size: var(--font-size-title);\n  font-weight: var(--font-weight-bold);\n  line-height: var(--line-height-title);\n}\n\nh2,\nh3 {\n  font-size: var(--font-size-heading);\n  font-weight: var(--font-weight-medium);\n  line-height: var(--line-height-heading);\n}\n\nbutton {\n  appearance: none;\n  cursor: pointer;\n}\n\ninput {\n  appearance: none;\n  border-radius: 0;\n}\n\ninput:focus-visible,\nbutton:focus-visible {\n  outline: var(--border-width-hairline) solid var(--color-blue);\n  outline-offset: -1px;\n}\n\n.app-shell {\n  display: flex;\n  flex-direction: column;\n  height: 100%;\n  background: var(--color-mantle);\n}\n\n.app-shell__body {\n  display: flex;\n  flex: 1 1 auto;\n  min-height: 0;\n}\n\n.app-shell__sidebar {\n  display: flex;\n  flex-direction: column;\n  width: var(--sidebar-width);\n  min-width: var(--sidebar-width);\n  background: var(--color-crust);\n}\n\n.sidebar__logo {\n  display: flex;\n  align-items: center;\n  min-height: var(--logo-height);\n  padding-inline: var(--shell-sidebar-padding-x);\n}\n\n.sidebar__logo-wordmark {\n  display: flex;\n  align-items: center;\n  font-size: var(--font-size-shell-logo);\n  font-family: var(--logo-font1);\n  font-weight: var(--font-weight-bold);\n  color: var(--color-text);\n  letter-spacing: var(--shell-logo-wordmark-spacing);\n  overflow: visible;\n  border-radius: var(--radius-control);\n  gap: 0.05em;\n}\n\n.sidebar__logo-wordmark .navsitename1 {\n  padding: 0.15em;\n  background: linear-gradient(to right, var(--theme-site-gradient-start), var(--theme-site-gradient-end));\n  color: var(--color-text);\n  text-box-trim: trim-both;\n  text-box-edge: cap alphabetic;\n}\n\n.sidebar__logo-wordmark .navsitename2 {\n  display: inline-block;\n  margin-right: 0.75rem;\n  line-height: 1.1em;\n  height: auto;\n  padding-bottom: 0.1em;\n  overflow: visible;\n  transform: translateY(0.05em);\n}\n\n@supports not (text-box-trim: trim-both) {\n\n  .sidebar__logo-wordmark .navsitename1 {\n    line-height: 0.85em;\n    height: 0.85em;\n  }\n}\n\n.sidebar__rule {\n  height: var(--border-width-hairline);\n  background: var(--color-surface-1);\n}\n\n.sidebar__nav {\n  display: flex;\n  flex: 1 1 auto;\n  flex-direction: column;\n  gap: var(--shell-nav-gap);\n  padding: 6px 6px 0;\n}\n\n.sidebar__nav-item {\n  display: flex;\n  align-items: center;\n  height: var(--nav-row-height);\n  gap: var(--shell-nav-item-gap);\n  margin-inline: 0;\n '... 96292 more characters,
    expected: /\.category-card__row--inputs\s*\+\s*\.category-card__row--toggles\s*\{\s*margin-top:\s*calc\(var\(--card-row-gap\)\s*\+\s*4px\);\s*\}/s,
    operator: 'match',
    diff: 'simple'
  }

test at test\config-react-desktop-ui-contract.test.mjs:924:3
✖ uses a product-only toggle hook and reduces product toggle height by exactly 2px (0.6917ms)
  AssertionError [ERR_ASSERTION]: The input did not match the regular expression /\.toggle-group--product\s+\.toggle__track\s*\{\s*height:\s*calc\(var\(--toggle-height\)\s*-\s*2px\);\s*\}/s. Input:
  
  ':root,\n' +
    'html[data-theme="legacy-clone"] {\n' +
    '  --font-ui: "Segoe UI", system-ui, sans-serif;\n' +
    '  --logo-font1: "Futura", sans-serif;\n' +
    '  --font-mono: "Consolas", "Cascadia Mono", monospace;\n' +
    '  --font-weight-regular: 400;\n' +
    '  --font-weight-medium: 600;\n' +
    '  --font-weight-semibold: 600;\n' +
    '  --font-weight-bold: 700;\n' +
    '\n' +
    '  --font-size-title: 19px;\n' +
    '  --font-size-subheading: 12px;\n' +
    '  --font-size-heading: 15px;\n' +
    '  --font-size-body: 12px;\n' +
    '  --font-size-small: 11px;\n' +
    '  --font-size-tiny: 10px;\n' +
    '  --font-size-micro: 9px;\n' +
    '  --font-size-icon: 12px;\n' +
    '  --font-size-shell-logo: 25px;\n' +
    '  --font-size-shell-logo-label: 13px;\n' +
    '  --font-size-shell-nav-label: 14px;\n' +
    '  --font-size-shell-nav-icon: 16px;\n' +
    '  --font-size-section-label: 12px;\n' +
    '  --font-size-form-label: 12px;\n' +
    '  --font-size-meta-label: 10px;\n' +
    '  --font-size-content-nav: 14px;\n' +
    '  --font-size-sidebar-label: 13px;\n' +
    '  --font-size-content-pill: 11px;\n' +
    '  --font-size-content-pool-head: 13px;\n' +
    '  --font-size-content-pool-row: 13px;\n' +
    '  --line-height-title: 1.125;\n' +
    '  --line-height-heading: 1.25;\n' +
    '  --line-height-body: 1.333;\n' +
    '  --line-height-dense: 1;\n' +
    '  --line-height-snug: 1.2;\n' +
    '  --line-height-relaxed: 1.5;\n' +
    '  --line-height-badge: 16px;\n' +
    '\n' +
    '  --letter-spacing-tight: 0.02em;\n' +
    '  --letter-spacing-normal: 0.03em;\n' +
    '  --letter-spacing-wide: 0.04em;\n' +
    '  --letter-spacing-wider: 0.05em;\n' +
    '\n' +
    '  --color-base: #11111b;\n' +
    '  --color-mantle: #181825;\n' +
    '  --color-crust: #0d0d12;\n' +
    '  --color-surface-0: #1e1e2e;\n' +
    '  --color-surface-1: #313244;\n' +
    '  --color-surface-2: #45475a;\n' +
    '  --color-overlay-0: #6c7086;\n' +
    '  --color-overlay-1: #7f849c;\n' +
    '  --color-text: #cdd6f4;\n' +
    '  --color-subtext-1: #bac2de;\n' +
    '  --color-subtext-0: #a6adc8;\n' +
    '  --color-white: #ffffff;\n' +
    '  --color-blue: #89b4fa;\n' +
    '  --color-sapphire: #74c7ec;\n' +
    '  --color-green: #a6e3a1;\n' +
    '  --color-peach: #fab387;\n' +
    '  --color-red: #f38ba8;\n' +
    '  --color-mauve: #cba6f7;\n' +
    '  --color-teal: #94e2d5;\n' +
    '  --color-yellow: #f9e2af;\n' +
    '  --color-drop: #2a2b3d;\n' +
    '  --color-card-border: #252538;\n' +
    '\n' +
    '  --theme-site-primary: var(--color-blue);\n' +
    '  --theme-site-secondary: var(--color-blue);\n' +
    '  --theme-site-primary-hover: var(--color-sapphire);\n' +
    '  --theme-site-primary-dark: var(--color-drop);\n' +
    '  --theme-site-gradient-start: var(--theme-site-primary);\n' +
    '  --theme-site-gradient-end: var(--theme-site-secondary);\n' +
    '\n' +
    '  --status-success: var(--color-green);\n' +
    '  --status-warning: var(--color-peach);\n' +
    '  --status-error: var(--color-red);\n' +
    '  --status-neutral: var(--color-overlay-0);\n' +
    '  --color-backdrop-scrim: rgb(17 17 27 / 0.72);\n' +
    '\n' +
    '  --border-width-hairline: 1px;\n' +
    '  --border-width-strong: 2px;\n' +
    '  --border-width-drop-target: 3px;\n' +
    '  --border-width-category: 4px;\n' +
    '\n' +
    '  --theme-radius-sm: 3px;\n' +
    '  --radius-control: 0px;\n' +
    '  --radius-surface: 0px;\n' +
    '  --radius-badge: 2px;\n' +
    '  --radius-dialog: 0px;\n' +
    '  --card-radius: var(--radius-surface);\n' +
    '\n' +
    '  --shadow-none: none;\n' +
    '  --shadow-card: none;\n' +
    '  --shadow-dialog: none;\n' +
    '  --shadow-toast: none;\n' +
    '  --sidebar-icon-stroke-width: 1.5;\n' +
    '  --inline-icon-stroke-width: 1.7;\n' +
    '  --category-preview-icon-size: 18px;\n' +
    '  --category-preview-icon-stroke-width: 1.5;\n' +
    '\n' +
    '  --z-shell: 1;\n' +
    '  --z-toast: 20;\n' +
    '  --z-dialog-backdrop: 30;\n' +
    '  --z-dialog: 31;\n' +
    '  --z-drag-ghost: 50;\n' +
    '  --z-dialog-overlay: 60;\n' +
    '\n' +
    '  --sidebar-width: 200px;\n' +
    '  --status-height: 32px;\n' +
    '  --context-height: 48px;\n' +
    '  --logo-height: 56px;\n' +
    '  --nav-row-height: 42px;\n' +
    '  --site-theme-height: 52px;\n' +
    '  --page-padding-x: 12px;\n' +
    '  --page-padding-y: 8px;\n' +
    '  --card-grid-gap: 6px;\n' +
    '  --card-inner-padding-x: 10px;\n' +
    '  --card-inner-padding-y: 8px;\n' +
    '  --card-row-gap: 3px;\n' +
    '  --input-height: 24px;\n' +
    '  --toggle-width: 38px;\n' +
    '  --toggle-height: 16px;\n' +
    '  --button-height: 24px;\n' +
    '  --button-padding-x: 8px;\n' +
    '  --button-padding-y: 4px;\n' +
    '  --shell-sidebar-padding-x: 12px;\n' +
    '  --shell-logo-gap: 8px;\n' +
    '  --shell-logo-letter-spacing: 0.08em;\n' +
    '  --shell-logo-wordmark-spacing: -0.65px;\n' +
    '  --shell-nav-gap: 1px;\n' +
    '  --shell-nav-item-gap: 9px;\n' +
    '  --shell-nav-item-padding-right: 10px;\n' +
    '  --shell-nav-icon-width: 20px;\n' +
    '  --field-inline-label-width: 42px;\n' +
    '  --theme-color-label-width: 62px;\n' +
    '  --content-main-tab-height: var(--nav-row-height);\n' +
    '  --content-subtab-height: var(--button-height);\n' +
    '  --content-toolbar-gap: var(--card-grid-gap);\n' +
    '  --content-pool-width: 650px;\n' +
    '  --content-panel-gap: var(--card-grid-gap);\n' +
    '  --content-grid-gap: var(--card-grid-gap);\n' +
    '  --content-slot-padding: 6px;\n' +
    '  --content-pool-row-height: 24px;\n' +
    '  --content-pill-height: 22px;\n' +
    '  --content-input-width: 192px;\n' +
    '  --content-pool-type-col-width: 64px;\n' +
    '  --toggle-height-sm: 14px;\n' +
    '  --button-padding-x-sm: 6px;\n' +
    '  --gap-tight: 4px;\n' +
    '  --spacing-section-break: 7px;\n' +
    '  --color-picker-height: 32px;\n' +
    '  --hub-category-sidebar-width: 170px;\n' +
    '  --hub-slot-height: 84px;\n' +
    '  --hub-pool-height: 288px;\n' +
    '}\n' +
    '\n' +
    'html[data-theme="arcade-neon"] {\n' +
    '  --font-ui: "Orbitron", "Segoe UI", system-ui, sans-serif;\n' +
    '  --logo-font1: "Orbitron", sans-serif;\n' +
    '  --font-mono: "Share Tech Mono", "Consolas", "Cascadia Mono", monospace;\n' +
    '  --font-weight-regular: 500;\n' +
    '  --font-weight-medium: 700;\n' +
    '  --font-weight-semibold: 700;\n' +
    '  --font-weight-bold: 800;\n' +
    '\n' +
    '  --color-base: #02030a;\n' +
    '  --color-mantle: #050814;\n' +
    '  --color-crust: #070b1f;\n' +
    '  --color-surface-0: #0d1330;\n' +
    '  --color-surface-1: #18204a;\n' +
    '  --color-surface-2: #27326b;\n' +
    '  --color-overlay-0: #83a4ff;\n' +
    '  --color-overlay-1: #9ab6ff;\n' +
    '  --color-text: #e4eeff;\n' +
    '  --color-subtext-1: #d1e0ff;\n' +
    '  --color-subtext-0: #b8cdff;\n' +
    '  --color-white: #ffffff;\n' +
    '  --color-blue: #64d3ff;\n' +
    '  --color-sapphire: #4fffcf;\n' +
    '  --color-green: #5dff93;\n' +
    '  --color-peach: #ffb25f;\n' +
    '  --color-red: #ff5f94;\n' +
    '  --color-mauve: #cf7dff;\n' +
    '  --color-teal: #5ef8ff;\n' +
    '  --color-yellow: #ffd764;\n' +
    '  --color-drop: #050a23;\n' +
    '  --color-card-border: #2b3c85;\n' +
    '\n' +
    '  --theme-site-primary: var(--color-teal);\n' +
    '  --theme-site-secondary: var(--color-mauve);\n' +
    '  --theme-site-primary-hover: #7bffdf;\n' +
    '  --theme-site-primary-dark: #0d1b4f;\n' +
    '  --theme-site-gradient-start: var(--theme-site-primary);\n' +
    '  --theme-site-gradient-end: var(--theme-site-secondary);\n' +
    '\n' +
    '  --status-success: var(--color-green);\n' +
    '  --status-warning: var(--color-yellow);\n' +
    '  --status-error: var(--color-red);\n' +
    '  --status-neutral: var(--color-overlay-0);\n' +
    '  --color-backdrop-scrim: rgb(4 8 26 / 0.78);\n' +
    '\n' +
    '  --border-width-hairline: 1px;\n' +
    '  --border-width-strong: 2px;\n' +
    '  --border-width-drop-target: 3px;\n' +
    '  --border-width-category: 4px;\n' +
    '\n' +
    '  --theme-radius-sm: 3px;\n' +
    '  --radius-control: 4px;\n' +
    '  --radius-surface: 6px;\n' +
    '  --radius-badge: 3px;\n' +
    '  --radius-dialog: 8px;\n' +
    '  --card-radius: var(--radius-surface);\n' +
    '\n' +
    '  --shadow-none: none;\n' +
    '  --shadow-card:\n' +
    '    0 0 0 1px rgb(94 248 255 / 0.35),\n' +
    '    0 0 18px rgb(94 248 255 / 0.16);\n' +
    '  --shadow-dialog:\n' +
    '    0 0 0 1px rgb(207 125 255 / 0.35),\n' +
    '    0 0 28px rgb(94 248 255 / 0.14);\n' +
    '  --shadow-toast:\n' +
    '    0 0 0 1px rgb(94 248 255 / 0.24),\n' +
    '    0 0 24px rgb(94 248 255 / 0.18);\n' +
    '  --shell-logo-wordmark-spacing: -0.65px;\n' +
    '  --sidebar-icon-stroke-width: 1.8;\n' +
    '  --inline-icon-stroke-width: 1.9;\n' +
    '  --category-preview-icon-size: 18px;\n' +
    '  --category-preview-icon-stroke-width: 1.8;\n' +
    '}\n' +
    '\n' +
    '* {\n' +
    '  box-sizing: border-box;\n' +
    '  scrollbar-width: thin;\n' +
    '  scrollbar-color: var(--color-surface-2) transparent;\n' +
    '}\n' +
    '\n' +
    '::-webkit-scrollbar {\n' +
    '  width: 6px;\n' +
    '  height: 6px;\n' +
    '}\n' +
    '\n' +
    '::-webkit-scrollbar-track {\n' +
    '  background: transparent;\n' +
    '}\n' +
    '\n' +
    '::-webkit-scrollbar-thumb {\n' +
    '  background: var(--color-surface-2);\n' +
    '  border-radius: var(--theme-radius-sm);\n' +
    '}\n' +
    '\n' +
    '::-webkit-scrollbar-thumb:hover {\n' +
    '  background: var(--color-overlay-0);\n' +
    '}\n' +
    '\n' +
    '::-webkit-scrollbar-corner {\n' +
    '  background: transparent;\n' +
    '}\n' +
    '\n' +
    'html,\n' +
    'body,\n' +
    '#root {\n' +
    '  height: 100%;\n' +
    '}\n' +
    '\n' +
    'body {\n' +
    '  margin: 0;\n' +
    '  overflow: hidden;\n' +
    '  background: var(--color-mantle);\n' +
    '  color: var(--color-text);\n' +
    '  font-family: var(--font-ui);\n' +
    '  font-size: var(--font-size-body);\n' +
    '  font-weight: var(--font-weight-regular);\n' +
    '  line-height: var(--line-height-body);\n' +
    '  text-rendering: optimizeLegibility;\n' +
    '}\n' +
    '\n' +
    'button,\n' +
    'input {\n' +
    '  font: inherit;\n' +
    '  line-height: var(--line-height-snug);\n' +
    '}\n' +
    '\n' +
    'h1,\n' +
    'h2,\n' +
    'h3,\n' +
    'p {\n' +
    '  margin: 0;\n' +
    '}\n' +
    '\n' +
    'h1 {\n' +
    '  font-size: var(--font-size-title);\n' +
    '  font-weight: var(--font-weight-bold);\n' +
    '  line-height: var(--line-height-title);\n' +
    '}\n' +
    '\n' +
    'h2,\n' +
    'h3 {\n' +
    '  font-size: var(--font-size-heading);\n' +
    '  font-weight: var(--font-weight-medium);\n' +
    '  line-height: var(--line-height-heading);\n' +
    '}\n' +
    '\n' +
    'button {\n' +
    '  appearance: none;\n' +
    '  cursor: pointer;\n' +
    '}\n' +
    '\n' +
    'input {\n' +
    '  appearance: none;\n' +
    '  border-radius: 0;\n' +
    '}\n' +
    '\n' +
    'input:focus-visible,\n' +
    'button:focus-visible {\n' +
    '  outline: var(--border-width-hairline) solid var(--color-blue);\n' +
    '  outline-offset: -1px;\n' +
    '}\n' +
    '\n' +
    '.app-shell {\n' +
    '  display: flex;\n' +
    '  flex-direction: column;\n' +
    '  height: 100%;\n' +
    '  background: var(--color-mantle);\n' +
    '}\n' +
    '\n' +
    '.app-shell__body {\n' +
    '  display: flex;\n' +
    '  flex: 1 1 auto;\n' +
    '  min-height: 0;\n' +
    '}\n' +
    '\n' +
    '.app-shell__sidebar {\n' +
    '  display: flex;\n' +
    '  flex-direction: column;\n' +
    '  width: var(--sidebar-width);\n' +
    '  min-width: var(--sidebar-width);\n' +
    '  background: var(--color-crust);\n' +
    '}\n' +
    '\n' +
    '.sidebar__logo {\n' +
    '  display: flex;\n' +
    '  align-items: center;\n' +
    '  min-height: var(--logo-height);\n' +
    '  padding-inline: var(--shell-sidebar-padding-x);\n' +
    '}\n' +
    '\n' +
    '.sidebar__logo-wordmark {\n' +
    '  display: flex;\n' +
    '  align-items: center;\n' +
    '  font-size: var(--font-size-shell-logo);\n' +
    '  font-family: var(--logo-font1);\n' +
    '  font-weight: var(--font-weight-bold);\n' +
    '  color: var(--color-text);\n' +
    '  letter-spacing: var(--shell-logo-wordmark-spacing);\n' +
    '  overflow: visible;\n' +
    '  border-radius: var(--radius-control);\n' +
    '  gap: 0.05em;\n' +
    '}\n' +
    '\n' +
    '.sidebar__logo-wordmark .navsitename1 {\n' +
    '  padding: 0.15em;\n' +
    '  background: linear-gradient(to right, var(--theme-site-gradient-start), var(--theme-site-gradient-end));\n' +
    '  color: var(--color-text);\n' +
    '  text-box-trim: trim-both;\n' +
    '  text-box-edge: cap alphabetic;\n' +
    '}\n' +
    '\n' +
    '.sidebar__logo-wordmark .navsitename2 {\n' +
    '  display: inline-block;\n' +
    '  margin-right: 0.75rem;\n' +
    '  line-height: 1.1em;\n' +
    '  height: auto;\n' +
    '  padding-bottom: 0.1em;\n' +
    '  overflow: visible;\n' +
    '  transform: translateY(0.05em);\n' +
    '}\n' +
    '\n' +
    '@supports not (text-box-trim: trim-both) {\n' +
    '\n' +
    '  .sidebar__logo-wordmark .navsitename1 {\n' +
    '    line-height: 0.85em;\n' +
    '    height: 0.85em;\n' +
    '  }\n' +
    '}\n' +
    '\n' +
    '.sidebar__rule {\n' +
    '  height: var(--border-width-hairline);\n' +
    '  background: var(--color-surface-1);\n' +
    '}\n' +
    '\n' +
    '.sidebar__nav {\n' +
    '  display: flex;\n' +
    '  flex: 1 1 auto;\n' +
    '  flex-direction: column;\n' +
    '  gap: var(--shell-nav-gap);\n' +
    '  padding: 6px 6px 0;\n' +
    '}\n' +
    '\n' +
    '.sidebar__nav-item {\n' +
    '  display: flex;\n' +
    '  align-items: center;\n' +
    '  height: var(--nav-row-height);\n' +
    '  gap: var(--shell-nav-item-gap);\n' +
    '  margin-inline: 0;\n' +
    ' '... 96292 more characters
  
      at TestContext.<anonymous> (C:\Users\Chris\Desktop\EG - Convert\EG - TSX\test\config-react-desktop-ui-contract.test.mjs:926:12)
      at Test.runInAsyncScope (node:async_hooks:214:14)
      at Test.run (node:internal/test_runner/test:1103:25)
      at Suite.processPendingSubtests (node:internal/test_runner/test:785:18)
      at Test.postRun (node:internal/test_runner/test:1232:19)
      at Test.run (node:internal/test_runner/test:1160:12)
      at async Promise.all (index 0)
      at async Suite.run (node:internal/test_runner/test:1515:7)
      at async Test.processPendingSubtests (node:internal/test_runner/test:785:7) {
    generatedMessage: true,
    code: 'ERR_ASSERTION',
    actual: ':root,\nhtml[data-theme="legacy-clone"] {\n  --font-ui: "Segoe UI", system-ui, sans-serif;\n  --logo-font1: "Futura", sans-serif;\n  --font-mono: "Consolas", "Cascadia Mono", monospace;\n  --font-weight-regular: 400;\n  --font-weight-medium: 600;\n  --font-weight-semibold: 600;\n  --font-weight-bold: 700;\n\n  --font-size-title: 19px;\n  --font-size-subheading: 12px;\n  --font-size-heading: 15px;\n  --font-size-body: 12px;\n  --font-size-small: 11px;\n  --font-size-tiny: 10px;\n  --font-size-micro: 9px;\n  --font-size-icon: 12px;\n  --font-size-shell-logo: 25px;\n  --font-size-shell-logo-label: 13px;\n  --font-size-shell-nav-label: 14px;\n  --font-size-shell-nav-icon: 16px;\n  --font-size-section-label: 12px;\n  --font-size-form-label: 12px;\n  --font-size-meta-label: 10px;\n  --font-size-content-nav: 14px;\n  --font-size-sidebar-label: 13px;\n  --font-size-content-pill: 11px;\n  --font-size-content-pool-head: 13px;\n  --font-size-content-pool-row: 13px;\n  --line-height-title: 1.125;\n  --line-height-heading: 1.25;\n  --line-height-body: 1.333;\n  --line-height-dense: 1;\n  --line-height-snug: 1.2;\n  --line-height-relaxed: 1.5;\n  --line-height-badge: 16px;\n\n  --letter-spacing-tight: 0.02em;\n  --letter-spacing-normal: 0.03em;\n  --letter-spacing-wide: 0.04em;\n  --letter-spacing-wider: 0.05em;\n\n  --color-base: #11111b;\n  --color-mantle: #181825;\n  --color-crust: #0d0d12;\n  --color-surface-0: #1e1e2e;\n  --color-surface-1: #313244;\n  --color-surface-2: #45475a;\n  --color-overlay-0: #6c7086;\n  --color-overlay-1: #7f849c;\n  --color-text: #cdd6f4;\n  --color-subtext-1: #bac2de;\n  --color-subtext-0: #a6adc8;\n  --color-white: #ffffff;\n  --color-blue: #89b4fa;\n  --color-sapphire: #74c7ec;\n  --color-green: #a6e3a1;\n  --color-peach: #fab387;\n  --color-red: #f38ba8;\n  --color-mauve: #cba6f7;\n  --color-teal: #94e2d5;\n  --color-yellow: #f9e2af;\n  --color-drop: #2a2b3d;\n  --color-card-border: #252538;\n\n  --theme-site-primary: var(--color-blue);\n  --theme-site-secondary: var(--color-blue);\n  --theme-site-primary-hover: var(--color-sapphire);\n  --theme-site-primary-dark: var(--color-drop);\n  --theme-site-gradient-start: var(--theme-site-primary);\n  --theme-site-gradient-end: var(--theme-site-secondary);\n\n  --status-success: var(--color-green);\n  --status-warning: var(--color-peach);\n  --status-error: var(--color-red);\n  --status-neutral: var(--color-overlay-0);\n  --color-backdrop-scrim: rgb(17 17 27 / 0.72);\n\n  --border-width-hairline: 1px;\n  --border-width-strong: 2px;\n  --border-width-drop-target: 3px;\n  --border-width-category: 4px;\n\n  --theme-radius-sm: 3px;\n  --radius-control: 0px;\n  --radius-surface: 0px;\n  --radius-badge: 2px;\n  --radius-dialog: 0px;\n  --card-radius: var(--radius-surface);\n\n  --shadow-none: none;\n  --shadow-card: none;\n  --shadow-dialog: none;\n  --shadow-toast: none;\n  --sidebar-icon-stroke-width: 1.5;\n  --inline-icon-stroke-width: 1.7;\n  --category-preview-icon-size: 18px;\n  --category-preview-icon-stroke-width: 1.5;\n\n  --z-shell: 1;\n  --z-toast: 20;\n  --z-dialog-backdrop: 30;\n  --z-dialog: 31;\n  --z-drag-ghost: 50;\n  --z-dialog-overlay: 60;\n\n  --sidebar-width: 200px;\n  --status-height: 32px;\n  --context-height: 48px;\n  --logo-height: 56px;\n  --nav-row-height: 42px;\n  --site-theme-height: 52px;\n  --page-padding-x: 12px;\n  --page-padding-y: 8px;\n  --card-grid-gap: 6px;\n  --card-inner-padding-x: 10px;\n  --card-inner-padding-y: 8px;\n  --card-row-gap: 3px;\n  --input-height: 24px;\n  --toggle-width: 38px;\n  --toggle-height: 16px;\n  --button-height: 24px;\n  --button-padding-x: 8px;\n  --button-padding-y: 4px;\n  --shell-sidebar-padding-x: 12px;\n  --shell-logo-gap: 8px;\n  --shell-logo-letter-spacing: 0.08em;\n  --shell-logo-wordmark-spacing: -0.65px;\n  --shell-nav-gap: 1px;\n  --shell-nav-item-gap: 9px;\n  --shell-nav-item-padding-right: 10px;\n  --shell-nav-icon-width: 20px;\n  --field-inline-label-width: 42px;\n  --theme-color-label-width: 62px;\n  --content-main-tab-height: var(--nav-row-height);\n  --content-subtab-height: var(--button-height);\n  --content-toolbar-gap: var(--card-grid-gap);\n  --content-pool-width: 650px;\n  --content-panel-gap: var(--card-grid-gap);\n  --content-grid-gap: var(--card-grid-gap);\n  --content-slot-padding: 6px;\n  --content-pool-row-height: 24px;\n  --content-pill-height: 22px;\n  --content-input-width: 192px;\n  --content-pool-type-col-width: 64px;\n  --toggle-height-sm: 14px;\n  --button-padding-x-sm: 6px;\n  --gap-tight: 4px;\n  --spacing-section-break: 7px;\n  --color-picker-height: 32px;\n  --hub-category-sidebar-width: 170px;\n  --hub-slot-height: 84px;\n  --hub-pool-height: 288px;\n}\n\nhtml[data-theme="arcade-neon"] {\n  --font-ui: "Orbitron", "Segoe UI", system-ui, sans-serif;\n  --logo-font1: "Orbitron", sans-serif;\n  --font-mono: "Share Tech Mono", "Consolas", "Cascadia Mono", monospace;\n  --font-weight-regular: 500;\n  --font-weight-medium: 700;\n  --font-weight-semibold: 700;\n  --font-weight-bold: 800;\n\n  --color-base: #02030a;\n  --color-mantle: #050814;\n  --color-crust: #070b1f;\n  --color-surface-0: #0d1330;\n  --color-surface-1: #18204a;\n  --color-surface-2: #27326b;\n  --color-overlay-0: #83a4ff;\n  --color-overlay-1: #9ab6ff;\n  --color-text: #e4eeff;\n  --color-subtext-1: #d1e0ff;\n  --color-subtext-0: #b8cdff;\n  --color-white: #ffffff;\n  --color-blue: #64d3ff;\n  --color-sapphire: #4fffcf;\n  --color-green: #5dff93;\n  --color-peach: #ffb25f;\n  --color-red: #ff5f94;\n  --color-mauve: #cf7dff;\n  --color-teal: #5ef8ff;\n  --color-yellow: #ffd764;\n  --color-drop: #050a23;\n  --color-card-border: #2b3c85;\n\n  --theme-site-primary: var(--color-teal);\n  --theme-site-secondary: var(--color-mauve);\n  --theme-site-primary-hover: #7bffdf;\n  --theme-site-primary-dark: #0d1b4f;\n  --theme-site-gradient-start: var(--theme-site-primary);\n  --theme-site-gradient-end: var(--theme-site-secondary);\n\n  --status-success: var(--color-green);\n  --status-warning: var(--color-yellow);\n  --status-error: var(--color-red);\n  --status-neutral: var(--color-overlay-0);\n  --color-backdrop-scrim: rgb(4 8 26 / 0.78);\n\n  --border-width-hairline: 1px;\n  --border-width-strong: 2px;\n  --border-width-drop-target: 3px;\n  --border-width-category: 4px;\n\n  --theme-radius-sm: 3px;\n  --radius-control: 4px;\n  --radius-surface: 6px;\n  --radius-badge: 3px;\n  --radius-dialog: 8px;\n  --card-radius: var(--radius-surface);\n\n  --shadow-none: none;\n  --shadow-card:\n    0 0 0 1px rgb(94 248 255 / 0.35),\n    0 0 18px rgb(94 248 255 / 0.16);\n  --shadow-dialog:\n    0 0 0 1px rgb(207 125 255 / 0.35),\n    0 0 28px rgb(94 248 255 / 0.14);\n  --shadow-toast:\n    0 0 0 1px rgb(94 248 255 / 0.24),\n    0 0 24px rgb(94 248 255 / 0.18);\n  --shell-logo-wordmark-spacing: -0.65px;\n  --sidebar-icon-stroke-width: 1.8;\n  --inline-icon-stroke-width: 1.9;\n  --category-preview-icon-size: 18px;\n  --category-preview-icon-stroke-width: 1.8;\n}\n\n* {\n  box-sizing: border-box;\n  scrollbar-width: thin;\n  scrollbar-color: var(--color-surface-2) transparent;\n}\n\n::-webkit-scrollbar {\n  width: 6px;\n  height: 6px;\n}\n\n::-webkit-scrollbar-track {\n  background: transparent;\n}\n\n::-webkit-scrollbar-thumb {\n  background: var(--color-surface-2);\n  border-radius: var(--theme-radius-sm);\n}\n\n::-webkit-scrollbar-thumb:hover {\n  background: var(--color-overlay-0);\n}\n\n::-webkit-scrollbar-corner {\n  background: transparent;\n}\n\nhtml,\nbody,\n#root {\n  height: 100%;\n}\n\nbody {\n  margin: 0;\n  overflow: hidden;\n  background: var(--color-mantle);\n  color: var(--color-text);\n  font-family: var(--font-ui);\n  font-size: var(--font-size-body);\n  font-weight: var(--font-weight-regular);\n  line-height: var(--line-height-body);\n  text-rendering: optimizeLegibility;\n}\n\nbutton,\ninput {\n  font: inherit;\n  line-height: var(--line-height-snug);\n}\n\nh1,\nh2,\nh3,\np {\n  margin: 0;\n}\n\nh1 {\n  font-size: var(--font-size-title);\n  font-weight: var(--font-weight-bold);\n  line-height: var(--line-height-title);\n}\n\nh2,\nh3 {\n  font-size: var(--font-size-heading);\n  font-weight: var(--font-weight-medium);\n  line-height: var(--line-height-heading);\n}\n\nbutton {\n  appearance: none;\n  cursor: pointer;\n}\n\ninput {\n  appearance: none;\n  border-radius: 0;\n}\n\ninput:focus-visible,\nbutton:focus-visible {\n  outline: var(--border-width-hairline) solid var(--color-blue);\n  outline-offset: -1px;\n}\n\n.app-shell {\n  display: flex;\n  flex-direction: column;\n  height: 100%;\n  background: var(--color-mantle);\n}\n\n.app-shell__body {\n  display: flex;\n  flex: 1 1 auto;\n  min-height: 0;\n}\n\n.app-shell__sidebar {\n  display: flex;\n  flex-direction: column;\n  width: var(--sidebar-width);\n  min-width: var(--sidebar-width);\n  background: var(--color-crust);\n}\n\n.sidebar__logo {\n  display: flex;\n  align-items: center;\n  min-height: var(--logo-height);\n  padding-inline: var(--shell-sidebar-padding-x);\n}\n\n.sidebar__logo-wordmark {\n  display: flex;\n  align-items: center;\n  font-size: var(--font-size-shell-logo);\n  font-family: var(--logo-font1);\n  font-weight: var(--font-weight-bold);\n  color: var(--color-text);\n  letter-spacing: var(--shell-logo-wordmark-spacing);\n  overflow: visible;\n  border-radius: var(--radius-control);\n  gap: 0.05em;\n}\n\n.sidebar__logo-wordmark .navsitename1 {\n  padding: 0.15em;\n  background: linear-gradient(to right, var(--theme-site-gradient-start), var(--theme-site-gradient-end));\n  color: var(--color-text);\n  text-box-trim: trim-both;\n  text-box-edge: cap alphabetic;\n}\n\n.sidebar__logo-wordmark .navsitename2 {\n  display: inline-block;\n  margin-right: 0.75rem;\n  line-height: 1.1em;\n  height: auto;\n  padding-bottom: 0.1em;\n  overflow: visible;\n  transform: translateY(0.05em);\n}\n\n@supports not (text-box-trim: trim-both) {\n\n  .sidebar__logo-wordmark .navsitename1 {\n    line-height: 0.85em;\n    height: 0.85em;\n  }\n}\n\n.sidebar__rule {\n  height: var(--border-width-hairline);\n  background: var(--color-surface-1);\n}\n\n.sidebar__nav {\n  display: flex;\n  flex: 1 1 auto;\n  flex-direction: column;\n  gap: var(--shell-nav-gap);\n  padding: 6px 6px 0;\n}\n\n.sidebar__nav-item {\n  display: flex;\n  align-items: center;\n  height: var(--nav-row-height);\n  gap: var(--shell-nav-item-gap);\n  margin-inline: 0;\n '... 96292 more characters,
    expected: /\.toggle-group--product\s+\.toggle__track\s*\{\s*height:\s*calc\(var\(--toggle-height\)\s*-\s*2px\);\s*\}/s,
    operator: 'match',
    diff: 'simple'
  }

test at test\config-react-desktop-ui-contract.test.mjs:934:3
✖ renders a direct color input in the dialog and removes the extra picker button (0.8956ms)
  AssertionError [ERR_ASSERTION]: The input did not match the regular expression /\.color-dialog__picker\s*\{\s*width:\s*100%;\s*min-height:\s*calc\(var\(--button-height\)\s*\+\s*8px\);\s*padding:\s*0;\s*border:\s*var\(--border-width-hairline\)\s*solid\s*var\(--color-surface-2\);\s*background:\s*transparent;\s*cursor:\s*pointer;\s*\}/s. Input:
  
  ':root,\n' +
    'html[data-theme="legacy-clone"] {\n' +
    '  --font-ui: "Segoe UI", system-ui, sans-serif;\n' +
    '  --logo-font1: "Futura", sans-serif;\n' +
    '  --font-mono: "Consolas", "Cascadia Mono", monospace;\n' +
    '  --font-weight-regular: 400;\n' +
    '  --font-weight-medium: 600;\n' +
    '  --font-weight-semibold: 600;\n' +
    '  --font-weight-bold: 700;\n' +
    '\n' +
    '  --font-size-title: 19px;\n' +
    '  --font-size-subheading: 12px;\n' +
    '  --font-size-heading: 15px;\n' +
    '  --font-size-body: 12px;\n' +
    '  --font-size-small: 11px;\n' +
    '  --font-size-tiny: 10px;\n' +
    '  --font-size-micro: 9px;\n' +
    '  --font-size-icon: 12px;\n' +
    '  --font-size-shell-logo: 25px;\n' +
    '  --font-size-shell-logo-label: 13px;\n' +
    '  --font-size-shell-nav-label: 14px;\n' +
    '  --font-size-shell-nav-icon: 16px;\n' +
    '  --font-size-section-label: 12px;\n' +
    '  --font-size-form-label: 12px;\n' +
    '  --font-size-meta-label: 10px;\n' +
    '  --font-size-content-nav: 14px;\n' +
    '  --font-size-sidebar-label: 13px;\n' +
    '  --font-size-content-pill: 11px;\n' +
    '  --font-size-content-pool-head: 13px;\n' +
    '  --font-size-content-pool-row: 13px;\n' +
    '  --line-height-title: 1.125;\n' +
    '  --line-height-heading: 1.25;\n' +
    '  --line-height-body: 1.333;\n' +
    '  --line-height-dense: 1;\n' +
    '  --line-height-snug: 1.2;\n' +
    '  --line-height-relaxed: 1.5;\n' +
    '  --line-height-badge: 16px;\n' +
    '\n' +
    '  --letter-spacing-tight: 0.02em;\n' +
    '  --letter-spacing-normal: 0.03em;\n' +
    '  --letter-spacing-wide: 0.04em;\n' +
    '  --letter-spacing-wider: 0.05em;\n' +
    '\n' +
    '  --color-base: #11111b;\n' +
    '  --color-mantle: #181825;\n' +
    '  --color-crust: #0d0d12;\n' +
    '  --color-surface-0: #1e1e2e;\n' +
    '  --color-surface-1: #313244;\n' +
    '  --color-surface-2: #45475a;\n' +
    '  --color-overlay-0: #6c7086;\n' +
    '  --color-overlay-1: #7f849c;\n' +
    '  --color-text: #cdd6f4;\n' +
    '  --color-subtext-1: #bac2de;\n' +
    '  --color-subtext-0: #a6adc8;\n' +
    '  --color-white: #ffffff;\n' +
    '  --color-blue: #89b4fa;\n' +
    '  --color-sapphire: #74c7ec;\n' +
    '  --color-green: #a6e3a1;\n' +
    '  --color-peach: #fab387;\n' +
    '  --color-red: #f38ba8;\n' +
    '  --color-mauve: #cba6f7;\n' +
    '  --color-teal: #94e2d5;\n' +
    '  --color-yellow: #f9e2af;\n' +
    '  --color-drop: #2a2b3d;\n' +
    '  --color-card-border: #252538;\n' +
    '\n' +
    '  --theme-site-primary: var(--color-blue);\n' +
    '  --theme-site-secondary: var(--color-blue);\n' +
    '  --theme-site-primary-hover: var(--color-sapphire);\n' +
    '  --theme-site-primary-dark: var(--color-drop);\n' +
    '  --theme-site-gradient-start: var(--theme-site-primary);\n' +
    '  --theme-site-gradient-end: var(--theme-site-secondary);\n' +
    '\n' +
    '  --status-success: var(--color-green);\n' +
    '  --status-warning: var(--color-peach);\n' +
    '  --status-error: var(--color-red);\n' +
    '  --status-neutral: var(--color-overlay-0);\n' +
    '  --color-backdrop-scrim: rgb(17 17 27 / 0.72);\n' +
    '\n' +
    '  --border-width-hairline: 1px;\n' +
    '  --border-width-strong: 2px;\n' +
    '  --border-width-drop-target: 3px;\n' +
    '  --border-width-category: 4px;\n' +
    '\n' +
    '  --theme-radius-sm: 3px;\n' +
    '  --radius-control: 0px;\n' +
    '  --radius-surface: 0px;\n' +
    '  --radius-badge: 2px;\n' +
    '  --radius-dialog: 0px;\n' +
    '  --card-radius: var(--radius-surface);\n' +
    '\n' +
    '  --shadow-none: none;\n' +
    '  --shadow-card: none;\n' +
    '  --shadow-dialog: none;\n' +
    '  --shadow-toast: none;\n' +
    '  --sidebar-icon-stroke-width: 1.5;\n' +
    '  --inline-icon-stroke-width: 1.7;\n' +
    '  --category-preview-icon-size: 18px;\n' +
    '  --category-preview-icon-stroke-width: 1.5;\n' +
    '\n' +
    '  --z-shell: 1;\n' +
    '  --z-toast: 20;\n' +
    '  --z-dialog-backdrop: 30;\n' +
    '  --z-dialog: 31;\n' +
    '  --z-drag-ghost: 50;\n' +
    '  --z-dialog-overlay: 60;\n' +
    '\n' +
    '  --sidebar-width: 200px;\n' +
    '  --status-height: 32px;\n' +
    '  --context-height: 48px;\n' +
    '  --logo-height: 56px;\n' +
    '  --nav-row-height: 42px;\n' +
    '  --site-theme-height: 52px;\n' +
    '  --page-padding-x: 12px;\n' +
    '  --page-padding-y: 8px;\n' +
    '  --card-grid-gap: 6px;\n' +
    '  --card-inner-padding-x: 10px;\n' +
    '  --card-inner-padding-y: 8px;\n' +
    '  --card-row-gap: 3px;\n' +
    '  --input-height: 24px;\n' +
    '  --toggle-width: 38px;\n' +
    '  --toggle-height: 16px;\n' +
    '  --button-height: 24px;\n' +
    '  --button-padding-x: 8px;\n' +
    '  --button-padding-y: 4px;\n' +
    '  --shell-sidebar-padding-x: 12px;\n' +
    '  --shell-logo-gap: 8px;\n' +
    '  --shell-logo-letter-spacing: 0.08em;\n' +
    '  --shell-logo-wordmark-spacing: -0.65px;\n' +
    '  --shell-nav-gap: 1px;\n' +
    '  --shell-nav-item-gap: 9px;\n' +
    '  --shell-nav-item-padding-right: 10px;\n' +
    '  --shell-nav-icon-width: 20px;\n' +
    '  --field-inline-label-width: 42px;\n' +
    '  --theme-color-label-width: 62px;\n' +
    '  --content-main-tab-height: var(--nav-row-height);\n' +
    '  --content-subtab-height: var(--button-height);\n' +
    '  --content-toolbar-gap: var(--card-grid-gap);\n' +
    '  --content-pool-width: 650px;\n' +
    '  --content-panel-gap: var(--card-grid-gap);\n' +
    '  --content-grid-gap: var(--card-grid-gap);\n' +
    '  --content-slot-padding: 6px;\n' +
    '  --content-pool-row-height: 24px;\n' +
    '  --content-pill-height: 22px;\n' +
    '  --content-input-width: 192px;\n' +
    '  --content-pool-type-col-width: 64px;\n' +
    '  --toggle-height-sm: 14px;\n' +
    '  --button-padding-x-sm: 6px;\n' +
    '  --gap-tight: 4px;\n' +
    '  --spacing-section-break: 7px;\n' +
    '  --color-picker-height: 32px;\n' +
    '  --hub-category-sidebar-width: 170px;\n' +
    '  --hub-slot-height: 84px;\n' +
    '  --hub-pool-height: 288px;\n' +
    '}\n' +
    '\n' +
    'html[data-theme="arcade-neon"] {\n' +
    '  --font-ui: "Orbitron", "Segoe UI", system-ui, sans-serif;\n' +
    '  --logo-font1: "Orbitron", sans-serif;\n' +
    '  --font-mono: "Share Tech Mono", "Consolas", "Cascadia Mono", monospace;\n' +
    '  --font-weight-regular: 500;\n' +
    '  --font-weight-medium: 700;\n' +
    '  --font-weight-semibold: 700;\n' +
    '  --font-weight-bold: 800;\n' +
    '\n' +
    '  --color-base: #02030a;\n' +
    '  --color-mantle: #050814;\n' +
    '  --color-crust: #070b1f;\n' +
    '  --color-surface-0: #0d1330;\n' +
    '  --color-surface-1: #18204a;\n' +
    '  --color-surface-2: #27326b;\n' +
    '  --color-overlay-0: #83a4ff;\n' +
    '  --color-overlay-1: #9ab6ff;\n' +
    '  --color-text: #e4eeff;\n' +
    '  --color-subtext-1: #d1e0ff;\n' +
    '  --color-subtext-0: #b8cdff;\n' +
    '  --color-white: #ffffff;\n' +
    '  --color-blue: #64d3ff;\n' +
    '  --color-sapphire: #4fffcf;\n' +
    '  --color-green: #5dff93;\n' +
    '  --color-peach: #ffb25f;\n' +
    '  --color-red: #ff5f94;\n' +
    '  --color-mauve: #cf7dff;\n' +
    '  --color-teal: #5ef8ff;\n' +
    '  --color-yellow: #ffd764;\n' +
    '  --color-drop: #050a23;\n' +
    '  --color-card-border: #2b3c85;\n' +
    '\n' +
    '  --theme-site-primary: var(--color-teal);\n' +
    '  --theme-site-secondary: var(--color-mauve);\n' +
    '  --theme-site-primary-hover: #7bffdf;\n' +
    '  --theme-site-primary-dark: #0d1b4f;\n' +
    '  --theme-site-gradient-start: var(--theme-site-primary);\n' +
    '  --theme-site-gradient-end: var(--theme-site-secondary);\n' +
    '\n' +
    '  --status-success: var(--color-green);\n' +
    '  --status-warning: var(--color-yellow);\n' +
    '  --status-error: var(--color-red);\n' +
    '  --status-neutral: var(--color-overlay-0);\n' +
    '  --color-backdrop-scrim: rgb(4 8 26 / 0.78);\n' +
    '\n' +
    '  --border-width-hairline: 1px;\n' +
    '  --border-width-strong: 2px;\n' +
    '  --border-width-drop-target: 3px;\n' +
    '  --border-width-category: 4px;\n' +
    '\n' +
    '  --theme-radius-sm: 3px;\n' +
    '  --radius-control: 4px;\n' +
    '  --radius-surface: 6px;\n' +
    '  --radius-badge: 3px;\n' +
    '  --radius-dialog: 8px;\n' +
    '  --card-radius: var(--radius-surface);\n' +
    '\n' +
    '  --shadow-none: none;\n' +
    '  --shadow-card:\n' +
    '    0 0 0 1px rgb(94 248 255 / 0.35),\n' +
    '    0 0 18px rgb(94 248 255 / 0.16);\n' +
    '  --shadow-dialog:\n' +
    '    0 0 0 1px rgb(207 125 255 / 0.35),\n' +
    '    0 0 28px rgb(94 248 255 / 0.14);\n' +
    '  --shadow-toast:\n' +
    '    0 0 0 1px rgb(94 248 255 / 0.24),\n' +
    '    0 0 24px rgb(94 248 255 / 0.18);\n' +
    '  --shell-logo-wordmark-spacing: -0.65px;\n' +
    '  --sidebar-icon-stroke-width: 1.8;\n' +
    '  --inline-icon-stroke-width: 1.9;\n' +
    '  --category-preview-icon-size: 18px;\n' +
    '  --category-preview-icon-stroke-width: 1.8;\n' +
    '}\n' +
    '\n' +
    '* {\n' +
    '  box-sizing: border-box;\n' +
    '  scrollbar-width: thin;\n' +
    '  scrollbar-color: var(--color-surface-2) transparent;\n' +
    '}\n' +
    '\n' +
    '::-webkit-scrollbar {\n' +
    '  width: 6px;\n' +
    '  height: 6px;\n' +
    '}\n' +
    '\n' +
    '::-webkit-scrollbar-track {\n' +
    '  background: transparent;\n' +
    '}\n' +
    '\n' +
    '::-webkit-scrollbar-thumb {\n' +
    '  background: var(--color-surface-2);\n' +
    '  border-radius: var(--theme-radius-sm);\n' +
    '}\n' +
    '\n' +
    '::-webkit-scrollbar-thumb:hover {\n' +
    '  background: var(--color-overlay-0);\n' +
    '}\n' +
    '\n' +
    '::-webkit-scrollbar-corner {\n' +
    '  background: transparent;\n' +
    '}\n' +
    '\n' +
    'html,\n' +
    'body,\n' +
    '#root {\n' +
    '  height: 100%;\n' +
    '}\n' +
    '\n' +
    'body {\n' +
    '  margin: 0;\n' +
    '  overflow: hidden;\n' +
    '  background: var(--color-mantle);\n' +
    '  color: var(--color-text);\n' +
    '  font-family: var(--font-ui);\n' +
    '  font-size: var(--font-size-body);\n' +
    '  font-weight: var(--font-weight-regular);\n' +
    '  line-height: var(--line-height-body);\n' +
    '  text-rendering: optimizeLegibility;\n' +
    '}\n' +
    '\n' +
    'button,\n' +
    'input {\n' +
    '  font: inherit;\n' +
    '  line-height: var(--line-height-snug);\n' +
    '}\n' +
    '\n' +
    'h1,\n' +
    'h2,\n' +
    'h3,\n' +
    'p {\n' +
    '  margin: 0;\n' +
    '}\n' +
    '\n' +
    'h1 {\n' +
    '  font-size: var(--font-size-title);\n' +
    '  font-weight: var(--font-weight-bold);\n' +
    '  line-height: var(--line-height-title);\n' +
    '}\n' +
    '\n' +
    'h2,\n' +
    'h3 {\n' +
    '  font-size: var(--font-size-heading);\n' +
    '  font-weight: var(--font-weight-medium);\n' +
    '  line-height: var(--line-height-heading);\n' +
    '}\n' +
    '\n' +
    'button {\n' +
    '  appearance: none;\n' +
    '  cursor: pointer;\n' +
    '}\n' +
    '\n' +
    'input {\n' +
    '  appearance: none;\n' +
    '  border-radius: 0;\n' +
    '}\n' +
    '\n' +
    'input:focus-visible,\n' +
    'button:focus-visible {\n' +
    '  outline: var(--border-width-hairline) solid var(--color-blue);\n' +
    '  outline-offset: -1px;\n' +
    '}\n' +
    '\n' +
    '.app-shell {\n' +
    '  display: flex;\n' +
    '  flex-direction: column;\n' +
    '  height: 100%;\n' +
    '  background: var(--color-mantle);\n' +
    '}\n' +
    '\n' +
    '.app-shell__body {\n' +
    '  display: flex;\n' +
    '  flex: 1 1 auto;\n' +
    '  min-height: 0;\n' +
    '}\n' +
    '\n' +
    '.app-shell__sidebar {\n' +
    '  display: flex;\n' +
    '  flex-direction: column;\n' +
    '  width: var(--sidebar-width);\n' +
    '  min-width: var(--sidebar-width);\n' +
    '  background: var(--color-crust);\n' +
    '}\n' +
    '\n' +
    '.sidebar__logo {\n' +
    '  display: flex;\n' +
    '  align-items: center;\n' +
    '  min-height: var(--logo-height);\n' +
    '  padding-inline: var(--shell-sidebar-padding-x);\n' +
    '}\n' +
    '\n' +
    '.sidebar__logo-wordmark {\n' +
    '  display: flex;\n' +
    '  align-items: center;\n' +
    '  font-size: var(--font-size-shell-logo);\n' +
    '  font-family: var(--logo-font1);\n' +
    '  font-weight: var(--font-weight-bold);\n' +
    '  color: var(--color-text);\n' +
    '  letter-spacing: var(--shell-logo-wordmark-spacing);\n' +
    '  overflow: visible;\n' +
    '  border-radius: var(--radius-control);\n' +
    '  gap: 0.05em;\n' +
    '}\n' +
    '\n' +
    '.sidebar__logo-wordmark .navsitename1 {\n' +
    '  padding: 0.15em;\n' +
    '  background: linear-gradient(to right, var(--theme-site-gradient-start), var(--theme-site-gradient-end));\n' +
    '  color: var(--color-text);\n' +
    '  text-box-trim: trim-both;\n' +
    '  text-box-edge: cap alphabetic;\n' +
    '}\n' +
    '\n' +
    '.sidebar__logo-wordmark .navsitename2 {\n' +
    '  display: inline-block;\n' +
    '  margin-right: 0.75rem;\n' +
    '  line-height: 1.1em;\n' +
    '  height: auto;\n' +
    '  padding-bottom: 0.1em;\n' +
    '  overflow: visible;\n' +
    '  transform: translateY(0.05em);\n' +
    '}\n' +
    '\n' +
    '@supports not (text-box-trim: trim-both) {\n' +
    '\n' +
    '  .sidebar__logo-wordmark .navsitename1 {\n' +
    '    line-height: 0.85em;\n' +
    '    height: 0.85em;\n' +
    '  }\n' +
    '}\n' +
    '\n' +
    '.sidebar__rule {\n' +
    '  height: var(--border-width-hairline);\n' +
    '  background: var(--color-surface-1);\n' +
    '}\n' +
    '\n' +
    '.sidebar__nav {\n' +
    '  display: flex;\n' +
    '  flex: 1 1 auto;\n' +
    '  flex-direction: column;\n' +
    '  gap: var(--shell-nav-gap);\n' +
    '  padding: 6px 6px 0;\n' +
    '}\n' +
    '\n' +
    '.sidebar__nav-item {\n' +
    '  display: flex;\n' +
    '  align-items: center;\n' +
    '  height: var(--nav-row-height);\n' +
    '  gap: var(--shell-nav-item-gap);\n' +
    '  margin-inline: 0;\n' +
    ' '... 96292 more characters
  
      at TestContext.<anonymous> (C:\Users\Chris\Desktop\EG - Convert\EG - TSX\test\config-react-desktop-ui-contract.test.mjs:940:12)
      at Test.runInAsyncScope (node:async_hooks:214:14)
      at Test.run (node:internal/test_runner/test:1103:25)
      at Test.start (node:internal/test_runner/test:1000:17)
      at node:internal/test_runner/test:1513:71
      at node:internal/per_context/primordials:466:82
      at new Promise (<anonymous>)
      at new SafePromise (node:internal/per_context/primordials:435:3)
      at node:internal/per_context/primordials:466:9
      at Array.map (<anonymous>) {
    generatedMessage: true,
    code: 'ERR_ASSERTION',
    actual: ':root,\nhtml[data-theme="legacy-clone"] {\n  --font-ui: "Segoe UI", system-ui, sans-serif;\n  --logo-font1: "Futura", sans-serif;\n  --font-mono: "Consolas", "Cascadia Mono", monospace;\n  --font-weight-regular: 400;\n  --font-weight-medium: 600;\n  --font-weight-semibold: 600;\n  --font-weight-bold: 700;\n\n  --font-size-title: 19px;\n  --font-size-subheading: 12px;\n  --font-size-heading: 15px;\n  --font-size-body: 12px;\n  --font-size-small: 11px;\n  --font-size-tiny: 10px;\n  --font-size-micro: 9px;\n  --font-size-icon: 12px;\n  --font-size-shell-logo: 25px;\n  --font-size-shell-logo-label: 13px;\n  --font-size-shell-nav-label: 14px;\n  --font-size-shell-nav-icon: 16px;\n  --font-size-section-label: 12px;\n  --font-size-form-label: 12px;\n  --font-size-meta-label: 10px;\n  --font-size-content-nav: 14px;\n  --font-size-sidebar-label: 13px;\n  --font-size-content-pill: 11px;\n  --font-size-content-pool-head: 13px;\n  --font-size-content-pool-row: 13px;\n  --line-height-title: 1.125;\n  --line-height-heading: 1.25;\n  --line-height-body: 1.333;\n  --line-height-dense: 1;\n  --line-height-snug: 1.2;\n  --line-height-relaxed: 1.5;\n  --line-height-badge: 16px;\n\n  --letter-spacing-tight: 0.02em;\n  --letter-spacing-normal: 0.03em;\n  --letter-spacing-wide: 0.04em;\n  --letter-spacing-wider: 0.05em;\n\n  --color-base: #11111b;\n  --color-mantle: #181825;\n  --color-crust: #0d0d12;\n  --color-surface-0: #1e1e2e;\n  --color-surface-1: #313244;\n  --color-surface-2: #45475a;\n  --color-overlay-0: #6c7086;\n  --color-overlay-1: #7f849c;\n  --color-text: #cdd6f4;\n  --color-subtext-1: #bac2de;\n  --color-subtext-0: #a6adc8;\n  --color-white: #ffffff;\n  --color-blue: #89b4fa;\n  --color-sapphire: #74c7ec;\n  --color-green: #a6e3a1;\n  --color-peach: #fab387;\n  --color-red: #f38ba8;\n  --color-mauve: #cba6f7;\n  --color-teal: #94e2d5;\n  --color-yellow: #f9e2af;\n  --color-drop: #2a2b3d;\n  --color-card-border: #252538;\n\n  --theme-site-primary: var(--color-blue);\n  --theme-site-secondary: var(--color-blue);\n  --theme-site-primary-hover: var(--color-sapphire);\n  --theme-site-primary-dark: var(--color-drop);\n  --theme-site-gradient-start: var(--theme-site-primary);\n  --theme-site-gradient-end: var(--theme-site-secondary);\n\n  --status-success: var(--color-green);\n  --status-warning: var(--color-peach);\n  --status-error: var(--color-red);\n  --status-neutral: var(--color-overlay-0);\n  --color-backdrop-scrim: rgb(17 17 27 / 0.72);\n\n  --border-width-hairline: 1px;\n  --border-width-strong: 2px;\n  --border-width-drop-target: 3px;\n  --border-width-category: 4px;\n\n  --theme-radius-sm: 3px;\n  --radius-control: 0px;\n  --radius-surface: 0px;\n  --radius-badge: 2px;\n  --radius-dialog: 0px;\n  --card-radius: var(--radius-surface);\n\n  --shadow-none: none;\n  --shadow-card: none;\n  --shadow-dialog: none;\n  --shadow-toast: none;\n  --sidebar-icon-stroke-width: 1.5;\n  --inline-icon-stroke-width: 1.7;\n  --category-preview-icon-size: 18px;\n  --category-preview-icon-stroke-width: 1.5;\n\n  --z-shell: 1;\n  --z-toast: 20;\n  --z-dialog-backdrop: 30;\n  --z-dialog: 31;\n  --z-drag-ghost: 50;\n  --z-dialog-overlay: 60;\n\n  --sidebar-width: 200px;\n  --status-height: 32px;\n  --context-height: 48px;\n  --logo-height: 56px;\n  --nav-row-height: 42px;\n  --site-theme-height: 52px;\n  --page-padding-x: 12px;\n  --page-padding-y: 8px;\n  --card-grid-gap: 6px;\n  --card-inner-padding-x: 10px;\n  --card-inner-padding-y: 8px;\n  --card-row-gap: 3px;\n  --input-height: 24px;\n  --toggle-width: 38px;\n  --toggle-height: 16px;\n  --button-height: 24px;\n  --button-padding-x: 8px;\n  --button-padding-y: 4px;\n  --shell-sidebar-padding-x: 12px;\n  --shell-logo-gap: 8px;\n  --shell-logo-letter-spacing: 0.08em;\n  --shell-logo-wordmark-spacing: -0.65px;\n  --shell-nav-gap: 1px;\n  --shell-nav-item-gap: 9px;\n  --shell-nav-item-padding-right: 10px;\n  --shell-nav-icon-width: 20px;\n  --field-inline-label-width: 42px;\n  --theme-color-label-width: 62px;\n  --content-main-tab-height: var(--nav-row-height);\n  --content-subtab-height: var(--button-height);\n  --content-toolbar-gap: var(--card-grid-gap);\n  --content-pool-width: 650px;\n  --content-panel-gap: var(--card-grid-gap);\n  --content-grid-gap: var(--card-grid-gap);\n  --content-slot-padding: 6px;\n  --content-pool-row-height: 24px;\n  --content-pill-height: 22px;\n  --content-input-width: 192px;\n  --content-pool-type-col-width: 64px;\n  --toggle-height-sm: 14px;\n  --button-padding-x-sm: 6px;\n  --gap-tight: 4px;\n  --spacing-section-break: 7px;\n  --color-picker-height: 32px;\n  --hub-category-sidebar-width: 170px;\n  --hub-slot-height: 84px;\n  --hub-pool-height: 288px;\n}\n\nhtml[data-theme="arcade-neon"] {\n  --font-ui: "Orbitron", "Segoe UI", system-ui, sans-serif;\n  --logo-font1: "Orbitron", sans-serif;\n  --font-mono: "Share Tech Mono", "Consolas", "Cascadia Mono", monospace;\n  --font-weight-regular: 500;\n  --font-weight-medium: 700;\n  --font-weight-semibold: 700;\n  --font-weight-bold: 800;\n\n  --color-base: #02030a;\n  --color-mantle: #050814;\n  --color-crust: #070b1f;\n  --color-surface-0: #0d1330;\n  --color-surface-1: #18204a;\n  --color-surface-2: #27326b;\n  --color-overlay-0: #83a4ff;\n  --color-overlay-1: #9ab6ff;\n  --color-text: #e4eeff;\n  --color-subtext-1: #d1e0ff;\n  --color-subtext-0: #b8cdff;\n  --color-white: #ffffff;\n  --color-blue: #64d3ff;\n  --color-sapphire: #4fffcf;\n  --color-green: #5dff93;\n  --color-peach: #ffb25f;\n  --color-red: #ff5f94;\n  --color-mauve: #cf7dff;\n  --color-teal: #5ef8ff;\n  --color-yellow: #ffd764;\n  --color-drop: #050a23;\n  --color-card-border: #2b3c85;\n\n  --theme-site-primary: var(--color-teal);\n  --theme-site-secondary: var(--color-mauve);\n  --theme-site-primary-hover: #7bffdf;\n  --theme-site-primary-dark: #0d1b4f;\n  --theme-site-gradient-start: var(--theme-site-primary);\n  --theme-site-gradient-end: var(--theme-site-secondary);\n\n  --status-success: var(--color-green);\n  --status-warning: var(--color-yellow);\n  --status-error: var(--color-red);\n  --status-neutral: var(--color-overlay-0);\n  --color-backdrop-scrim: rgb(4 8 26 / 0.78);\n\n  --border-width-hairline: 1px;\n  --border-width-strong: 2px;\n  --border-width-drop-target: 3px;\n  --border-width-category: 4px;\n\n  --theme-radius-sm: 3px;\n  --radius-control: 4px;\n  --radius-surface: 6px;\n  --radius-badge: 3px;\n  --radius-dialog: 8px;\n  --card-radius: var(--radius-surface);\n\n  --shadow-none: none;\n  --shadow-card:\n    0 0 0 1px rgb(94 248 255 / 0.35),\n    0 0 18px rgb(94 248 255 / 0.16);\n  --shadow-dialog:\n    0 0 0 1px rgb(207 125 255 / 0.35),\n    0 0 28px rgb(94 248 255 / 0.14);\n  --shadow-toast:\n    0 0 0 1px rgb(94 248 255 / 0.24),\n    0 0 24px rgb(94 248 255 / 0.18);\n  --shell-logo-wordmark-spacing: -0.65px;\n  --sidebar-icon-stroke-width: 1.8;\n  --inline-icon-stroke-width: 1.9;\n  --category-preview-icon-size: 18px;\n  --category-preview-icon-stroke-width: 1.8;\n}\n\n* {\n  box-sizing: border-box;\n  scrollbar-width: thin;\n  scrollbar-color: var(--color-surface-2) transparent;\n}\n\n::-webkit-scrollbar {\n  width: 6px;\n  height: 6px;\n}\n\n::-webkit-scrollbar-track {\n  background: transparent;\n}\n\n::-webkit-scrollbar-thumb {\n  background: var(--color-surface-2);\n  border-radius: var(--theme-radius-sm);\n}\n\n::-webkit-scrollbar-thumb:hover {\n  background: var(--color-overlay-0);\n}\n\n::-webkit-scrollbar-corner {\n  background: transparent;\n}\n\nhtml,\nbody,\n#root {\n  height: 100%;\n}\n\nbody {\n  margin: 0;\n  overflow: hidden;\n  background: var(--color-mantle);\n  color: var(--color-text);\n  font-family: var(--font-ui);\n  font-size: var(--font-size-body);\n  font-weight: var(--font-weight-regular);\n  line-height: var(--line-height-body);\n  text-rendering: optimizeLegibility;\n}\n\nbutton,\ninput {\n  font: inherit;\n  line-height: var(--line-height-snug);\n}\n\nh1,\nh2,\nh3,\np {\n  margin: 0;\n}\n\nh1 {\n  font-size: var(--font-size-title);\n  font-weight: var(--font-weight-bold);\n  line-height: var(--line-height-title);\n}\n\nh2,\nh3 {\n  font-size: var(--font-size-heading);\n  font-weight: var(--font-weight-medium);\n  line-height: var(--line-height-heading);\n}\n\nbutton {\n  appearance: none;\n  cursor: pointer;\n}\n\ninput {\n  appearance: none;\n  border-radius: 0;\n}\n\ninput:focus-visible,\nbutton:focus-visible {\n  outline: var(--border-width-hairline) solid var(--color-blue);\n  outline-offset: -1px;\n}\n\n.app-shell {\n  display: flex;\n  flex-direction: column;\n  height: 100%;\n  background: var(--color-mantle);\n}\n\n.app-shell__body {\n  display: flex;\n  flex: 1 1 auto;\n  min-height: 0;\n}\n\n.app-shell__sidebar {\n  display: flex;\n  flex-direction: column;\n  width: var(--sidebar-width);\n  min-width: var(--sidebar-width);\n  background: var(--color-crust);\n}\n\n.sidebar__logo {\n  display: flex;\n  align-items: center;\n  min-height: var(--logo-height);\n  padding-inline: var(--shell-sidebar-padding-x);\n}\n\n.sidebar__logo-wordmark {\n  display: flex;\n  align-items: center;\n  font-size: var(--font-size-shell-logo);\n  font-family: var(--logo-font1);\n  font-weight: var(--font-weight-bold);\n  color: var(--color-text);\n  letter-spacing: var(--shell-logo-wordmark-spacing);\n  overflow: visible;\n  border-radius: var(--radius-control);\n  gap: 0.05em;\n}\n\n.sidebar__logo-wordmark .navsitename1 {\n  padding: 0.15em;\n  background: linear-gradient(to right, var(--theme-site-gradient-start), var(--theme-site-gradient-end));\n  color: var(--color-text);\n  text-box-trim: trim-both;\n  text-box-edge: cap alphabetic;\n}\n\n.sidebar__logo-wordmark .navsitename2 {\n  display: inline-block;\n  margin-right: 0.75rem;\n  line-height: 1.1em;\n  height: auto;\n  padding-bottom: 0.1em;\n  overflow: visible;\n  transform: translateY(0.05em);\n}\n\n@supports not (text-box-trim: trim-both) {\n\n  .sidebar__logo-wordmark .navsitename1 {\n    line-height: 0.85em;\n    height: 0.85em;\n  }\n}\n\n.sidebar__rule {\n  height: var(--border-width-hairline);\n  background: var(--color-surface-1);\n}\n\n.sidebar__nav {\n  display: flex;\n  flex: 1 1 auto;\n  flex-direction: column;\n  gap: var(--shell-nav-gap);\n  padding: 6px 6px 0;\n}\n\n.sidebar__nav-item {\n  display: flex;\n  align-items: center;\n  height: var(--nav-row-height);\n  gap: var(--shell-nav-item-gap);\n  margin-inline: 0;\n '... 96292 more characters,
    expected: /\.color-dialog__picker\s*\{\s*width:\s*100%;\s*min-height:\s*calc\(var\(--button-height\)\s*\+\s*8px\);\s*padding:\s*0;\s*border:\s*var\(--border-width-hairline\)\s*solid\s*var\(--color-surface-2\);\s*background:\s*transparent;\s*cursor:\s*pointer;\s*\}/s,
    operator: 'match',
    diff: 'simple'
  }

test at test\config-react-desktop-ui-contract.test.mjs:980:3
✖ uses a dedicated save-button hook and increases width and font size (1.5698ms)
  AssertionError [ERR_ASSERTION]: The input did not match the regular expression /\.token-button\.context-bar__save-button\s*\{\s*min-width:\s*calc\(var\(--button-height\)\s*\*\s*3\);\s*font-size:\s*calc\(var\(--font-size-heading\)\s*-\s*1px\);\s*font-weight:\s*var\(--font-weight-medium\);\s*\}/s. Input:
  
  ':root,\n' +
    'html[data-theme="legacy-clone"] {\n' +
    '  --font-ui: "Segoe UI", system-ui, sans-serif;\n' +
    '  --logo-font1: "Futura", sans-serif;\n' +
    '  --font-mono: "Consolas", "Cascadia Mono", monospace;\n' +
    '  --font-weight-regular: 400;\n' +
    '  --font-weight-medium: 600;\n' +
    '  --font-weight-semibold: 600;\n' +
    '  --font-weight-bold: 700;\n' +
    '\n' +
    '  --font-size-title: 19px;\n' +
    '  --font-size-subheading: 12px;\n' +
    '  --font-size-heading: 15px;\n' +
    '  --font-size-body: 12px;\n' +
    '  --font-size-small: 11px;\n' +
    '  --font-size-tiny: 10px;\n' +
    '  --font-size-micro: 9px;\n' +
    '  --font-size-icon: 12px;\n' +
    '  --font-size-shell-logo: 25px;\n' +
    '  --font-size-shell-logo-label: 13px;\n' +
    '  --font-size-shell-nav-label: 14px;\n' +
    '  --font-size-shell-nav-icon: 16px;\n' +
    '  --font-size-section-label: 12px;\n' +
    '  --font-size-form-label: 12px;\n' +
    '  --font-size-meta-label: 10px;\n' +
    '  --font-size-content-nav: 14px;\n' +
    '  --font-size-sidebar-label: 13px;\n' +
    '  --font-size-content-pill: 11px;\n' +
    '  --font-size-content-pool-head: 13px;\n' +
    '  --font-size-content-pool-row: 13px;\n' +
    '  --line-height-title: 1.125;\n' +
    '  --line-height-heading: 1.25;\n' +
    '  --line-height-body: 1.333;\n' +
    '  --line-height-dense: 1;\n' +
    '  --line-height-snug: 1.2;\n' +
    '  --line-height-relaxed: 1.5;\n' +
    '  --line-height-badge: 16px;\n' +
    '\n' +
    '  --letter-spacing-tight: 0.02em;\n' +
    '  --letter-spacing-normal: 0.03em;\n' +
    '  --letter-spacing-wide: 0.04em;\n' +
    '  --letter-spacing-wider: 0.05em;\n' +
    '\n' +
    '  --color-base: #11111b;\n' +
    '  --color-mantle: #181825;\n' +
    '  --color-crust: #0d0d12;\n' +
    '  --color-surface-0: #1e1e2e;\n' +
    '  --color-surface-1: #313244;\n' +
    '  --color-surface-2: #45475a;\n' +
    '  --color-overlay-0: #6c7086;\n' +
    '  --color-overlay-1: #7f849c;\n' +
    '  --color-text: #cdd6f4;\n' +
    '  --color-subtext-1: #bac2de;\n' +
    '  --color-subtext-0: #a6adc8;\n' +
    '  --color-white: #ffffff;\n' +
    '  --color-blue: #89b4fa;\n' +
    '  --color-sapphire: #74c7ec;\n' +
    '  --color-green: #a6e3a1;\n' +
    '  --color-peach: #fab387;\n' +
    '  --color-red: #f38ba8;\n' +
    '  --color-mauve: #cba6f7;\n' +
    '  --color-teal: #94e2d5;\n' +
    '  --color-yellow: #f9e2af;\n' +
    '  --color-drop: #2a2b3d;\n' +
    '  --color-card-border: #252538;\n' +
    '\n' +
    '  --theme-site-primary: var(--color-blue);\n' +
    '  --theme-site-secondary: var(--color-blue);\n' +
    '  --theme-site-primary-hover: var(--color-sapphire);\n' +
    '  --theme-site-primary-dark: var(--color-drop);\n' +
    '  --theme-site-gradient-start: var(--theme-site-primary);\n' +
    '  --theme-site-gradient-end: var(--theme-site-secondary);\n' +
    '\n' +
    '  --status-success: var(--color-green);\n' +
    '  --status-warning: var(--color-peach);\n' +
    '  --status-error: var(--color-red);\n' +
    '  --status-neutral: var(--color-overlay-0);\n' +
    '  --color-backdrop-scrim: rgb(17 17 27 / 0.72);\n' +
    '\n' +
    '  --border-width-hairline: 1px;\n' +
    '  --border-width-strong: 2px;\n' +
    '  --border-width-drop-target: 3px;\n' +
    '  --border-width-category: 4px;\n' +
    '\n' +
    '  --theme-radius-sm: 3px;\n' +
    '  --radius-control: 0px;\n' +
    '  --radius-surface: 0px;\n' +
    '  --radius-badge: 2px;\n' +
    '  --radius-dialog: 0px;\n' +
    '  --card-radius: var(--radius-surface);\n' +
    '\n' +
    '  --shadow-none: none;\n' +
    '  --shadow-card: none;\n' +
    '  --shadow-dialog: none;\n' +
    '  --shadow-toast: none;\n' +
    '  --sidebar-icon-stroke-width: 1.5;\n' +
    '  --inline-icon-stroke-width: 1.7;\n' +
    '  --category-preview-icon-size: 18px;\n' +
    '  --category-preview-icon-stroke-width: 1.5;\n' +
    '\n' +
    '  --z-shell: 1;\n' +
    '  --z-toast: 20;\n' +
    '  --z-dialog-backdrop: 30;\n' +
    '  --z-dialog: 31;\n' +
    '  --z-drag-ghost: 50;\n' +
    '  --z-dialog-overlay: 60;\n' +
    '\n' +
    '  --sidebar-width: 200px;\n' +
    '  --status-height: 32px;\n' +
    '  --context-height: 48px;\n' +
    '  --logo-height: 56px;\n' +
    '  --nav-row-height: 42px;\n' +
    '  --site-theme-height: 52px;\n' +
    '  --page-padding-x: 12px;\n' +
    '  --page-padding-y: 8px;\n' +
    '  --card-grid-gap: 6px;\n' +
    '  --card-inner-padding-x: 10px;\n' +
    '  --card-inner-padding-y: 8px;\n' +
    '  --card-row-gap: 3px;\n' +
    '  --input-height: 24px;\n' +
    '  --toggle-width: 38px;\n' +
    '  --toggle-height: 16px;\n' +
    '  --button-height: 24px;\n' +
    '  --button-padding-x: 8px;\n' +
    '  --button-padding-y: 4px;\n' +
    '  --shell-sidebar-padding-x: 12px;\n' +
    '  --shell-logo-gap: 8px;\n' +
    '  --shell-logo-letter-spacing: 0.08em;\n' +
    '  --shell-logo-wordmark-spacing: -0.65px;\n' +
    '  --shell-nav-gap: 1px;\n' +
    '  --shell-nav-item-gap: 9px;\n' +
    '  --shell-nav-item-padding-right: 10px;\n' +
    '  --shell-nav-icon-width: 20px;\n' +
    '  --field-inline-label-width: 42px;\n' +
    '  --theme-color-label-width: 62px;\n' +
    '  --content-main-tab-height: var(--nav-row-height);\n' +
    '  --content-subtab-height: var(--button-height);\n' +
    '  --content-toolbar-gap: var(--card-grid-gap);\n' +
    '  --content-pool-width: 650px;\n' +
    '  --content-panel-gap: var(--card-grid-gap);\n' +
    '  --content-grid-gap: var(--card-grid-gap);\n' +
    '  --content-slot-padding: 6px;\n' +
    '  --content-pool-row-height: 24px;\n' +
    '  --content-pill-height: 22px;\n' +
    '  --content-input-width: 192px;\n' +
    '  --content-pool-type-col-width: 64px;\n' +
    '  --toggle-height-sm: 14px;\n' +
    '  --button-padding-x-sm: 6px;\n' +
    '  --gap-tight: 4px;\n' +
    '  --spacing-section-break: 7px;\n' +
    '  --color-picker-height: 32px;\n' +
    '  --hub-category-sidebar-width: 170px;\n' +
    '  --hub-slot-height: 84px;\n' +
    '  --hub-pool-height: 288px;\n' +
    '}\n' +
    '\n' +
    'html[data-theme="arcade-neon"] {\n' +
    '  --font-ui: "Orbitron", "Segoe UI", system-ui, sans-serif;\n' +
    '  --logo-font1: "Orbitron", sans-serif;\n' +
    '  --font-mono: "Share Tech Mono", "Consolas", "Cascadia Mono", monospace;\n' +
    '  --font-weight-regular: 500;\n' +
    '  --font-weight-medium: 700;\n' +
    '  --font-weight-semibold: 700;\n' +
    '  --font-weight-bold: 800;\n' +
    '\n' +
    '  --color-base: #02030a;\n' +
    '  --color-mantle: #050814;\n' +
    '  --color-crust: #070b1f;\n' +
    '  --color-surface-0: #0d1330;\n' +
    '  --color-surface-1: #18204a;\n' +
    '  --color-surface-2: #27326b;\n' +
    '  --color-overlay-0: #83a4ff;\n' +
    '  --color-overlay-1: #9ab6ff;\n' +
    '  --color-text: #e4eeff;\n' +
    '  --color-subtext-1: #d1e0ff;\n' +
    '  --color-subtext-0: #b8cdff;\n' +
    '  --color-white: #ffffff;\n' +
    '  --color-blue: #64d3ff;\n' +
    '  --color-sapphire: #4fffcf;\n' +
    '  --color-green: #5dff93;\n' +
    '  --color-peach: #ffb25f;\n' +
    '  --color-red: #ff5f94;\n' +
    '  --color-mauve: #cf7dff;\n' +
    '  --color-teal: #5ef8ff;\n' +
    '  --color-yellow: #ffd764;\n' +
    '  --color-drop: #050a23;\n' +
    '  --color-card-border: #2b3c85;\n' +
    '\n' +
    '  --theme-site-primary: var(--color-teal);\n' +
    '  --theme-site-secondary: var(--color-mauve);\n' +
    '  --theme-site-primary-hover: #7bffdf;\n' +
    '  --theme-site-primary-dark: #0d1b4f;\n' +
    '  --theme-site-gradient-start: var(--theme-site-primary);\n' +
    '  --theme-site-gradient-end: var(--theme-site-secondary);\n' +
    '\n' +
    '  --status-success: var(--color-green);\n' +
    '  --status-warning: var(--color-yellow);\n' +
    '  --status-error: var(--color-red);\n' +
    '  --status-neutral: var(--color-overlay-0);\n' +
    '  --color-backdrop-scrim: rgb(4 8 26 / 0.78);\n' +
    '\n' +
    '  --border-width-hairline: 1px;\n' +
    '  --border-width-strong: 2px;\n' +
    '  --border-width-drop-target: 3px;\n' +
    '  --border-width-category: 4px;\n' +
    '\n' +
    '  --theme-radius-sm: 3px;\n' +
    '  --radius-control: 4px;\n' +
    '  --radius-surface: 6px;\n' +
    '  --radius-badge: 3px;\n' +
    '  --radius-dialog: 8px;\n' +
    '  --card-radius: var(--radius-surface);\n' +
    '\n' +
    '  --shadow-none: none;\n' +
    '  --shadow-card:\n' +
    '    0 0 0 1px rgb(94 248 255 / 0.35),\n' +
    '    0 0 18px rgb(94 248 255 / 0.16);\n' +
    '  --shadow-dialog:\n' +
    '    0 0 0 1px rgb(207 125 255 / 0.35),\n' +
    '    0 0 28px rgb(94 248 255 / 0.14);\n' +
    '  --shadow-toast:\n' +
    '    0 0 0 1px rgb(94 248 255 / 0.24),\n' +
    '    0 0 24px rgb(94 248 255 / 0.18);\n' +
    '  --shell-logo-wordmark-spacing: -0.65px;\n' +
    '  --sidebar-icon-stroke-width: 1.8;\n' +
    '  --inline-icon-stroke-width: 1.9;\n' +
    '  --category-preview-icon-size: 18px;\n' +
    '  --category-preview-icon-stroke-width: 1.8;\n' +
    '}\n' +
    '\n' +
    '* {\n' +
    '  box-sizing: border-box;\n' +
    '  scrollbar-width: thin;\n' +
    '  scrollbar-color: var(--color-surface-2) transparent;\n' +
    '}\n' +
    '\n' +
    '::-webkit-scrollbar {\n' +
    '  width: 6px;\n' +
    '  height: 6px;\n' +
    '}\n' +
    '\n' +
    '::-webkit-scrollbar-track {\n' +
    '  background: transparent;\n' +
    '}\n' +
    '\n' +
    '::-webkit-scrollbar-thumb {\n' +
    '  background: var(--color-surface-2);\n' +
    '  border-radius: var(--theme-radius-sm);\n' +
    '}\n' +
    '\n' +
    '::-webkit-scrollbar-thumb:hover {\n' +
    '  background: var(--color-overlay-0);\n' +
    '}\n' +
    '\n' +
    '::-webkit-scrollbar-corner {\n' +
    '  background: transparent;\n' +
    '}\n' +
    '\n' +
    'html,\n' +
    'body,\n' +
    '#root {\n' +
    '  height: 100%;\n' +
    '}\n' +
    '\n' +
    'body {\n' +
    '  margin: 0;\n' +
    '  overflow: hidden;\n' +
    '  background: var(--color-mantle);\n' +
    '  color: var(--color-text);\n' +
    '  font-family: var(--font-ui);\n' +
    '  font-size: var(--font-size-body);\n' +
    '  font-weight: var(--font-weight-regular);\n' +
    '  line-height: var(--line-height-body);\n' +
    '  text-rendering: optimizeLegibility;\n' +
    '}\n' +
    '\n' +
    'button,\n' +
    'input {\n' +
    '  font: inherit;\n' +
    '  line-height: var(--line-height-snug);\n' +
    '}\n' +
    '\n' +
    'h1,\n' +
    'h2,\n' +
    'h3,\n' +
    'p {\n' +
    '  margin: 0;\n' +
    '}\n' +
    '\n' +
    'h1 {\n' +
    '  font-size: var(--font-size-title);\n' +
    '  font-weight: var(--font-weight-bold);\n' +
    '  line-height: var(--line-height-title);\n' +
    '}\n' +
    '\n' +
    'h2,\n' +
    'h3 {\n' +
    '  font-size: var(--font-size-heading);\n' +
    '  font-weight: var(--font-weight-medium);\n' +
    '  line-height: var(--line-height-heading);\n' +
    '}\n' +
    '\n' +
    'button {\n' +
    '  appearance: none;\n' +
    '  cursor: pointer;\n' +
    '}\n' +
    '\n' +
    'input {\n' +
    '  appearance: none;\n' +
    '  border-radius: 0;\n' +
    '}\n' +
    '\n' +
    'input:focus-visible,\n' +
    'button:focus-visible {\n' +
    '  outline: var(--border-width-hairline) solid var(--color-blue);\n' +
    '  outline-offset: -1px;\n' +
    '}\n' +
    '\n' +
    '.app-shell {\n' +
    '  display: flex;\n' +
    '  flex-direction: column;\n' +
    '  height: 100%;\n' +
    '  background: var(--color-mantle);\n' +
    '}\n' +
    '\n' +
    '.app-shell__body {\n' +
    '  display: flex;\n' +
    '  flex: 1 1 auto;\n' +
    '  min-height: 0;\n' +
    '}\n' +
    '\n' +
    '.app-shell__sidebar {\n' +
    '  display: flex;\n' +
    '  flex-direction: column;\n' +
    '  width: var(--sidebar-width);\n' +
    '  min-width: var(--sidebar-width);\n' +
    '  background: var(--color-crust);\n' +
    '}\n' +
    '\n' +
    '.sidebar__logo {\n' +
    '  display: flex;\n' +
    '  align-items: center;\n' +
    '  min-height: var(--logo-height);\n' +
    '  padding-inline: var(--shell-sidebar-padding-x);\n' +
    '}\n' +
    '\n' +
    '.sidebar__logo-wordmark {\n' +
    '  display: flex;\n' +
    '  align-items: center;\n' +
    '  font-size: var(--font-size-shell-logo);\n' +
    '  font-family: var(--logo-font1);\n' +
    '  font-weight: var(--font-weight-bold);\n' +
    '  color: var(--color-text);\n' +
    '  letter-spacing: var(--shell-logo-wordmark-spacing);\n' +
    '  overflow: visible;\n' +
    '  border-radius: var(--radius-control);\n' +
    '  gap: 0.05em;\n' +
    '}\n' +
    '\n' +
    '.sidebar__logo-wordmark .navsitename1 {\n' +
    '  padding: 0.15em;\n' +
    '  background: linear-gradient(to right, var(--theme-site-gradient-start), var(--theme-site-gradient-end));\n' +
    '  color: var(--color-text);\n' +
    '  text-box-trim: trim-both;\n' +
    '  text-box-edge: cap alphabetic;\n' +
    '}\n' +
    '\n' +
    '.sidebar__logo-wordmark .navsitename2 {\n' +
    '  display: inline-block;\n' +
    '  margin-right: 0.75rem;\n' +
    '  line-height: 1.1em;\n' +
    '  height: auto;\n' +
    '  padding-bottom: 0.1em;\n' +
    '  overflow: visible;\n' +
    '  transform: translateY(0.05em);\n' +
    '}\n' +
    '\n' +
    '@supports not (text-box-trim: trim-both) {\n' +
    '\n' +
    '  .sidebar__logo-wordmark .navsitename1 {\n' +
    '    line-height: 0.85em;\n' +
    '    height: 0.85em;\n' +
    '  }\n' +
    '}\n' +
    '\n' +
    '.sidebar__rule {\n' +
    '  height: var(--border-width-hairline);\n' +
    '  background: var(--color-surface-1);\n' +
    '}\n' +
    '\n' +
    '.sidebar__nav {\n' +
    '  display: flex;\n' +
    '  flex: 1 1 auto;\n' +
    '  flex-direction: column;\n' +
    '  gap: var(--shell-nav-gap);\n' +
    '  padding: 6px 6px 0;\n' +
    '}\n' +
    '\n' +
    '.sidebar__nav-item {\n' +
    '  display: flex;\n' +
    '  align-items: center;\n' +
    '  height: var(--nav-row-height);\n' +
    '  gap: var(--shell-nav-item-gap);\n' +
    '  margin-inline: 0;\n' +
    ' '... 96292 more characters
  
      at TestContext.<anonymous> (C:\Users\Chris\Desktop\EG - Convert\EG - TSX\test\config-react-desktop-ui-contract.test.mjs:982:12)
      at Test.runInAsyncScope (node:async_hooks:214:14)
      at Test.run (node:internal/test_runner/test:1103:25)
      at Test.start (node:internal/test_runner/test:1000:17)
      at node:internal/test_runner/test:1513:71
      at node:internal/per_context/primordials:466:82
      at new Promise (<anonymous>)
      at new SafePromise (node:internal/per_context/primordials:435:3)
      at node:internal/per_context/primordials:466:9
      at Array.map (<anonymous>) {
    generatedMessage: true,
    code: 'ERR_ASSERTION',
    actual: ':root,\nhtml[data-theme="legacy-clone"] {\n  --font-ui: "Segoe UI", system-ui, sans-serif;\n  --logo-font1: "Futura", sans-serif;\n  --font-mono: "Consolas", "Cascadia Mono", monospace;\n  --font-weight-regular: 400;\n  --font-weight-medium: 600;\n  --font-weight-semibold: 600;\n  --font-weight-bold: 700;\n\n  --font-size-title: 19px;\n  --font-size-subheading: 12px;\n  --font-size-heading: 15px;\n  --font-size-body: 12px;\n  --font-size-small: 11px;\n  --font-size-tiny: 10px;\n  --font-size-micro: 9px;\n  --font-size-icon: 12px;\n  --font-size-shell-logo: 25px;\n  --font-size-shell-logo-label: 13px;\n  --font-size-shell-nav-label: 14px;\n  --font-size-shell-nav-icon: 16px;\n  --font-size-section-label: 12px;\n  --font-size-form-label: 12px;\n  --font-size-meta-label: 10px;\n  --font-size-content-nav: 14px;\n  --font-size-sidebar-label: 13px;\n  --font-size-content-pill: 11px;\n  --font-size-content-pool-head: 13px;\n  --font-size-content-pool-row: 13px;\n  --line-height-title: 1.125;\n  --line-height-heading: 1.25;\n  --line-height-body: 1.333;\n  --line-height-dense: 1;\n  --line-height-snug: 1.2;\n  --line-height-relaxed: 1.5;\n  --line-height-badge: 16px;\n\n  --letter-spacing-tight: 0.02em;\n  --letter-spacing-normal: 0.03em;\n  --letter-spacing-wide: 0.04em;\n  --letter-spacing-wider: 0.05em;\n\n  --color-base: #11111b;\n  --color-mantle: #181825;\n  --color-crust: #0d0d12;\n  --color-surface-0: #1e1e2e;\n  --color-surface-1: #313244;\n  --color-surface-2: #45475a;\n  --color-overlay-0: #6c7086;\n  --color-overlay-1: #7f849c;\n  --color-text: #cdd6f4;\n  --color-subtext-1: #bac2de;\n  --color-subtext-0: #a6adc8;\n  --color-white: #ffffff;\n  --color-blue: #89b4fa;\n  --color-sapphire: #74c7ec;\n  --color-green: #a6e3a1;\n  --color-peach: #fab387;\n  --color-red: #f38ba8;\n  --color-mauve: #cba6f7;\n  --color-teal: #94e2d5;\n  --color-yellow: #f9e2af;\n  --color-drop: #2a2b3d;\n  --color-card-border: #252538;\n\n  --theme-site-primary: var(--color-blue);\n  --theme-site-secondary: var(--color-blue);\n  --theme-site-primary-hover: var(--color-sapphire);\n  --theme-site-primary-dark: var(--color-drop);\n  --theme-site-gradient-start: var(--theme-site-primary);\n  --theme-site-gradient-end: var(--theme-site-secondary);\n\n  --status-success: var(--color-green);\n  --status-warning: var(--color-peach);\n  --status-error: var(--color-red);\n  --status-neutral: var(--color-overlay-0);\n  --color-backdrop-scrim: rgb(17 17 27 / 0.72);\n\n  --border-width-hairline: 1px;\n  --border-width-strong: 2px;\n  --border-width-drop-target: 3px;\n  --border-width-category: 4px;\n\n  --theme-radius-sm: 3px;\n  --radius-control: 0px;\n  --radius-surface: 0px;\n  --radius-badge: 2px;\n  --radius-dialog: 0px;\n  --card-radius: var(--radius-surface);\n\n  --shadow-none: none;\n  --shadow-card: none;\n  --shadow-dialog: none;\n  --shadow-toast: none;\n  --sidebar-icon-stroke-width: 1.5;\n  --inline-icon-stroke-width: 1.7;\n  --category-preview-icon-size: 18px;\n  --category-preview-icon-stroke-width: 1.5;\n\n  --z-shell: 1;\n  --z-toast: 20;\n  --z-dialog-backdrop: 30;\n  --z-dialog: 31;\n  --z-drag-ghost: 50;\n  --z-dialog-overlay: 60;\n\n  --sidebar-width: 200px;\n  --status-height: 32px;\n  --context-height: 48px;\n  --logo-height: 56px;\n  --nav-row-height: 42px;\n  --site-theme-height: 52px;\n  --page-padding-x: 12px;\n  --page-padding-y: 8px;\n  --card-grid-gap: 6px;\n  --card-inner-padding-x: 10px;\n  --card-inner-padding-y: 8px;\n  --card-row-gap: 3px;\n  --input-height: 24px;\n  --toggle-width: 38px;\n  --toggle-height: 16px;\n  --button-height: 24px;\n  --button-padding-x: 8px;\n  --button-padding-y: 4px;\n  --shell-sidebar-padding-x: 12px;\n  --shell-logo-gap: 8px;\n  --shell-logo-letter-spacing: 0.08em;\n  --shell-logo-wordmark-spacing: -0.65px;\n  --shell-nav-gap: 1px;\n  --shell-nav-item-gap: 9px;\n  --shell-nav-item-padding-right: 10px;\n  --shell-nav-icon-width: 20px;\n  --field-inline-label-width: 42px;\n  --theme-color-label-width: 62px;\n  --content-main-tab-height: var(--nav-row-height);\n  --content-subtab-height: var(--button-height);\n  --content-toolbar-gap: var(--card-grid-gap);\n  --content-pool-width: 650px;\n  --content-panel-gap: var(--card-grid-gap);\n  --content-grid-gap: var(--card-grid-gap);\n  --content-slot-padding: 6px;\n  --content-pool-row-height: 24px;\n  --content-pill-height: 22px;\n  --content-input-width: 192px;\n  --content-pool-type-col-width: 64px;\n  --toggle-height-sm: 14px;\n  --button-padding-x-sm: 6px;\n  --gap-tight: 4px;\n  --spacing-section-break: 7px;\n  --color-picker-height: 32px;\n  --hub-category-sidebar-width: 170px;\n  --hub-slot-height: 84px;\n  --hub-pool-height: 288px;\n}\n\nhtml[data-theme="arcade-neon"] {\n  --font-ui: "Orbitron", "Segoe UI", system-ui, sans-serif;\n  --logo-font1: "Orbitron", sans-serif;\n  --font-mono: "Share Tech Mono", "Consolas", "Cascadia Mono", monospace;\n  --font-weight-regular: 500;\n  --font-weight-medium: 700;\n  --font-weight-semibold: 700;\n  --font-weight-bold: 800;\n\n  --color-base: #02030a;\n  --color-mantle: #050814;\n  --color-crust: #070b1f;\n  --color-surface-0: #0d1330;\n  --color-surface-1: #18204a;\n  --color-surface-2: #27326b;\n  --color-overlay-0: #83a4ff;\n  --color-overlay-1: #9ab6ff;\n  --color-text: #e4eeff;\n  --color-subtext-1: #d1e0ff;\n  --color-subtext-0: #b8cdff;\n  --color-white: #ffffff;\n  --color-blue: #64d3ff;\n  --color-sapphire: #4fffcf;\n  --color-green: #5dff93;\n  --color-peach: #ffb25f;\n  --color-red: #ff5f94;\n  --color-mauve: #cf7dff;\n  --color-teal: #5ef8ff;\n  --color-yellow: #ffd764;\n  --color-drop: #050a23;\n  --color-card-border: #2b3c85;\n\n  --theme-site-primary: var(--color-teal);\n  --theme-site-secondary: var(--color-mauve);\n  --theme-site-primary-hover: #7bffdf;\n  --theme-site-primary-dark: #0d1b4f;\n  --theme-site-gradient-start: var(--theme-site-primary);\n  --theme-site-gradient-end: var(--theme-site-secondary);\n\n  --status-success: var(--color-green);\n  --status-warning: var(--color-yellow);\n  --status-error: var(--color-red);\n  --status-neutral: var(--color-overlay-0);\n  --color-backdrop-scrim: rgb(4 8 26 / 0.78);\n\n  --border-width-hairline: 1px;\n  --border-width-strong: 2px;\n  --border-width-drop-target: 3px;\n  --border-width-category: 4px;\n\n  --theme-radius-sm: 3px;\n  --radius-control: 4px;\n  --radius-surface: 6px;\n  --radius-badge: 3px;\n  --radius-dialog: 8px;\n  --card-radius: var(--radius-surface);\n\n  --shadow-none: none;\n  --shadow-card:\n    0 0 0 1px rgb(94 248 255 / 0.35),\n    0 0 18px rgb(94 248 255 / 0.16);\n  --shadow-dialog:\n    0 0 0 1px rgb(207 125 255 / 0.35),\n    0 0 28px rgb(94 248 255 / 0.14);\n  --shadow-toast:\n    0 0 0 1px rgb(94 248 255 / 0.24),\n    0 0 24px rgb(94 248 255 / 0.18);\n  --shell-logo-wordmark-spacing: -0.65px;\n  --sidebar-icon-stroke-width: 1.8;\n  --inline-icon-stroke-width: 1.9;\n  --category-preview-icon-size: 18px;\n  --category-preview-icon-stroke-width: 1.8;\n}\n\n* {\n  box-sizing: border-box;\n  scrollbar-width: thin;\n  scrollbar-color: var(--color-surface-2) transparent;\n}\n\n::-webkit-scrollbar {\n  width: 6px;\n  height: 6px;\n}\n\n::-webkit-scrollbar-track {\n  background: transparent;\n}\n\n::-webkit-scrollbar-thumb {\n  background: var(--color-surface-2);\n  border-radius: var(--theme-radius-sm);\n}\n\n::-webkit-scrollbar-thumb:hover {\n  background: var(--color-overlay-0);\n}\n\n::-webkit-scrollbar-corner {\n  background: transparent;\n}\n\nhtml,\nbody,\n#root {\n  height: 100%;\n}\n\nbody {\n  margin: 0;\n  overflow: hidden;\n  background: var(--color-mantle);\n  color: var(--color-text);\n  font-family: var(--font-ui);\n  font-size: var(--font-size-body);\n  font-weight: var(--font-weight-regular);\n  line-height: var(--line-height-body);\n  text-rendering: optimizeLegibility;\n}\n\nbutton,\ninput {\n  font: inherit;\n  line-height: var(--line-height-snug);\n}\n\nh1,\nh2,\nh3,\np {\n  margin: 0;\n}\n\nh1 {\n  font-size: var(--font-size-title);\n  font-weight: var(--font-weight-bold);\n  line-height: var(--line-height-title);\n}\n\nh2,\nh3 {\n  font-size: var(--font-size-heading);\n  font-weight: var(--font-weight-medium);\n  line-height: var(--line-height-heading);\n}\n\nbutton {\n  appearance: none;\n  cursor: pointer;\n}\n\ninput {\n  appearance: none;\n  border-radius: 0;\n}\n\ninput:focus-visible,\nbutton:focus-visible {\n  outline: var(--border-width-hairline) solid var(--color-blue);\n  outline-offset: -1px;\n}\n\n.app-shell {\n  display: flex;\n  flex-direction: column;\n  height: 100%;\n  background: var(--color-mantle);\n}\n\n.app-shell__body {\n  display: flex;\n  flex: 1 1 auto;\n  min-height: 0;\n}\n\n.app-shell__sidebar {\n  display: flex;\n  flex-direction: column;\n  width: var(--sidebar-width);\n  min-width: var(--sidebar-width);\n  background: var(--color-crust);\n}\n\n.sidebar__logo {\n  display: flex;\n  align-items: center;\n  min-height: var(--logo-height);\n  padding-inline: var(--shell-sidebar-padding-x);\n}\n\n.sidebar__logo-wordmark {\n  display: flex;\n  align-items: center;\n  font-size: var(--font-size-shell-logo);\n  font-family: var(--logo-font1);\n  font-weight: var(--font-weight-bold);\n  color: var(--color-text);\n  letter-spacing: var(--shell-logo-wordmark-spacing);\n  overflow: visible;\n  border-radius: var(--radius-control);\n  gap: 0.05em;\n}\n\n.sidebar__logo-wordmark .navsitename1 {\n  padding: 0.15em;\n  background: linear-gradient(to right, var(--theme-site-gradient-start), var(--theme-site-gradient-end));\n  color: var(--color-text);\n  text-box-trim: trim-both;\n  text-box-edge: cap alphabetic;\n}\n\n.sidebar__logo-wordmark .navsitename2 {\n  display: inline-block;\n  margin-right: 0.75rem;\n  line-height: 1.1em;\n  height: auto;\n  padding-bottom: 0.1em;\n  overflow: visible;\n  transform: translateY(0.05em);\n}\n\n@supports not (text-box-trim: trim-both) {\n\n  .sidebar__logo-wordmark .navsitename1 {\n    line-height: 0.85em;\n    height: 0.85em;\n  }\n}\n\n.sidebar__rule {\n  height: var(--border-width-hairline);\n  background: var(--color-surface-1);\n}\n\n.sidebar__nav {\n  display: flex;\n  flex: 1 1 auto;\n  flex-direction: column;\n  gap: var(--shell-nav-gap);\n  padding: 6px 6px 0;\n}\n\n.sidebar__nav-item {\n  display: flex;\n  align-items: center;\n  height: var(--nav-row-height);\n  gap: var(--shell-nav-item-gap);\n  margin-inline: 0;\n '... 96292 more characters,
    expected: /\.token-button\.context-bar__save-button\s*\{\s*min-width:\s*calc\(var\(--button-height\)\s*\*\s*3\);\s*font-size:\s*calc\(var\(--font-size-heading\)\s*-\s*1px\);\s*font-weight:\s*var\(--font-weight-medium\);\s*\}/s,
    operator: 'match',
    diff: 'simple'
  }

test at test\config-react-desktop-ui-contract.test.mjs:997:3
✖ mirrors navbar logo styling primitives for the config sidebar logo (0.6007ms)
  AssertionError [ERR_ASSERTION]: The input did not match the regular expression /\.sidebar__logo-wordmark\s*\{\s*display:\s*flex;\s*align-items:\s*center;\s*font-size:\s*var\(--font-size-shell-logo\);\s*font-family:\s*var\(--logo-font1\);\s*font-weight:\s*var\(--font-weight-bold\);\s*color:\s*var\(--color-text\);\s*letter-spacing:\s*-0\.65px;\s*overflow:\s*visible;\s*border-radius:\s*(?:2px|var\(--radius-control\));\s*gap:\s*0\.05em;\s*\}/s. Input:
  
  ':root,\n' +
    'html[data-theme="legacy-clone"] {\n' +
    '  --font-ui: "Segoe UI", system-ui, sans-serif;\n' +
    '  --logo-font1: "Futura", sans-serif;\n' +
    '  --font-mono: "Consolas", "Cascadia Mono", monospace;\n' +
    '  --font-weight-regular: 400;\n' +
    '  --font-weight-medium: 600;\n' +
    '  --font-weight-semibold: 600;\n' +
    '  --font-weight-bold: 700;\n' +
    '\n' +
    '  --font-size-title: 19px;\n' +
    '  --font-size-subheading: 12px;\n' +
    '  --font-size-heading: 15px;\n' +
    '  --font-size-body: 12px;\n' +
    '  --font-size-small: 11px;\n' +
    '  --font-size-tiny: 10px;\n' +
    '  --font-size-micro: 9px;\n' +
    '  --font-size-icon: 12px;\n' +
    '  --font-size-shell-logo: 25px;\n' +
    '  --font-size-shell-logo-label: 13px;\n' +
    '  --font-size-shell-nav-label: 14px;\n' +
    '  --font-size-shell-nav-icon: 16px;\n' +
    '  --font-size-section-label: 12px;\n' +
    '  --font-size-form-label: 12px;\n' +
    '  --font-size-meta-label: 10px;\n' +
    '  --font-size-content-nav: 14px;\n' +
    '  --font-size-sidebar-label: 13px;\n' +
    '  --font-size-content-pill: 11px;\n' +
    '  --font-size-content-pool-head: 13px;\n' +
    '  --font-size-content-pool-row: 13px;\n' +
    '  --line-height-title: 1.125;\n' +
    '  --line-height-heading: 1.25;\n' +
    '  --line-height-body: 1.333;\n' +
    '  --line-height-dense: 1;\n' +
    '  --line-height-snug: 1.2;\n' +
    '  --line-height-relaxed: 1.5;\n' +
    '  --line-height-badge: 16px;\n' +
    '\n' +
    '  --letter-spacing-tight: 0.02em;\n' +
    '  --letter-spacing-normal: 0.03em;\n' +
    '  --letter-spacing-wide: 0.04em;\n' +
    '  --letter-spacing-wider: 0.05em;\n' +
    '\n' +
    '  --color-base: #11111b;\n' +
    '  --color-mantle: #181825;\n' +
    '  --color-crust: #0d0d12;\n' +
    '  --color-surface-0: #1e1e2e;\n' +
    '  --color-surface-1: #313244;\n' +
    '  --color-surface-2: #45475a;\n' +
    '  --color-overlay-0: #6c7086;\n' +
    '  --color-overlay-1: #7f849c;\n' +
    '  --color-text: #cdd6f4;\n' +
    '  --color-subtext-1: #bac2de;\n' +
    '  --color-subtext-0: #a6adc8;\n' +
    '  --color-white: #ffffff;\n' +
    '  --color-blue: #89b4fa;\n' +
    '  --color-sapphire: #74c7ec;\n' +
    '  --color-green: #a6e3a1;\n' +
    '  --color-peach: #fab387;\n' +
    '  --color-red: #f38ba8;\n' +
    '  --color-mauve: #cba6f7;\n' +
    '  --color-teal: #94e2d5;\n' +
    '  --color-yellow: #f9e2af;\n' +
    '  --color-drop: #2a2b3d;\n' +
    '  --color-card-border: #252538;\n' +
    '\n' +
    '  --theme-site-primary: var(--color-blue);\n' +
    '  --theme-site-secondary: var(--color-blue);\n' +
    '  --theme-site-primary-hover: var(--color-sapphire);\n' +
    '  --theme-site-primary-dark: var(--color-drop);\n' +
    '  --theme-site-gradient-start: var(--theme-site-primary);\n' +
    '  --theme-site-gradient-end: var(--theme-site-secondary);\n' +
    '\n' +
    '  --status-success: var(--color-green);\n' +
    '  --status-warning: var(--color-peach);\n' +
    '  --status-error: var(--color-red);\n' +
    '  --status-neutral: var(--color-overlay-0);\n' +
    '  --color-backdrop-scrim: rgb(17 17 27 / 0.72);\n' +
    '\n' +
    '  --border-width-hairline: 1px;\n' +
    '  --border-width-strong: 2px;\n' +
    '  --border-width-drop-target: 3px;\n' +
    '  --border-width-category: 4px;\n' +
    '\n' +
    '  --theme-radius-sm: 3px;\n' +
    '  --radius-control: 0px;\n' +
    '  --radius-surface: 0px;\n' +
    '  --radius-badge: 2px;\n' +
    '  --radius-dialog: 0px;\n' +
    '  --card-radius: var(--radius-surface);\n' +
    '\n' +
    '  --shadow-none: none;\n' +
    '  --shadow-card: none;\n' +
    '  --shadow-dialog: none;\n' +
    '  --shadow-toast: none;\n' +
    '  --sidebar-icon-stroke-width: 1.5;\n' +
    '  --inline-icon-stroke-width: 1.7;\n' +
    '  --category-preview-icon-size: 18px;\n' +
    '  --category-preview-icon-stroke-width: 1.5;\n' +
    '\n' +
    '  --z-shell: 1;\n' +
    '  --z-toast: 20;\n' +
    '  --z-dialog-backdrop: 30;\n' +
    '  --z-dialog: 31;\n' +
    '  --z-drag-ghost: 50;\n' +
    '  --z-dialog-overlay: 60;\n' +
    '\n' +
    '  --sidebar-width: 200px;\n' +
    '  --status-height: 32px;\n' +
    '  --context-height: 48px;\n' +
    '  --logo-height: 56px;\n' +
    '  --nav-row-height: 42px;\n' +
    '  --site-theme-height: 52px;\n' +
    '  --page-padding-x: 12px;\n' +
    '  --page-padding-y: 8px;\n' +
    '  --card-grid-gap: 6px;\n' +
    '  --card-inner-padding-x: 10px;\n' +
    '  --card-inner-padding-y: 8px;\n' +
    '  --card-row-gap: 3px;\n' +
    '  --input-height: 24px;\n' +
    '  --toggle-width: 38px;\n' +
    '  --toggle-height: 16px;\n' +
    '  --button-height: 24px;\n' +
    '  --button-padding-x: 8px;\n' +
    '  --button-padding-y: 4px;\n' +
    '  --shell-sidebar-padding-x: 12px;\n' +
    '  --shell-logo-gap: 8px;\n' +
    '  --shell-logo-letter-spacing: 0.08em;\n' +
    '  --shell-logo-wordmark-spacing: -0.65px;\n' +
    '  --shell-nav-gap: 1px;\n' +
    '  --shell-nav-item-gap: 9px;\n' +
    '  --shell-nav-item-padding-right: 10px;\n' +
    '  --shell-nav-icon-width: 20px;\n' +
    '  --field-inline-label-width: 42px;\n' +
    '  --theme-color-label-width: 62px;\n' +
    '  --content-main-tab-height: var(--nav-row-height);\n' +
    '  --content-subtab-height: var(--button-height);\n' +
    '  --content-toolbar-gap: var(--card-grid-gap);\n' +
    '  --content-pool-width: 650px;\n' +
    '  --content-panel-gap: var(--card-grid-gap);\n' +
    '  --content-grid-gap: var(--card-grid-gap);\n' +
    '  --content-slot-padding: 6px;\n' +
    '  --content-pool-row-height: 24px;\n' +
    '  --content-pill-height: 22px;\n' +
    '  --content-input-width: 192px;\n' +
    '  --content-pool-type-col-width: 64px;\n' +
    '  --toggle-height-sm: 14px;\n' +
    '  --button-padding-x-sm: 6px;\n' +
    '  --gap-tight: 4px;\n' +
    '  --spacing-section-break: 7px;\n' +
    '  --color-picker-height: 32px;\n' +
    '  --hub-category-sidebar-width: 170px;\n' +
    '  --hub-slot-height: 84px;\n' +
    '  --hub-pool-height: 288px;\n' +
    '}\n' +
    '\n' +
    'html[data-theme="arcade-neon"] {\n' +
    '  --font-ui: "Orbitron", "Segoe UI", system-ui, sans-serif;\n' +
    '  --logo-font1: "Orbitron", sans-serif;\n' +
    '  --font-mono: "Share Tech Mono", "Consolas", "Cascadia Mono", monospace;\n' +
    '  --font-weight-regular: 500;\n' +
    '  --font-weight-medium: 700;\n' +
    '  --font-weight-semibold: 700;\n' +
    '  --font-weight-bold: 800;\n' +
    '\n' +
    '  --color-base: #02030a;\n' +
    '  --color-mantle: #050814;\n' +
    '  --color-crust: #070b1f;\n' +
    '  --color-surface-0: #0d1330;\n' +
    '  --color-surface-1: #18204a;\n' +
    '  --color-surface-2: #27326b;\n' +
    '  --color-overlay-0: #83a4ff;\n' +
    '  --color-overlay-1: #9ab6ff;\n' +
    '  --color-text: #e4eeff;\n' +
    '  --color-subtext-1: #d1e0ff;\n' +
    '  --color-subtext-0: #b8cdff;\n' +
    '  --color-white: #ffffff;\n' +
    '  --color-blue: #64d3ff;\n' +
    '  --color-sapphire: #4fffcf;\n' +
    '  --color-green: #5dff93;\n' +
    '  --color-peach: #ffb25f;\n' +
    '  --color-red: #ff5f94;\n' +
    '  --color-mauve: #cf7dff;\n' +
    '  --color-teal: #5ef8ff;\n' +
    '  --color-yellow: #ffd764;\n' +
    '  --color-drop: #050a23;\n' +
    '  --color-card-border: #2b3c85;\n' +
    '\n' +
    '  --theme-site-primary: var(--color-teal);\n' +
    '  --theme-site-secondary: var(--color-mauve);\n' +
    '  --theme-site-primary-hover: #7bffdf;\n' +
    '  --theme-site-primary-dark: #0d1b4f;\n' +
    '  --theme-site-gradient-start: var(--theme-site-primary);\n' +
    '  --theme-site-gradient-end: var(--theme-site-secondary);\n' +
    '\n' +
    '  --status-success: var(--color-green);\n' +
    '  --status-warning: var(--color-yellow);\n' +
    '  --status-error: var(--color-red);\n' +
    '  --status-neutral: var(--color-overlay-0);\n' +
    '  --color-backdrop-scrim: rgb(4 8 26 / 0.78);\n' +
    '\n' +
    '  --border-width-hairline: 1px;\n' +
    '  --border-width-strong: 2px;\n' +
    '  --border-width-drop-target: 3px;\n' +
    '  --border-width-category: 4px;\n' +
    '\n' +
    '  --theme-radius-sm: 3px;\n' +
    '  --radius-control: 4px;\n' +
    '  --radius-surface: 6px;\n' +
    '  --radius-badge: 3px;\n' +
    '  --radius-dialog: 8px;\n' +
    '  --card-radius: var(--radius-surface);\n' +
    '\n' +
    '  --shadow-none: none;\n' +
    '  --shadow-card:\n' +
    '    0 0 0 1px rgb(94 248 255 / 0.35),\n' +
    '    0 0 18px rgb(94 248 255 / 0.16);\n' +
    '  --shadow-dialog:\n' +
    '    0 0 0 1px rgb(207 125 255 / 0.35),\n' +
    '    0 0 28px rgb(94 248 255 / 0.14);\n' +
    '  --shadow-toast:\n' +
    '    0 0 0 1px rgb(94 248 255 / 0.24),\n' +
    '    0 0 24px rgb(94 248 255 / 0.18);\n' +
    '  --shell-logo-wordmark-spacing: -0.65px;\n' +
    '  --sidebar-icon-stroke-width: 1.8;\n' +
    '  --inline-icon-stroke-width: 1.9;\n' +
    '  --category-preview-icon-size: 18px;\n' +
    '  --category-preview-icon-stroke-width: 1.8;\n' +
    '}\n' +
    '\n' +
    '* {\n' +
    '  box-sizing: border-box;\n' +
    '  scrollbar-width: thin;\n' +
    '  scrollbar-color: var(--color-surface-2) transparent;\n' +
    '}\n' +
    '\n' +
    '::-webkit-scrollbar {\n' +
    '  width: 6px;\n' +
    '  height: 6px;\n' +
    '}\n' +
    '\n' +
    '::-webkit-scrollbar-track {\n' +
    '  background: transparent;\n' +
    '}\n' +
    '\n' +
    '::-webkit-scrollbar-thumb {\n' +
    '  background: var(--color-surface-2);\n' +
    '  border-radius: var(--theme-radius-sm);\n' +
    '}\n' +
    '\n' +
    '::-webkit-scrollbar-thumb:hover {\n' +
    '  background: var(--color-overlay-0);\n' +
    '}\n' +
    '\n' +
    '::-webkit-scrollbar-corner {\n' +
    '  background: transparent;\n' +
    '}\n' +
    '\n' +
    'html,\n' +
    'body,\n' +
    '#root {\n' +
    '  height: 100%;\n' +
    '}\n' +
    '\n' +
    'body {\n' +
    '  margin: 0;\n' +
    '  overflow: hidden;\n' +
    '  background: var(--color-mantle);\n' +
    '  color: var(--color-text);\n' +
    '  font-family: var(--font-ui);\n' +
    '  font-size: var(--font-size-body);\n' +
    '  font-weight: var(--font-weight-regular);\n' +
    '  line-height: var(--line-height-body);\n' +
    '  text-rendering: optimizeLegibility;\n' +
    '}\n' +
    '\n' +
    'button,\n' +
    'input {\n' +
    '  font: inherit;\n' +
    '  line-height: var(--line-height-snug);\n' +
    '}\n' +
    '\n' +
    'h1,\n' +
    'h2,\n' +
    'h3,\n' +
    'p {\n' +
    '  margin: 0;\n' +
    '}\n' +
    '\n' +
    'h1 {\n' +
    '  font-size: var(--font-size-title);\n' +
    '  font-weight: var(--font-weight-bold);\n' +
    '  line-height: var(--line-height-title);\n' +
    '}\n' +
    '\n' +
    'h2,\n' +
    'h3 {\n' +
    '  font-size: var(--font-size-heading);\n' +
    '  font-weight: var(--font-weight-medium);\n' +
    '  line-height: var(--line-height-heading);\n' +
    '}\n' +
    '\n' +
    'button {\n' +
    '  appearance: none;\n' +
    '  cursor: pointer;\n' +
    '}\n' +
    '\n' +
    'input {\n' +
    '  appearance: none;\n' +
    '  border-radius: 0;\n' +
    '}\n' +
    '\n' +
    'input:focus-visible,\n' +
    'button:focus-visible {\n' +
    '  outline: var(--border-width-hairline) solid var(--color-blue);\n' +
    '  outline-offset: -1px;\n' +
    '}\n' +
    '\n' +
    '.app-shell {\n' +
    '  display: flex;\n' +
    '  flex-direction: column;\n' +
    '  height: 100%;\n' +
    '  background: var(--color-mantle);\n' +
    '}\n' +
    '\n' +
    '.app-shell__body {\n' +
    '  display: flex;\n' +
    '  flex: 1 1 auto;\n' +
    '  min-height: 0;\n' +
    '}\n' +
    '\n' +
    '.app-shell__sidebar {\n' +
    '  display: flex;\n' +
    '  flex-direction: column;\n' +
    '  width: var(--sidebar-width);\n' +
    '  min-width: var(--sidebar-width);\n' +
    '  background: var(--color-crust);\n' +
    '}\n' +
    '\n' +
    '.sidebar__logo {\n' +
    '  display: flex;\n' +
    '  align-items: center;\n' +
    '  min-height: var(--logo-height);\n' +
    '  padding-inline: var(--shell-sidebar-padding-x);\n' +
    '}\n' +
    '\n' +
    '.sidebar__logo-wordmark {\n' +
    '  display: flex;\n' +
    '  align-items: center;\n' +
    '  font-size: var(--font-size-shell-logo);\n' +
    '  font-family: var(--logo-font1);\n' +
    '  font-weight: var(--font-weight-bold);\n' +
    '  color: var(--color-text);\n' +
    '  letter-spacing: var(--shell-logo-wordmark-spacing);\n' +
    '  overflow: visible;\n' +
    '  border-radius: var(--radius-control);\n' +
    '  gap: 0.05em;\n' +
    '}\n' +
    '\n' +
    '.sidebar__logo-wordmark .navsitename1 {\n' +
    '  padding: 0.15em;\n' +
    '  background: linear-gradient(to right, var(--theme-site-gradient-start), var(--theme-site-gradient-end));\n' +
    '  color: var(--color-text);\n' +
    '  text-box-trim: trim-both;\n' +
    '  text-box-edge: cap alphabetic;\n' +
    '}\n' +
    '\n' +
    '.sidebar__logo-wordmark .navsitename2 {\n' +
    '  display: inline-block;\n' +
    '  margin-right: 0.75rem;\n' +
    '  line-height: 1.1em;\n' +
    '  height: auto;\n' +
    '  padding-bottom: 0.1em;\n' +
    '  overflow: visible;\n' +
    '  transform: translateY(0.05em);\n' +
    '}\n' +
    '\n' +
    '@supports not (text-box-trim: trim-both) {\n' +
    '\n' +
    '  .sidebar__logo-wordmark .navsitename1 {\n' +
    '    line-height: 0.85em;\n' +
    '    height: 0.85em;\n' +
    '  }\n' +
    '}\n' +
    '\n' +
    '.sidebar__rule {\n' +
    '  height: var(--border-width-hairline);\n' +
    '  background: var(--color-surface-1);\n' +
    '}\n' +
    '\n' +
    '.sidebar__nav {\n' +
    '  display: flex;\n' +
    '  flex: 1 1 auto;\n' +
    '  flex-direction: column;\n' +
    '  gap: var(--shell-nav-gap);\n' +
    '  padding: 6px 6px 0;\n' +
    '}\n' +
    '\n' +
    '.sidebar__nav-item {\n' +
    '  display: flex;\n' +
    '  align-items: center;\n' +
    '  height: var(--nav-row-height);\n' +
    '  gap: var(--shell-nav-item-gap);\n' +
    '  margin-inline: 0;\n' +
    ' '... 96292 more characters
  
      at TestContext.<anonymous> (C:\Users\Chris\Desktop\EG - Convert\EG - TSX\test\config-react-desktop-ui-contract.test.mjs:1004:12)
      at Test.runInAsyncScope (node:async_hooks:214:14)
      at Test.run (node:internal/test_runner/test:1103:25)
      at Suite.processPendingSubtests (node:internal/test_runner/test:785:18)
      at Test.postRun (node:internal/test_runner/test:1232:19)
      at Test.run (node:internal/test_runner/test:1160:12)
      at async Promise.all (index 0)
      at async Suite.run (node:internal/test_runner/test:1515:7)
      at async Test.processPendingSubtests (node:internal/test_runner/test:785:7) {
    generatedMessage: true,
    code: 'ERR_ASSERTION',
    actual: ':root,\nhtml[data-theme="legacy-clone"] {\n  --font-ui: "Segoe UI", system-ui, sans-serif;\n  --logo-font1: "Futura", sans-serif;\n  --font-mono: "Consolas", "Cascadia Mono", monospace;\n  --font-weight-regular: 400;\n  --font-weight-medium: 600;\n  --font-weight-semibold: 600;\n  --font-weight-bold: 700;\n\n  --font-size-title: 19px;\n  --font-size-subheading: 12px;\n  --font-size-heading: 15px;\n  --font-size-body: 12px;\n  --font-size-small: 11px;\n  --font-size-tiny: 10px;\n  --font-size-micro: 9px;\n  --font-size-icon: 12px;\n  --font-size-shell-logo: 25px;\n  --font-size-shell-logo-label: 13px;\n  --font-size-shell-nav-label: 14px;\n  --font-size-shell-nav-icon: 16px;\n  --font-size-section-label: 12px;\n  --font-size-form-label: 12px;\n  --font-size-meta-label: 10px;\n  --font-size-content-nav: 14px;\n  --font-size-sidebar-label: 13px;\n  --font-size-content-pill: 11px;\n  --font-size-content-pool-head: 13px;\n  --font-size-content-pool-row: 13px;\n  --line-height-title: 1.125;\n  --line-height-heading: 1.25;\n  --line-height-body: 1.333;\n  --line-height-dense: 1;\n  --line-height-snug: 1.2;\n  --line-height-relaxed: 1.5;\n  --line-height-badge: 16px;\n\n  --letter-spacing-tight: 0.02em;\n  --letter-spacing-normal: 0.03em;\n  --letter-spacing-wide: 0.04em;\n  --letter-spacing-wider: 0.05em;\n\n  --color-base: #11111b;\n  --color-mantle: #181825;\n  --color-crust: #0d0d12;\n  --color-surface-0: #1e1e2e;\n  --color-surface-1: #313244;\n  --color-surface-2: #45475a;\n  --color-overlay-0: #6c7086;\n  --color-overlay-1: #7f849c;\n  --color-text: #cdd6f4;\n  --color-subtext-1: #bac2de;\n  --color-subtext-0: #a6adc8;\n  --color-white: #ffffff;\n  --color-blue: #89b4fa;\n  --color-sapphire: #74c7ec;\n  --color-green: #a6e3a1;\n  --color-peach: #fab387;\n  --color-red: #f38ba8;\n  --color-mauve: #cba6f7;\n  --color-teal: #94e2d5;\n  --color-yellow: #f9e2af;\n  --color-drop: #2a2b3d;\n  --color-card-border: #252538;\n\n  --theme-site-primary: var(--color-blue);\n  --theme-site-secondary: var(--color-blue);\n  --theme-site-primary-hover: var(--color-sapphire);\n  --theme-site-primary-dark: var(--color-drop);\n  --theme-site-gradient-start: var(--theme-site-primary);\n  --theme-site-gradient-end: var(--theme-site-secondary);\n\n  --status-success: var(--color-green);\n  --status-warning: var(--color-peach);\n  --status-error: var(--color-red);\n  --status-neutral: var(--color-overlay-0);\n  --color-backdrop-scrim: rgb(17 17 27 / 0.72);\n\n  --border-width-hairline: 1px;\n  --border-width-strong: 2px;\n  --border-width-drop-target: 3px;\n  --border-width-category: 4px;\n\n  --theme-radius-sm: 3px;\n  --radius-control: 0px;\n  --radius-surface: 0px;\n  --radius-badge: 2px;\n  --radius-dialog: 0px;\n  --card-radius: var(--radius-surface);\n\n  --shadow-none: none;\n  --shadow-card: none;\n  --shadow-dialog: none;\n  --shadow-toast: none;\n  --sidebar-icon-stroke-width: 1.5;\n  --inline-icon-stroke-width: 1.7;\n  --category-preview-icon-size: 18px;\n  --category-preview-icon-stroke-width: 1.5;\n\n  --z-shell: 1;\n  --z-toast: 20;\n  --z-dialog-backdrop: 30;\n  --z-dialog: 31;\n  --z-drag-ghost: 50;\n  --z-dialog-overlay: 60;\n\n  --sidebar-width: 200px;\n  --status-height: 32px;\n  --context-height: 48px;\n  --logo-height: 56px;\n  --nav-row-height: 42px;\n  --site-theme-height: 52px;\n  --page-padding-x: 12px;\n  --page-padding-y: 8px;\n  --card-grid-gap: 6px;\n  --card-inner-padding-x: 10px;\n  --card-inner-padding-y: 8px;\n  --card-row-gap: 3px;\n  --input-height: 24px;\n  --toggle-width: 38px;\n  --toggle-height: 16px;\n  --button-height: 24px;\n  --button-padding-x: 8px;\n  --button-padding-y: 4px;\n  --shell-sidebar-padding-x: 12px;\n  --shell-logo-gap: 8px;\n  --shell-logo-letter-spacing: 0.08em;\n  --shell-logo-wordmark-spacing: -0.65px;\n  --shell-nav-gap: 1px;\n  --shell-nav-item-gap: 9px;\n  --shell-nav-item-padding-right: 10px;\n  --shell-nav-icon-width: 20px;\n  --field-inline-label-width: 42px;\n  --theme-color-label-width: 62px;\n  --content-main-tab-height: var(--nav-row-height);\n  --content-subtab-height: var(--button-height);\n  --content-toolbar-gap: var(--card-grid-gap);\n  --content-pool-width: 650px;\n  --content-panel-gap: var(--card-grid-gap);\n  --content-grid-gap: var(--card-grid-gap);\n  --content-slot-padding: 6px;\n  --content-pool-row-height: 24px;\n  --content-pill-height: 22px;\n  --content-input-width: 192px;\n  --content-pool-type-col-width: 64px;\n  --toggle-height-sm: 14px;\n  --button-padding-x-sm: 6px;\n  --gap-tight: 4px;\n  --spacing-section-break: 7px;\n  --color-picker-height: 32px;\n  --hub-category-sidebar-width: 170px;\n  --hub-slot-height: 84px;\n  --hub-pool-height: 288px;\n}\n\nhtml[data-theme="arcade-neon"] {\n  --font-ui: "Orbitron", "Segoe UI", system-ui, sans-serif;\n  --logo-font1: "Orbitron", sans-serif;\n  --font-mono: "Share Tech Mono", "Consolas", "Cascadia Mono", monospace;\n  --font-weight-regular: 500;\n  --font-weight-medium: 700;\n  --font-weight-semibold: 700;\n  --font-weight-bold: 800;\n\n  --color-base: #02030a;\n  --color-mantle: #050814;\n  --color-crust: #070b1f;\n  --color-surface-0: #0d1330;\n  --color-surface-1: #18204a;\n  --color-surface-2: #27326b;\n  --color-overlay-0: #83a4ff;\n  --color-overlay-1: #9ab6ff;\n  --color-text: #e4eeff;\n  --color-subtext-1: #d1e0ff;\n  --color-subtext-0: #b8cdff;\n  --color-white: #ffffff;\n  --color-blue: #64d3ff;\n  --color-sapphire: #4fffcf;\n  --color-green: #5dff93;\n  --color-peach: #ffb25f;\n  --color-red: #ff5f94;\n  --color-mauve: #cf7dff;\n  --color-teal: #5ef8ff;\n  --color-yellow: #ffd764;\n  --color-drop: #050a23;\n  --color-card-border: #2b3c85;\n\n  --theme-site-primary: var(--color-teal);\n  --theme-site-secondary: var(--color-mauve);\n  --theme-site-primary-hover: #7bffdf;\n  --theme-site-primary-dark: #0d1b4f;\n  --theme-site-gradient-start: var(--theme-site-primary);\n  --theme-site-gradient-end: var(--theme-site-secondary);\n\n  --status-success: var(--color-green);\n  --status-warning: var(--color-yellow);\n  --status-error: var(--color-red);\n  --status-neutral: var(--color-overlay-0);\n  --color-backdrop-scrim: rgb(4 8 26 / 0.78);\n\n  --border-width-hairline: 1px;\n  --border-width-strong: 2px;\n  --border-width-drop-target: 3px;\n  --border-width-category: 4px;\n\n  --theme-radius-sm: 3px;\n  --radius-control: 4px;\n  --radius-surface: 6px;\n  --radius-badge: 3px;\n  --radius-dialog: 8px;\n  --card-radius: var(--radius-surface);\n\n  --shadow-none: none;\n  --shadow-card:\n    0 0 0 1px rgb(94 248 255 / 0.35),\n    0 0 18px rgb(94 248 255 / 0.16);\n  --shadow-dialog:\n    0 0 0 1px rgb(207 125 255 / 0.35),\n    0 0 28px rgb(94 248 255 / 0.14);\n  --shadow-toast:\n    0 0 0 1px rgb(94 248 255 / 0.24),\n    0 0 24px rgb(94 248 255 / 0.18);\n  --shell-logo-wordmark-spacing: -0.65px;\n  --sidebar-icon-stroke-width: 1.8;\n  --inline-icon-stroke-width: 1.9;\n  --category-preview-icon-size: 18px;\n  --category-preview-icon-stroke-width: 1.8;\n}\n\n* {\n  box-sizing: border-box;\n  scrollbar-width: thin;\n  scrollbar-color: var(--color-surface-2) transparent;\n}\n\n::-webkit-scrollbar {\n  width: 6px;\n  height: 6px;\n}\n\n::-webkit-scrollbar-track {\n  background: transparent;\n}\n\n::-webkit-scrollbar-thumb {\n  background: var(--color-surface-2);\n  border-radius: var(--theme-radius-sm);\n}\n\n::-webkit-scrollbar-thumb:hover {\n  background: var(--color-overlay-0);\n}\n\n::-webkit-scrollbar-corner {\n  background: transparent;\n}\n\nhtml,\nbody,\n#root {\n  height: 100%;\n}\n\nbody {\n  margin: 0;\n  overflow: hidden;\n  background: var(--color-mantle);\n  color: var(--color-text);\n  font-family: var(--font-ui);\n  font-size: var(--font-size-body);\n  font-weight: var(--font-weight-regular);\n  line-height: var(--line-height-body);\n  text-rendering: optimizeLegibility;\n}\n\nbutton,\ninput {\n  font: inherit;\n  line-height: var(--line-height-snug);\n}\n\nh1,\nh2,\nh3,\np {\n  margin: 0;\n}\n\nh1 {\n  font-size: var(--font-size-title);\n  font-weight: var(--font-weight-bold);\n  line-height: var(--line-height-title);\n}\n\nh2,\nh3 {\n  font-size: var(--font-size-heading);\n  font-weight: var(--font-weight-medium);\n  line-height: var(--line-height-heading);\n}\n\nbutton {\n  appearance: none;\n  cursor: pointer;\n}\n\ninput {\n  appearance: none;\n  border-radius: 0;\n}\n\ninput:focus-visible,\nbutton:focus-visible {\n  outline: var(--border-width-hairline) solid var(--color-blue);\n  outline-offset: -1px;\n}\n\n.app-shell {\n  display: flex;\n  flex-direction: column;\n  height: 100%;\n  background: var(--color-mantle);\n}\n\n.app-shell__body {\n  display: flex;\n  flex: 1 1 auto;\n  min-height: 0;\n}\n\n.app-shell__sidebar {\n  display: flex;\n  flex-direction: column;\n  width: var(--sidebar-width);\n  min-width: var(--sidebar-width);\n  background: var(--color-crust);\n}\n\n.sidebar__logo {\n  display: flex;\n  align-items: center;\n  min-height: var(--logo-height);\n  padding-inline: var(--shell-sidebar-padding-x);\n}\n\n.sidebar__logo-wordmark {\n  display: flex;\n  align-items: center;\n  font-size: var(--font-size-shell-logo);\n  font-family: var(--logo-font1);\n  font-weight: var(--font-weight-bold);\n  color: var(--color-text);\n  letter-spacing: var(--shell-logo-wordmark-spacing);\n  overflow: visible;\n  border-radius: var(--radius-control);\n  gap: 0.05em;\n}\n\n.sidebar__logo-wordmark .navsitename1 {\n  padding: 0.15em;\n  background: linear-gradient(to right, var(--theme-site-gradient-start), var(--theme-site-gradient-end));\n  color: var(--color-text);\n  text-box-trim: trim-both;\n  text-box-edge: cap alphabetic;\n}\n\n.sidebar__logo-wordmark .navsitename2 {\n  display: inline-block;\n  margin-right: 0.75rem;\n  line-height: 1.1em;\n  height: auto;\n  padding-bottom: 0.1em;\n  overflow: visible;\n  transform: translateY(0.05em);\n}\n\n@supports not (text-box-trim: trim-both) {\n\n  .sidebar__logo-wordmark .navsitename1 {\n    line-height: 0.85em;\n    height: 0.85em;\n  }\n}\n\n.sidebar__rule {\n  height: var(--border-width-hairline);\n  background: var(--color-surface-1);\n}\n\n.sidebar__nav {\n  display: flex;\n  flex: 1 1 auto;\n  flex-direction: column;\n  gap: var(--shell-nav-gap);\n  padding: 6px 6px 0;\n}\n\n.sidebar__nav-item {\n  display: flex;\n  align-items: center;\n  height: var(--nav-row-height);\n  gap: var(--shell-nav-item-gap);\n  margin-inline: 0;\n '... 96292 more characters,
    expected: /\.sidebar__logo-wordmark\s*\{\s*display:\s*flex;\s*align-items:\s*center;\s*font-size:\s*var\(--font-size-shell-logo\);\s*font-family:\s*var\(--logo-font1\);\s*font-weight:\s*var\(--font-weight-bold\);\s*color:\s*var\(--color-text\);\s*letter-spacing:\s*-0\.65px;\s*overflow:\s*visible;\s*border-radius:\s*(?:2px|var\(--radius-control\));\s*gap:\s*0\.05em;\s*\}/s,
    operator: 'match',
    diff: 'simple'
  }

test at test\photoshop-output-naming.test.mjs:17:1
✖ professional output names are defined for all core brand/logo presets (1.7227ms)
  AssertionError [ERR_ASSERTION]: Expected preset block for logo_color
      at presetBlock (file:///C:/Users/Chris/Desktop/EG%20-%20Convert/EG%20-%20TSX/test/photoshop-output-naming.test.mjs:13:10)
      at TestContext.<anonymous> (file:///C:/Users/Chris/Desktop/EG%20-%20Convert/EG%20-%20TSX/test/photoshop-output-naming.test.mjs:32:19)
      at Test.runInAsyncScope (node:async_hooks:214:14)
      at Test.run (node:internal/test_runner/test:1103:25)
      at Test.start (node:internal/test_runner/test:1000:17)
      at startSubtestAfterBootstrap (node:internal/test_runner/harness:358:17) {
    generatedMessage: false,
    code: 'ERR_ASSERTION',
    actual: null,
    expected: true,
    operator: '==',
    diff: 'simple'
  }

test at test\photoshop-png-presets.test.mjs:17:1
✖ logo_text_black_vertical uses vertical rotation contract (1.4202ms)
  AssertionError [ERR_ASSERTION]: Expected preset block for logo_text_black_vertical
      at presetBlock (file:///C:/Users/Chris/Desktop/EG%20-%20Convert/EG%20-%20TSX/test/photoshop-png-presets.test.mjs:13:10)
      at TestContext.<anonymous> (file:///C:/Users/Chris/Desktop/EG%20-%20Convert/EG%20-%20TSX/test/photoshop-png-presets.test.mjs:18:17)
      at Test.runInAsyncScope (node:async_hooks:214:14)
      at Test.run (node:internal/test_runner/test:1103:25)
      at Test.start (node:internal/test_runner/test:1000:17)
      at startSubtestAfterBootstrap (node:internal/test_runner/harness:358:17) {
    generatedMessage: false,
    code: 'ERR_ASSERTION',
    actual: null,
    expected: true,
    operator: '==',
    diff: 'simple'
  }

test at test\product-helpers.test.mjs:6:3
✖ standard slug: razer viper v3 pro (0.8581ms)
  Error: Product URL category mismatch: expected "mouse", received "products".
      at productUrlFromImagePath (C:\Users\Chris\Desktop\EG - Convert\EG - TSX\src\core\seo\url-contract.ts:36:13)
      at productUrl (C:\Users\Chris\Desktop\EG - Convert\EG - TSX\src\core\product-helpers.ts:22:10)
      at TestContext.<anonymous> (file:///C:/Users/Chris/Desktop/EG%20-%20Convert/EG%20-%20TSX/test/product-helpers.test.mjs:8:7)
      at Test.runInAsyncScope (node:async_hooks:214:14)
      at Test.run (node:internal/test_runner/test:1103:25)
      at Test.start (node:internal/test_runner/test:1000:17)
      at node:internal/test_runner/test:1513:71
      at node:internal/per_context/primordials:466:82
      at new Promise (<anonymous>)
      at new SafePromise (node:internal/per_context/primordials:435:3)

test at test\product-helpers.test.mjs:17:3
✖ multi-word brand: mad-catz rat-pro-x3 (0.2104ms)
  Error: Product URL category mismatch: expected "mouse", received "products".
      at productUrlFromImagePath (C:\Users\Chris\Desktop\EG - Convert\EG - TSX\src\core\seo\url-contract.ts:36:13)
      at productUrl (C:\Users\Chris\Desktop\EG - Convert\EG - TSX\src\core\product-helpers.ts:22:10)
      at TestContext.<anonymous> (file:///C:/Users/Chris/Desktop/EG%20-%20Convert/EG%20-%20TSX/test/product-helpers.test.mjs:19:7)
      at Test.runInAsyncScope (node:async_hooks:214:14)
      at Test.run (node:internal/test_runner/test:1103:25)
      at Suite.processPendingSubtests (node:internal/test_runner/test:785:18)
      at Test.postRun (node:internal/test_runner/test:1232:19)
      at Test.run (node:internal/test_runner/test:1160:12)
      at async Promise.all (index 0)
      at async Suite.run (node:internal/test_runner/test:1515:7)

test at test\product-helpers.test.mjs:28:3
✖ keyboard category (0.1239ms)
  Error: Product URL category mismatch: expected "keyboard", received "products".
      at productUrlFromImagePath (C:\Users\Chris\Desktop\EG - Convert\EG - TSX\src\core\seo\url-contract.ts:36:13)
      at productUrl (C:\Users\Chris\Desktop\EG - Convert\EG - TSX\src\core\product-helpers.ts:22:10)
      at TestContext.<anonymous> (file:///C:/Users/Chris/Desktop/EG%20-%20Convert/EG%20-%20TSX/test/product-helpers.test.mjs:30:7)
      at Test.runInAsyncScope (node:async_hooks:214:14)
      at Test.run (node:internal/test_runner/test:1103:25)
      at Suite.processPendingSubtests (node:internal/test_runner/test:785:18)
      at Test.postRun (node:internal/test_runner/test:1232:19)
      at Test.run (node:internal/test_runner/test:1160:12)
      at async Suite.processPendingSubtests (node:internal/test_runner/test:785:7)

test at test\product-helpers.test.mjs:39:3
✖ monitor category (0.9161ms)
  Error: Product URL category mismatch: expected "monitor", received "products".
      at productUrlFromImagePath (C:\Users\Chris\Desktop\EG - Convert\EG - TSX\src\core\seo\url-contract.ts:36:13)
      at productUrl (C:\Users\Chris\Desktop\EG - Convert\EG - TSX\src\core\product-helpers.ts:22:10)
      at TestContext.<anonymous> (file:///C:/Users/Chris/Desktop/EG%20-%20Convert/EG%20-%20TSX/test/product-helpers.test.mjs:41:7)
      at Test.runInAsyncScope (node:async_hooks:214:14)
      at Test.run (node:internal/test_runner/test:1103:25)
      at Suite.processPendingSubtests (node:internal/test_runner/test:785:18)
      at Test.postRun (node:internal/test_runner/test:1232:19)
      at Test.run (node:internal/test_runner/test:1160:12)
      at async Suite.processPendingSubtests (node:internal/test_runner/test:785:7)

test at test\product-helpers.test.mjs:50:3
✖ falls back to slug when imagePath has fewer than 5 segments (0.9652ms)
  AssertionError [ERR_ASSERTION]: Expected values to be strictly equal:
  + actual - expected
  
  + '/hubs/mouse/products/mouse'
  - '/hubs/mouse//some-product'
                 ^
  
      at TestContext.<anonymous> (file:///C:/Users/Chris/Desktop/EG%20-%20Convert/EG%20-%20TSX/test/product-helpers.test.mjs:51:12)
      at Test.runInAsyncScope (node:async_hooks:214:14)
      at Test.run (node:internal/test_runner/test:1103:25)
      at Suite.processPendingSubtests (node:internal/test_runner/test:785:18)
      at Test.postRun (node:internal/test_runner/test:1232:19)
      at Test.run (node:internal/test_runner/test:1160:12)
      at async Suite.processPendingSubtests (node:internal/test_runner/test:785:7) {
    generatedMessage: true,
    code: 'ERR_ASSERTION',
    actual: '/hubs/mouse/products/mouse',
    expected: '/hubs/mouse//some-product',
    operator: 'strictEqual',
    diff: 'simple'
  }

test at test\site-domain-contract.test.mjs:36:3
✖ keeps the default site description evergreen instead of hardcoding catalog counts (4.7805ms)
  AssertionError [ERR_ASSERTION]: The input did not match the regular expression /deep specs/i. Input:
  
  'Compare gaming mice, keyboards, and monitors with verified specs, in-depth reviews, and expert guides. Independent hardware analysis.'
  
      at TestContext.<anonymous> (C:\Users\Chris\Desktop\EG - Convert\EG - TSX\test\site-domain-contract.test.mjs:40:12)
      at async Test.run (node:internal/test_runner/test:1110:7)
      at async Suite.processPendingSubtests (node:internal/test_runner/test:785:7) {
    generatedMessage: true,
    code: 'ERR_ASSERTION',
    actual: 'Compare gaming mice, keyboards, and monitors with verified specs, in-depth reviews, and expert guides. Independent hardware analysis.',
    expected: /deep specs/i,
    operator: 'match',
    diff: 'simple'
  }
